fsl_clock.h:884:20:CLOCK_SetMux	24	static
fsl_clock.h:921:20:CLOCK_SetDiv	24	static
fsl_clock.h:957:20:CLOCK_ControlGate	32	static
fsl_clock.h:984:20:CLOCK_DisableClock	16	static
fsl_clock.h:1116:20:CLOCK_SetXtalFreq	16	static
fsl_clock.h:1126:20:CLOCK_SetRtcXtalFreq	16	static
fsl_clock.h:1170:20:CLOCK_SetPllBypass	24	static
fsl_iomuxc.h:913:20:IOMUXC_EnableMode	24	static
fsl_iomuxc.h:936:20:IOMUXC_SetSaiMClkClockSource	24	static
fsl_iomuxc.h:996:20:IOMUXC_MQSConfig	24	static
clock_config.c:48:6:BOARD_InitBootClocks	8	static
clock_config.c:162:6:BOARD_BootClockRUN	8	static
