main.c:79:5:main	8	static
main.c:109:13:determineMode_task	48	static
main.c:207:13:idleMode_task	16	static
main.c:222:13:safeMode_task	16	static
main.c:237:13:normalMode_task	16	static
main.c:251:13:checkSEN_task	32	static
main.c:272:13:checkIMG_task	32	static
main.c:292:13:checkGNC_task	32	static
main.c:313:13:checkCOM_task	32	static
main.c:334:13:checkEPS_task	32	static
main.c:353:13:checkOBC_task	32	static
main.c:375:13:debugGNC_task	16	static
main.c:397:13:debugCOM_task	16	static
main.c:410:13:debugEPS_task	16	static
main.c:423:13:debugOBC_task	16	static
main.c:436:13:debugSEN_task	16	static
main.c:449:13:debugIMG_task	16	static
