Archive member included to satisfy reference by file (symbol)

/Applications/MCUXpressoIDE_11.0.0_2516/ide/plugins/com.nxp.mcuxpresso.tools.macosx_11.0.0.201905131304/tools/bin/../lib/gcc/arm-none-eabi/8.2.1/../../../../arm-none-eabi/lib/thumb/v7e-m+dp/hard/libcr_nohost_nf.a(_cr__main.o)
                              ./startup/startup_mimxrt1052.o (__main)
/Applications/MCUXpressoIDE_11.0.0_2516/ide/plugins/com.nxp.mcuxpresso.tools.macosx_11.0.0.201905131304/tools/bin/../lib/gcc/arm-none-eabi/8.2.1/../../../../arm-none-eabi/lib/thumb/v7e-m+dp/hard/libcr_nohost_nf.a(_cr_assert.o)
                              ./utilities/fsl_debug_console.o (__assertion_failed)
/Applications/MCUXpressoIDE_11.0.0_2516/ide/plugins/com.nxp.mcuxpresso.tools.macosx_11.0.0.201905131304/tools/bin/../lib/gcc/arm-none-eabi/8.2.1/../../../../arm-none-eabi/lib/thumb/v7e-m+dp/hard/libcr_nohost_nf.a(__ciob.o)
                              /Applications/MCUXpressoIDE_11.0.0_2516/ide/plugins/com.nxp.mcuxpresso.tools.macosx_11.0.0.201905131304/tools/bin/../lib/gcc/arm-none-eabi/8.2.1/../../../../arm-none-eabi/lib/thumb/v7e-m+dp/hard/libcr_nohost_nf.a(_cr_assert.o) (__Ciob)
/Applications/MCUXpressoIDE_11.0.0_2516/ide/plugins/com.nxp.mcuxpresso.tools.macosx_11.0.0.201905131304/tools/bin/../lib/gcc/arm-none-eabi/8.2.1/../../../../arm-none-eabi/lib/thumb/v7e-m+dp/hard/libcr_nohost_nf.a(__sys_appexit.o)
                              /Applications/MCUXpressoIDE_11.0.0_2516/ide/plugins/com.nxp.mcuxpresso.tools.macosx_11.0.0.201905131304/tools/bin/../lib/gcc/arm-none-eabi/8.2.1/../../../../arm-none-eabi/lib/thumb/v7e-m+dp/hard/libcr_nohost_nf.a(_cr_assert.o) (__sys_appexit)
/Applications/MCUXpressoIDE_11.0.0_2516/ide/plugins/com.nxp.mcuxpresso.tools.macosx_11.0.0.201905131304/tools/bin/../lib/gcc/arm-none-eabi/8.2.1/../../../../arm-none-eabi/lib/thumb/v7e-m+dp/hard/libcr_c.a(memcpy.o)
                              ./amazon-freertos/FreeRTOS/queue.o (memcpy)
/Applications/MCUXpressoIDE_11.0.0_2516/ide/plugins/com.nxp.mcuxpresso.tools.macosx_11.0.0.201905131304/tools/bin/../lib/gcc/arm-none-eabi/8.2.1/../../../../arm-none-eabi/lib/thumb/v7e-m+dp/hard/libcr_c.a(memset.o)
                              ./utilities/fsl_debug_console.o (memset)
/Applications/MCUXpressoIDE_11.0.0_2516/ide/plugins/com.nxp.mcuxpresso.tools.macosx_11.0.0.201905131304/tools/bin/../lib/gcc/arm-none-eabi/8.2.1/../../../../arm-none-eabi/lib/thumb/v7e-m+dp/hard/libcr_c.a(_deferredlazyseek.o)
                              /Applications/MCUXpressoIDE_11.0.0_2516/ide/plugins/com.nxp.mcuxpresso.tools.macosx_11.0.0.201905131304/tools/bin/../lib/gcc/arm-none-eabi/8.2.1/../../../../arm-none-eabi/lib/thumb/v7e-m+dp/hard/libcr_nohost_nf.a(_cr_assert.o) (__flsbuf)
/Applications/MCUXpressoIDE_11.0.0_2516/ide/plugins/com.nxp.mcuxpresso.tools.macosx_11.0.0.201905131304/tools/bin/../lib/gcc/arm-none-eabi/8.2.1/../../../../arm-none-eabi/lib/thumb/v7e-m+dp/hard/libcr_c.a(_fflush.o)
                              /Applications/MCUXpressoIDE_11.0.0_2516/ide/plugins/com.nxp.mcuxpresso.tools.macosx_11.0.0.201905131304/tools/bin/../lib/gcc/arm-none-eabi/8.2.1/../../../../arm-none-eabi/lib/thumb/v7e-m+dp/hard/libcr_c.a(_deferredlazyseek.o) (_fflush)
/Applications/MCUXpressoIDE_11.0.0_2516/ide/plugins/com.nxp.mcuxpresso.tools.macosx_11.0.0.201905131304/tools/bin/../lib/gcc/arm-none-eabi/8.2.1/../../../../arm-none-eabi/lib/thumb/v7e-m+dp/hard/libcr_c.a(_writebuf.o)
                              /Applications/MCUXpressoIDE_11.0.0_2516/ide/plugins/com.nxp.mcuxpresso.tools.macosx_11.0.0.201905131304/tools/bin/../lib/gcc/arm-none-eabi/8.2.1/../../../../arm-none-eabi/lib/thumb/v7e-m+dp/hard/libcr_c.a(_deferredlazyseek.o) (_Cwritebuf)
/Applications/MCUXpressoIDE_11.0.0_2516/ide/plugins/com.nxp.mcuxpresso.tools.macosx_11.0.0.201905131304/tools/bin/../lib/gcc/arm-none-eabi/8.2.1/../../../../arm-none-eabi/lib/thumb/v7e-m+dp/hard/libcr_c.a(alloc.o)
                              ./drivers/fsl_common.o (malloc)
/Applications/MCUXpressoIDE_11.0.0_2516/ide/plugins/com.nxp.mcuxpresso.tools.macosx_11.0.0.201905131304/tools/bin/../lib/gcc/arm-none-eabi/8.2.1/../../../../arm-none-eabi/lib/thumb/v7e-m+dp/hard/libcr_c.a(fputs.o)
                              /Applications/MCUXpressoIDE_11.0.0_2516/ide/plugins/com.nxp.mcuxpresso.tools.macosx_11.0.0.201905131304/tools/bin/../lib/gcc/arm-none-eabi/8.2.1/../../../../arm-none-eabi/lib/thumb/v7e-m+dp/hard/libcr_nohost_nf.a(_cr_assert.o) (fputs)
/Applications/MCUXpressoIDE_11.0.0_2516/ide/plugins/com.nxp.mcuxpresso.tools.macosx_11.0.0.201905131304/tools/bin/../lib/gcc/arm-none-eabi/8.2.1/../../../../arm-none-eabi/lib/thumb/v7e-m+dp/hard/libcr_c.a(fseek.o)
                              /Applications/MCUXpressoIDE_11.0.0_2516/ide/plugins/com.nxp.mcuxpresso.tools.macosx_11.0.0.201905131304/tools/bin/../lib/gcc/arm-none-eabi/8.2.1/../../../../arm-none-eabi/lib/thumb/v7e-m+dp/hard/libcr_c.a(_deferredlazyseek.o) (fseek)
[...]
Memory Configuration

Name             Origin             Length             Attributes
BOARD_FLASH      0x0000000060000000 0x0000000004000000 xr
SRAM_DTC         0x0000000020000000 0x0000000000020000 xrw
SRAM_ITC         0x0000000000000000 0x0000000000020000 xrw
SRAM_OC          0x0000000020200000 0x0000000000040000 xrw
BOARD_SDRAM      0x0000000080000000 0x0000000002000000 xrw
*default*        0x0000000000000000 0xffffffffffffffff

Linker script and memory map

LOAD ./xip/evkbimxrt1050_flexspi_nor_config.o
LOAD ./xip/evkbimxrt1050_sdram_ini_dcd.o
LOAD ./xip/fsl_flexspi_nor_boot.o
LOAD ./utilities/fsl_assert.o
LOAD ./utilities/fsl_debug_console.o
LOAD ./utilities/fsl_str.o
LOAD ./startup/startup_mimxrt1052.o
LOAD ./source/main.o
LOAD ./source/semihost_hardfault.o
LOAD ./drivers/fsl_clock.o
LOAD ./drivers/fsl_common.o
LOAD ./drivers/fsl_gpio.o
LOAD ./drivers/fsl_lpuart.o
LOAD ./device/system_MIMXRT1052.o
LOAD ./component/uart/lpuart_adapter.o
LOAD ./component/serial_manager/serial_manager.o
LOAD ./component/serial_manager/serial_port_uart.o
LOAD ./component/lists/generic_list.o
LOAD ./board/board.o
LOAD ./board/clock_config.o
LOAD ./board/pin_mux.o
LOAD ./amazon-freertos/FreeRTOS/portable/fsl_tickless_systick.o
LOAD ./amazon-freertos/FreeRTOS/portable/heap_4.o
LOAD ./amazon-freertos/FreeRTOS/portable/port.o
LOAD ./amazon-freertos/FreeRTOS/event_groups.o
LOAD ./amazon-freertos/FreeRTOS/list.o
LOAD ./amazon-freertos/FreeRTOS/queue.o
LOAD ./amazon-freertos/FreeRTOS/stream_buffer.o
LOAD ./amazon-freertos/FreeRTOS/tasks.o
LOAD ./amazon-freertos/FreeRTOS/timers.o
START GROUP
LOAD /Applications/MCUXpressoIDE_11.0.0_2516/ide/plugins/com.nxp.mcuxpresso.tools.macosx_11.0.0.201905131304/tools/bin/../lib/gcc/arm-none-eabi/8.2.1/../../../../arm-none-eabi/lib/thumb/v7e-m+dp/hard/libcr_nohost_nf.a
LOAD /Applications/MCUXpressoIDE_11.0.0_2516/ide/plugins/com.nxp.mcuxpresso.tools.macosx_11.0.0.201905131304/tools/bin/../lib/gcc/arm-none-eabi/8.2.1/../../../../arm-none-eabi/lib/thumb/v7e-m+dp/hard/libcr_c.a
LOAD /Applications/MCUXpressoIDE_11.0.0_2516/ide/plugins/com.nxp.mcuxpresso.tools.macosx_11.0.0.201905131304/tools/bin/../lib/gcc/arm-none-eabi/8.2.1/thumb/v7e-m+dp/hard/libcr_eabihelpers.a
LOAD /Applications/MCUXpressoIDE_11.0.0_2516/ide/plugins/com.nxp.mcuxpresso.tools.macosx_11.0.0.201905131304/tools/bin/../lib/gcc/arm-none-eabi/8.2.1/thumb/v7e-m+dp/hard/libgcc.a
END GROUP
                0x0000000060000000                __base_BOARD_FLASH = 0x60000000
                0x0000000060000000                __base_Flash = 0x60000000
                0x0000000064000000                __top_BOARD_FLASH = 0x64000000
                0x0000000064000000                __top_Flash = 0x64000000
                0x0000000020000000                __base_SRAM_DTC = 0x20000000
                0x0000000020000000                __base_RAM = 0x20000000
                0x0000000020020000                __top_SRAM_DTC = 0x20020000
                0x0000000020020000                __top_RAM = 0x20020000
                0x0000000000000000                __base_SRAM_ITC = 0x0
                0x0000000000000000                __base_RAM2 = 0x0
                0x0000000000020000                __top_SRAM_ITC = 0x20000
                0x0000000000020000                __top_RAM2 = 0x20000
                0x0000000020200000                __base_SRAM_OC = 0x20200000
                0x0000000020200000                __base_RAM3 = 0x20200000
                0x0000000020240000                __top_SRAM_OC = 0x20240000
                0x0000000020240000                __top_RAM3 = 0x20240000
                0x0000000080000000                __base_BOARD_SDRAM = 0x80000000
                0x0000000080000000                __base_RAM4 = 0x80000000
                0x0000000082000000                __top_BOARD_SDRAM = 0x82000000
                0x0000000082000000                __top_RAM4 = 0x82000000

.boot_hdr       0x0000000060000000     0x2000
 FILL mask 0xff
                0x0000000060000000                __boot_hdr_start__ = ABSOLUTE (.)
 *(SORT_BY_ALIGNMENT(.boot_hdr.conf))
 .boot_hdr.conf
                0x0000000060000000      0x200 ./xip/evkbimxrt1050_flexspi_nor_config.o
                0x0000000060000000                hyperflash_config
                0x0000000000001000                . = 0x1000
 *fill*         0x0000000060000200      0xe00 ff
 *(SORT_BY_ALIGNMENT(.boot_hdr.ivt))
 .boot_hdr.ivt  0x0000000060001000       0x20 ./xip/fsl_flexspi_nor_boot.o
                0x0000000060001000                image_vector_table
                0x0000000000001020                . = 0x1020
 *(SORT_BY_ALIGNMENT(.boot_hdr.boot_data))
 .boot_hdr.boot_data
                0x0000000060001020       0x10 ./xip/fsl_flexspi_nor_boot.o
                0x0000000060001020                boot_data
                0x0000000000001030                . = 0x1030
 *(SORT_BY_ALIGNMENT(.boot_hdr.dcd_data))
                0x0000000000001030                __boot_hdr_end__ = ABSOLUTE (.)
                0x0000000000002000                . = 0x2000
 *fill*         0x0000000060001030      0xfd0 ff

.text           0x0000000060002000     0x76e0
 FILL mask 0xff
                0x0000000060002000                __vectors_start__ = ABSOLUTE (.)
 *(SORT_BY_ALIGNMENT(.isr_vector))
 .isr_vector    0x0000000060002000      0x2a0 ./startup/startup_mimxrt1052.o
                0x0000000060002000                __Vectors
                0x0000000060002000                g_pfnVectors
                0x00000000600022a0                . = ALIGN (0x4)
                0x00000000600022a0                __section_table_start = .
                0x00000000600022a0                __data_section_table = .
                0x00000000600022a0        0x4 LONG 0x600096e0 LOADADDR (.data)
                0x00000000600022a4        0x4 LONG 0x20000000 ADDR (.data)
                0x00000000600022a8        0x4 LONG 0x8 SIZEOF (.data)
                0x00000000600022ac        0x4 LONG 0x600096e0 LOADADDR (.data_RAM2)
                0x00000000600022b0        0x4 LONG 0x0 ADDR (.data_RAM2)
                0x00000000600022b4        0x4 LONG 0x0 SIZEOF (.data_RAM2)
                0x00000000600022b8        0x4 LONG 0x600096e0 LOADADDR (.data_RAM3)
                0x00000000600022bc        0x4 LONG 0x20200000 ADDR (.data_RAM3)
                0x00000000600022c0        0x4 LONG 0x0 SIZEOF (.data_RAM3)
                0x00000000600022c4        0x4 LONG 0x600096e0 LOADADDR (.data_RAM4)
                0x00000000600022c8        0x4 LONG 0x80000000 ADDR (.data_RAM4)
                0x00000000600022cc        0x4 LONG 0x0 SIZEOF (.data_RAM4)
                0x00000000600022d0                __data_section_table_end = .
                0x00000000600022d0                __bss_section_table = .
                0x00000000600022d0        0x4 LONG 0x20000008 ADDR (.bss)
                0x00000000600022d4        0x4 LONG 0x2ac0 SIZEOF (.bss)
                0x00000000600022d8        0x4 LONG 0x0 ADDR (.bss_RAM2)
                0x00000000600022dc        0x4 LONG 0x0 SIZEOF (.bss_RAM2)
                0x00000000600022e0        0x4 LONG 0x20200000 ADDR (.bss_RAM3)
                0x00000000600022e4        0x4 LONG 0x0 SIZEOF (.bss_RAM3)
                0x00000000600022e8        0x4 LONG 0x80000000 ADDR (.bss_RAM4)
                0x00000000600022ec        0x4 LONG 0x0 SIZEOF (.bss_RAM4)
                0x00000000600022f0                __bss_section_table_end = .
                0x00000000600022f0                __section_table_end = .
 *(SORT_BY_ALIGNMENT(.after_vectors*))
 .after_vectors.reset
                0x00000000600022f0       0x4c ./startup/startup_mimxrt1052.o
                0x00000000600022f0                ResetISR
 .after_vectors.init_data
                0x000000006000233c       0x1e ./startup/startup_mimxrt1052.o
                0x000000006000233c                data_init
 .after_vectors.init_bss
                0x000000006000235a       0x12 ./startup/startup_mimxrt1052.o
                0x000000006000235a                bss_init
 .after_vectors
                0x000000006000236c        0xc ./startup/startup_mimxrt1052.o
                0x000000006000236c                NMI_Handler
                0x0000000060002376                Reserved87_DriverIRQHandler
                0x0000000060002376                KPP_DriverIRQHandler
                0x0000000060002376                LPSPI2_DriverIRQHandler
                0x0000000060002376                LCDIF_DriverIRQHandler
                0x0000000060002376                SAI3_RX_DriverIRQHandler
                0x0000000060002376                CCM_2_DriverIRQHandler
                0x0000000060002376                PIT_DriverIRQHandler
                0x0000000060002376                PMU_EVENT_DriverIRQHandler
                0x0000000060002376                PWM4_FAULT_DriverIRQHandler
                0x0000000060002376                DMA13_DMA29_DriverIRQHandler
                0x0000000060002376                FLEXRAM_DriverIRQHandler
                0x0000000060002376                LPSPI4_DriverIRQHandler
                0x0000000060002376                SEMC_DriverIRQHandler
                0x0000000060002376                SPDIF_DriverIRQHandler
                0x0000000060002376                PWM4_3_DriverIRQHandler
                0x0000000060002376                USB_PHY1_DriverIRQHandler
                0x0000000060002376                GPIO3_Combined_0_15_DriverIRQHandler
                0x0000000060002376                DMA7_DMA23_DriverIRQHandler
                0x0000000060002376                BEE_DriverIRQHandler
                0x0000000060002376                LPI2C3_DriverIRQHandler
                0x0000000060002376                GPR_IRQ_DriverIRQHandler
                0x0000000060002376                PWM2_FAULT_DriverIRQHandler
                0x0000000060002376                PWM3_1_DriverIRQHandler
                0x0000000060002376                DMA14_DMA30_DriverIRQHandler
                0x0000000060002376                TMR1_DriverIRQHandler
                0x0000000060002376                TRNG_DriverIRQHandler
                0x0000000060002376                PWM3_2_DriverIRQHandler
                0x0000000060002376                ENET_1588_Timer_DriverIRQHandler
                0x0000000060002376                FLEXIO2_DriverIRQHandler
                0x0000000060002376                GPIO2_Combined_16_31_DriverIRQHandler
                0x0000000060002376                Reserved143_DriverIRQHandler
                0x0000000060002376                PWM4_1_DriverIRQHandler
                0x0000000060002376                PWM3_3_DriverIRQHandler
                0x0000000060002376                DMA0_DMA16_DriverIRQHandler
                0x0000000060002376                IntDefaultHandler
                0x0000000060002376                DMA2_DMA18_DriverIRQHandler
                0x0000000060002376                SRC_DriverIRQHandler
                0x0000000060002376                GPIO1_INT4_DriverIRQHandler
                0x0000000060002376                Reserved144_DriverIRQHandler
                0x0000000060002376                USDHC1_DriverIRQHandler
                0x0000000060002376                ENC3_DriverIRQHandler
                0x0000000060002376                PWM3_FAULT_DriverIRQHandler
                0x0000000060002376                EWM_DriverIRQHandler
                0x0000000060002376                TSC_DIG_DriverIRQHandler
                0x0000000060002376                WDOG1_DriverIRQHandler
                0x0000000060002376                FLEXIO1_DriverIRQHandler
                0x0000000060002376                ENET_DriverIRQHandler
                0x0000000060002376                Reserved78_DriverIRQHandler
                0x0000000060002376                TMR4_DriverIRQHandler
                0x0000000060002376                ENC2_DriverIRQHandler
                0x0000000060002376                ADC_ETC_IRQ2_DriverIRQHandler
                0x0000000060002376                GPIO1_Combined_16_31_DriverIRQHandler
                0x0000000060002376                GPIO1_INT7_DriverIRQHandler
                0x0000000060002376                SAI1_DriverIRQHandler
                0x0000000060002376                DCDC_DriverIRQHandler
                0x0000000060002376                DMA12_DMA28_DriverIRQHandler
                0x0000000060002376                PWM4_0_DriverIRQHandler
                0x0000000060002376                ADC_ETC_ERROR_IRQ_DriverIRQHandler
                0x0000000060002376                ACMP2_DriverIRQHandler
                0x0000000060002376                GPIO5_Combined_0_15_DriverIRQHandler
                0x0000000060002376                GPIO1_INT0_DriverIRQHandler
                0x0000000060002376                GPIO1_INT2_DriverIRQHandler
                0x0000000060002376                RTWDOG_DriverIRQHandler
                0x0000000060002376                FLEXSPI_DriverIRQHandler
                0x0000000060002376                GPT2_DriverIRQHandler
                0x0000000060002376                USB_PHY2_DriverIRQHandler
                0x0000000060002376                DMA10_DMA26_DriverIRQHandler
                0x0000000060002376                PWM2_1_DriverIRQHandler
                0x0000000060002376                PWM1_1_DriverIRQHandler
                0x0000000060002376                PXP_DriverIRQHandler
                0x0000000060002376                ADC1_DriverIRQHandler
                0x0000000060002376                PWM1_0_DriverIRQHandler
                0x0000000060002376                SJC_DriverIRQHandler
                0x0000000060002376                DMA1_DMA17_DriverIRQHandler
                0x0000000060002376                ENC1_DriverIRQHandler
                0x0000000060002376                ENC4_DriverIRQHandler
                0x0000000060002376                CAN2_DriverIRQHandler
                0x0000000060002376                DCP_DriverIRQHandler
                0x0000000060002376                CTI0_ERROR_DriverIRQHandler
                0x0000000060002376                DMA8_DMA24_DriverIRQHandler
                0x0000000060002376                GPT1_DriverIRQHandler
                0x0000000060002376                ACMP3_DriverIRQHandler
                0x0000000060002376                DMA6_DMA22_DriverIRQHandler
                0x0000000060002376                CSU_DriverIRQHandler
                0x0000000060002376                GPIO1_INT5_DriverIRQHandler
                0x0000000060002376                TMR3_DriverIRQHandler
                0x0000000060002376                TMR2_DriverIRQHandler
                0x0000000060002376                CTI1_ERROR_DriverIRQHandler
                0x0000000060002376                GPIO1_Combined_0_15_DriverIRQHandler
                0x0000000060002376                USDHC2_DriverIRQHandler
                0x0000000060002376                PWM4_2_DriverIRQHandler
                0x0000000060002376                SAI2_DriverIRQHandler
                0x0000000060002376                CORE_DriverIRQHandler
                0x0000000060002376                DMA11_DMA27_DriverIRQHandler
                0x0000000060002376                CSI_DriverIRQHandler
                0x0000000060002376                PWM2_3_DriverIRQHandler
                0x0000000060002376                XBAR1_IRQ_2_3_DriverIRQHandler
                0x0000000060002376                SNVS_HP_WRAPPER_TZ_DriverIRQHandler
                0x0000000060002376                GPIO3_Combined_16_31_DriverIRQHandler
                0x0000000060002376                PWM1_FAULT_DriverIRQHandler
                0x0000000060002376                LPI2C1_DriverIRQHandler
                0x0000000060002376                PWM2_2_DriverIRQHandler
                0x0000000060002376                DMA4_DMA20_DriverIRQHandler
                0x0000000060002376                DMA9_DMA25_DriverIRQHandler
                0x0000000060002376                SNVS_HP_WRAPPER_DriverIRQHandler
                0x0000000060002376                XBAR1_IRQ_0_1_DriverIRQHandler
                0x0000000060002376                ADC_ETC_IRQ1_DriverIRQHandler
                0x0000000060002376                LPSPI1_DriverIRQHandler
                0x0000000060002376                DMA3_DMA19_DriverIRQHandler
                0x0000000060002376                GPIO1_INT3_DriverIRQHandler
                0x0000000060002376                DCP_VMI_DriverIRQHandler
                0x0000000060002376                LPI2C4_DriverIRQHandler
                0x0000000060002376                GPC_DriverIRQHandler
                0x0000000060002376                Reserved123_DriverIRQHandler
                0x0000000060002376                GPIO2_Combined_0_15_DriverIRQHandler
                0x0000000060002376                PWM1_2_DriverIRQHandler
                0x0000000060002376                USB_OTG1_DriverIRQHandler
                0x0000000060002376                TEMP_LOW_HIGH_DriverIRQHandler
                0x0000000060002376                SAI3_TX_DriverIRQHandler
                0x0000000060002376                WDOG2_DriverIRQHandler
                0x0000000060002376                Reserved68_DriverIRQHandler
                0x0000000060002376                PWM3_0_DriverIRQHandler
                0x0000000060002376                GPIO4_Combined_0_15_DriverIRQHandler
                0x0000000060002376                GPIO4_Combined_16_31_DriverIRQHandler
                0x0000000060002376                GPIO5_Combined_16_31_DriverIRQHandler
                0x0000000060002376                DMA5_DMA21_DriverIRQHandler
                0x0000000060002376                CCM_1_DriverIRQHandler
                0x0000000060002376                ADC2_DriverIRQHandler
                0x0000000060002376                Reserved115_DriverIRQHandler
                0x0000000060002376                TEMP_PANIC_DriverIRQHandler
                0x0000000060002376                DMA15_DMA31_DriverIRQHandler
                0x0000000060002376                LPSPI3_DriverIRQHandler
                0x0000000060002376                PWM1_3_DriverIRQHandler
                0x0000000060002376                ACMP1_DriverIRQHandler
                0x0000000060002376                LPI2C2_DriverIRQHandler
                0x0000000060002376                Reserved86_DriverIRQHandler
                0x0000000060002376                DMA_ERROR_DriverIRQHandler
                0x0000000060002376                ADC_ETC_IRQ0_DriverIRQHandler
                0x0000000060002376                CAN1_DriverIRQHandler
                0x0000000060002376                GPIO1_INT6_DriverIRQHandler
                0x0000000060002376                GPIO1_INT1_DriverIRQHandler
                0x0000000060002376                PWM2_0_DriverIRQHandler
                0x0000000060002376                SNVS_LP_WRAPPER_DriverIRQHandler
                0x0000000060002376                ACMP4_DriverIRQHandler
                0x0000000060002376                USB_OTG2_DriverIRQHandler
 *(SORT_BY_ALIGNMENT(.text*))
 *fill*         0x0000000060002378        0x8 ff
 .text.SVC_Handler
                0x0000000060002380       0x28 ./amazon-freertos/FreeRTOS/portable/port.o
                0x0000000060002380                SVC_Handler
 *fill*         0x00000000600023a8        0x8 ff
 .text.PendSV_Handler
                0x00000000600023b0       0x68 ./amazon-freertos/FreeRTOS/portable/port.o
                0x00000000600023b0                PendSV_Handler
 .text.DbgConsole_SendData
                0x0000000060002418       0x58 ./utilities/fsl_debug_console.o
                0x0000000060002418                DbgConsole_SendData
 .text.DbgConsole_Init
                0x0000000060002470       0xf8 ./utilities/fsl_debug_console.o
                0x0000000060002470                DbgConsole_Init
 .text.DbgConsole_Printf
                0x0000000060002568       0x64 ./utilities/fsl_debug_console.o
                0x0000000060002568                DbgConsole_Printf
 .text.main     0x00000000600025cc       0xec ./source/main.o
                0x00000000600025cc                main
 .text.updateTempVoltage_task
                0x00000000600026b8       0x58 ./source/main.o
 .text.updateGNC_task
                0x0000000060002710       0x24 ./source/main.o
 .text.updateCOM_task
                0x0000000060002734       0x24 ./source/main.o
 .text.updateEPS_task
                0x0000000060002758       0x24 ./source/main.o
 .text.CLOCK_GetOscFreq
                0x000000006000277c       0x30 ./drivers/fsl_clock.o
 .text.CLOCK_InitExternalClk
                0x00000000600027ac       0x6c ./drivers/fsl_clock.o
                0x00000000600027ac                CLOCK_InitExternalClk
 .text.CLOCK_SwitchOsc
                0x0000000060002818       0x34 ./drivers/fsl_clock.o
                0x0000000060002818                CLOCK_SwitchOsc
 .text.CLOCK_InitRcOsc24M
                0x000000006000284c       0x24 ./drivers/fsl_clock.o
                0x000000006000284c                CLOCK_InitRcOsc24M
 .text.CLOCK_InitArmPll
                0x0000000060002870       0x68 ./drivers/fsl_clock.o
                0x0000000060002870                CLOCK_InitArmPll
 .text.CLOCK_InitSysPll
                0x00000000600028d8       0x9c ./drivers/fsl_clock.o
                0x00000000600028d8                CLOCK_InitSysPll
 .text.CLOCK_DeinitUsb2Pll
                0x0000000060002974       0x18 ./drivers/fsl_clock.o
                0x0000000060002974                CLOCK_DeinitUsb2Pll
 .text.CLOCK_DeinitAudioPll
                0x000000006000298c       0x1c ./drivers/fsl_clock.o
                0x000000006000298c                CLOCK_DeinitAudioPll
 .text.CLOCK_DeinitVideoPll
                0x00000000600029a8       0x1c ./drivers/fsl_clock.o
                0x00000000600029a8                CLOCK_DeinitVideoPll
 .text.CLOCK_DeinitEnetPll
                0x00000000600029c4       0x1c ./drivers/fsl_clock.o
                0x00000000600029c4                CLOCK_DeinitEnetPll
 .text.CLOCK_GetPllFreq
                0x00000000600029e0      0x300 ./drivers/fsl_clock.o
                0x00000000600029e0                CLOCK_GetPllFreq
 .text.CLOCK_InitSysPfd
                0x0000000060002ce0       0x64 ./drivers/fsl_clock.o
                0x0000000060002ce0                CLOCK_InitSysPfd
 .text.CLOCK_ControlGate
                0x0000000060002d44       0x64 ./drivers/fsl_lpuart.o
 .text.LPUART_GetInstance
                0x0000000060002da8       0x4c ./drivers/fsl_lpuart.o
                0x0000000060002da8                LPUART_GetInstance
 .text.LPUART_Init
                0x0000000060002df4      0x304 ./drivers/fsl_lpuart.o
                0x0000000060002df4                LPUART_Init
 .text.LPUART_GetDefaultConfig
                0x00000000600030f8       0x88 ./drivers/fsl_lpuart.o
                0x00000000600030f8                LPUART_GetDefaultConfig
 .text.LPUART_WriteBlocking
                0x0000000060003180       0x4c ./drivers/fsl_lpuart.o
                0x0000000060003180                LPUART_WriteBlocking
 .text.LPUART1_DriverIRQHandler
                0x00000000600031cc       0x24 ./drivers/fsl_lpuart.o
                0x00000000600031cc                LPUART1_DriverIRQHandler
 .text.LPUART2_DriverIRQHandler
                0x00000000600031f0       0x24 ./drivers/fsl_lpuart.o
                0x00000000600031f0                LPUART2_DriverIRQHandler
 .text.LPUART3_DriverIRQHandler
                0x0000000060003214       0x24 ./drivers/fsl_lpuart.o
                0x0000000060003214                LPUART3_DriverIRQHandler
 .text.LPUART4_DriverIRQHandler
                0x0000000060003238       0x24 ./drivers/fsl_lpuart.o
                0x0000000060003238                LPUART4_DriverIRQHandler
 .text.LPUART5_DriverIRQHandler
                0x000000006000325c       0x24 ./drivers/fsl_lpuart.o
                0x000000006000325c                LPUART5_DriverIRQHandler
 .text.LPUART6_DriverIRQHandler
                0x0000000060003280       0x24 ./drivers/fsl_lpuart.o
                0x0000000060003280                LPUART6_DriverIRQHandler
 .text.LPUART7_DriverIRQHandler
                0x00000000600032a4       0x24 ./drivers/fsl_lpuart.o
                0x00000000600032a4                LPUART7_DriverIRQHandler
 .text.LPUART8_DriverIRQHandler
                0x00000000600032c8       0x24 ./drivers/fsl_lpuart.o
                0x00000000600032c8                LPUART8_DriverIRQHandler
 .text.SCB_EnableICache
                0x00000000600032ec       0x40 ./device/system_MIMXRT1052.o
 .text.SCB_EnableDCache
                0x000000006000332c       0x80 ./device/system_MIMXRT1052.o
 .text.SystemInit
                0x00000000600033ac       0xf4 ./device/system_MIMXRT1052.o
                0x00000000600033ac                SystemInit
 .text.HAL_UartInit
                0x00000000600034a0      0x100 ./component/uart/lpuart_adapter.o
                0x00000000600034a0                HAL_UartInit
 .text.HAL_UartSendBlocking
                0x00000000600035a0       0x64 ./component/uart/lpuart_adapter.o
                0x00000000600035a0                HAL_UartSendBlocking
 .text.SerialManager_Write
                0x0000000060003604       0x6c ./component/serial_manager/serial_manager.o
 .text.SerialManager_Init
                0x0000000060003670       0x74 ./component/serial_manager/serial_manager.o
                0x0000000060003670                SerialManager_Init
 .text.SerialManager_OpenWriteHandle
                0x00000000600036e4       0x58 ./component/serial_manager/serial_manager.o
                0x00000000600036e4                SerialManager_OpenWriteHandle
 .text.SerialManager_OpenReadHandle
                0x000000006000373c       0x60 ./component/serial_manager/serial_manager.o
                0x000000006000373c                SerialManager_OpenReadHandle
 .text.Serial_UartInit
                0x000000006000379c       0x80 ./component/serial_manager/serial_port_uart.o
                0x000000006000379c                Serial_UartInit
 .text.Serial_UartWrite
                0x000000006000381c       0x58 ./component/serial_manager/serial_port_uart.o
                0x000000006000381c                Serial_UartWrite
 .text.ARM_MPU_Enable
                0x0000000060003874       0x3c ./board/board.o
 .text.ARM_MPU_Disable
                0x00000000600038b0       0x38 ./board/board.o
 .text.SCB_EnableICache
                0x00000000600038e8       0x40 ./board/board.o
 .text.SCB_DisableICache
                0x0000000060003928       0x38 ./board/board.o
 .text.SCB_EnableDCache
                0x0000000060003960       0x80 ./board/board.o
 .text.SCB_DisableDCache
                0x00000000600039e0       0x68 ./board/board.o
 .text.CLOCK_GetMux
                0x0000000060003a48       0x44 ./board/board.o
 .text.CLOCK_GetDiv
                0x0000000060003a8c       0x44 ./board/board.o
 .text.CLOCK_GetOscFreq
                0x0000000060003ad0       0x30 ./board/board.o
 .text.BOARD_DebugConsoleSrcFreq
                0x0000000060003b00       0x64 ./board/board.o
                0x0000000060003b00                BOARD_DebugConsoleSrcFreq
 .text.BOARD_ConfigMPU
                0x0000000060003b64       0xec ./board/board.o
                0x0000000060003b64                BOARD_ConfigMPU
 .text.CLOCK_SetMux
                0x0000000060003c50       0x9c ./board/clock_config.o
 .text.CLOCK_SetDiv
                0x0000000060003cec       0x9c ./board/clock_config.o
 .text.CLOCK_ControlGate
                0x0000000060003d88       0x64 ./board/clock_config.o
 .text.CLOCK_SetXtalFreq
                0x0000000060003dec       0x20 ./board/clock_config.o
 .text.CLOCK_SetRtcXtalFreq
                0x0000000060003e0c       0x20 ./board/clock_config.o
 .text.IOMUXC_EnableMode
                0x0000000060003e2c       0x48 ./board/clock_config.o
 .text.IOMUXC_MQSConfig
                0x0000000060003e74       0x44 ./board/clock_config.o
 .text.BOARD_BootClockRUN
                0x0000000060003eb8      0x628 ./board/clock_config.o
                0x0000000060003eb8                BOARD_BootClockRUN
 .text.CLOCK_ControlGate
                0x00000000600044e0       0x64 ./board/pin_mux.o
 .text.BOARD_InitPins
                0x0000000060004544       0x78 ./board/pin_mux.o
                0x0000000060004544                BOARD_InitPins
 .text.vPortSetupTimerInterrupt
                0x00000000600045bc       0x48 ./amazon-freertos/FreeRTOS/portable/fsl_tickless_systick.o
                0x00000000600045bc                vPortSetupTimerInterrupt
 .text.pvPortMalloc
                0x0000000060004604      0x184 ./amazon-freertos/FreeRTOS/portable/heap_4.o
                0x0000000060004604                pvPortMalloc
 .text.vPortFree
                0x0000000060004788       0xb0 ./amazon-freertos/FreeRTOS/portable/heap_4.o
                0x0000000060004788                vPortFree
 .text.prvHeapInit
                0x0000000060004838       0xc4 ./amazon-freertos/FreeRTOS/portable/heap_4.o
 .text.prvInsertBlockIntoFreeList
                0x00000000600048fc       0xb4 ./amazon-freertos/FreeRTOS/portable/heap_4.o
 .text.pxPortInitialiseStack
                0x00000000600049b0       0x68 ./amazon-freertos/FreeRTOS/portable/port.o
                0x00000000600049b0                pxPortInitialiseStack
 .text.prvTaskExitError
                0x0000000060004a18       0x54 ./amazon-freertos/FreeRTOS/portable/port.o
 .text.prvPortStartFirstTask
                0x0000000060004a6c       0x28 ./amazon-freertos/FreeRTOS/portable/port.o
 .text.xPortStartScheduler
                0x0000000060004a94      0x13c ./amazon-freertos/FreeRTOS/portable/port.o
                0x0000000060004a94                xPortStartScheduler
 .text.vPortEnterCritical
                0x0000000060004bd0       0x5c ./amazon-freertos/FreeRTOS/portable/port.o
                0x0000000060004bd0                vPortEnterCritical
 .text.vPortExitCritical
                0x0000000060004c2c       0x50 ./amazon-freertos/FreeRTOS/portable/port.o
                0x0000000060004c2c                vPortExitCritical
 .text.SysTick_Handler
                0x0000000060004c7c       0x40 ./amazon-freertos/FreeRTOS/portable/port.o
                0x0000000060004c7c                SysTick_Handler
 .text.vPortEnableVFP
                0x0000000060004cbc       0x14 ./amazon-freertos/FreeRTOS/portable/port.o
 .text.vPortValidateInterruptPriority
                0x0000000060004cd0       0x7c ./amazon-freertos/FreeRTOS/portable/port.o
                0x0000000060004cd0                vPortValidateInterruptPriority
 .text.xQueueGenericReset
                0x0000000060004d4c       0xd0 ./amazon-freertos/FreeRTOS/queue.o
                0x0000000060004d4c                xQueueGenericReset
 .text.xQueueGenericSend
                0x0000000060004e1c      0x1f4 ./amazon-freertos/FreeRTOS/queue.o
                0x0000000060004e1c                xQueueGenericSend
 .text.xQueueReceive
                0x0000000060005010      0x1b8 ./amazon-freertos/FreeRTOS/queue.o
                0x0000000060005010                xQueueReceive
 .text.vQueueAddToRegistry
                0x00000000600051c8       0x50 ./amazon-freertos/FreeRTOS/queue.o
                0x00000000600051c8                vQueueAddToRegistry
 .text.prvAddNewTaskToReadyList
                0x0000000060005218       0xdc ./amazon-freertos/FreeRTOS/tasks.o
 .text.vTaskDelayUntil
                0x00000000600052f4       0xf4 ./amazon-freertos/FreeRTOS/tasks.o
                0x00000000600052f4                vTaskDelayUntil
 .text.vTaskSuspend
                0x00000000600053e8      0x124 ./amazon-freertos/FreeRTOS/tasks.o
                0x00000000600053e8                vTaskSuspend
 .text.prvTaskIsTaskSuspended
                0x000000006000550c       0x60 ./amazon-freertos/FreeRTOS/tasks.o
 .text.vTaskResume
                0x000000006000556c       0xb8 ./amazon-freertos/FreeRTOS/tasks.o
                0x000000006000556c                vTaskResume
 .text.vTaskStartScheduler
                0x0000000060005624       0x98 ./amazon-freertos/FreeRTOS/tasks.o
                0x0000000060005624                vTaskStartScheduler
 .text.vTaskSuspendAll
                0x00000000600056bc       0x1c ./amazon-freertos/FreeRTOS/tasks.o
                0x00000000600056bc                vTaskSuspendAll
 .text.xTaskResumeAll
                0x00000000600056d8      0x138 ./amazon-freertos/FreeRTOS/tasks.o
                0x00000000600056d8                xTaskResumeAll
 .text.xTaskGetTickCount
                0x0000000060005810       0x20 ./amazon-freertos/FreeRTOS/tasks.o
                0x0000000060005810                xTaskGetTickCount
 .text.xTaskIncrementTick
                0x0000000060005830      0x150 ./amazon-freertos/FreeRTOS/tasks.o
                0x0000000060005830                xTaskIncrementTick
 .text.vTaskSwitchContext
                0x0000000060005980       0xb4 ./amazon-freertos/FreeRTOS/tasks.o
                0x0000000060005980                vTaskSwitchContext
 .text.vTaskPlaceOnEventList
                0x0000000060005a34       0x48 ./amazon-freertos/FreeRTOS/tasks.o
                0x0000000060005a34                vTaskPlaceOnEventList
 .text.vTaskPlaceOnEventListRestricted
                0x0000000060005a7c       0x54 ./amazon-freertos/FreeRTOS/tasks.o
                0x0000000060005a7c                vTaskPlaceOnEventListRestricted
 .text.xTaskRemoveFromEventList
                0x0000000060005ad0       0xc4 ./amazon-freertos/FreeRTOS/tasks.o
                0x0000000060005ad0                xTaskRemoveFromEventList
 .text.vTaskInternalSetTimeOutState
                0x0000000060005b94       0x2c ./amazon-freertos/FreeRTOS/tasks.o
                0x0000000060005b94                vTaskInternalSetTimeOutState
 .text.xTaskCheckForTimeOut
                0x0000000060005bc0       0xc0 ./amazon-freertos/FreeRTOS/tasks.o
                0x0000000060005bc0                xTaskCheckForTimeOut
 .text.vTaskMissedYield
                0x0000000060005c80       0x18 ./amazon-freertos/FreeRTOS/tasks.o
                0x0000000060005c80                vTaskMissedYield
 .text.prvIdleTask
                0x0000000060005c98       0x30 ./amazon-freertos/FreeRTOS/tasks.o
 .text.prvInitialiseTaskLists
                0x0000000060005cc8       0x80 ./amazon-freertos/FreeRTOS/tasks.o
 .text.prvCheckTasksWaitingTermination
                0x0000000060005d48       0x58 ./amazon-freertos/FreeRTOS/tasks.o
 .text.prvResetNextTaskUnblockTime
                0x0000000060005da0       0x40 ./amazon-freertos/FreeRTOS/tasks.o
 .text.xTaskGetSchedulerState
                0x0000000060005de0       0x3c ./amazon-freertos/FreeRTOS/tasks.o
                0x0000000060005de0                xTaskGetSchedulerState
 .text.xTaskPriorityDisinherit
                0x0000000060005e1c      0x108 ./amazon-freertos/FreeRTOS/tasks.o
                0x0000000060005e1c                xTaskPriorityDisinherit
 .text.prvAddCurrentTaskToDelayedList
                0x0000000060005f24       0xcc ./amazon-freertos/FreeRTOS/tasks.o
 .text.xTimerCreateTimerTask
                0x0000000060005ff0       0x60 ./amazon-freertos/FreeRTOS/timers.o
                0x0000000060005ff0                xTimerCreateTimerTask
 .text.xTimerGenericCommand
                0x0000000060006050       0x98 ./amazon-freertos/FreeRTOS/timers.o
                0x0000000060006050                xTimerGenericCommand
 .text.prvProcessExpiredTimer
                0x00000000600060e8       0x80 ./amazon-freertos/FreeRTOS/timers.o
 .text.prvProcessTimerOrBlockTask
                0x0000000060006168       0x9c ./amazon-freertos/FreeRTOS/timers.o
 .text.prvGetNextExpireTime
                0x0000000060006204       0x48 ./amazon-freertos/FreeRTOS/timers.o
 .text.prvSampleTimeNow
                0x000000006000624c       0x40 ./amazon-freertos/FreeRTOS/timers.o
 .text.prvInsertTimerInActiveList
                0x000000006000628c       0x84 ./amazon-freertos/FreeRTOS/timers.o
 .text.prvProcessReceivedCommands
                0x0000000060006310      0x154 ./amazon-freertos/FreeRTOS/timers.o
 .text.prvSwitchTimerLists
                0x0000000060006464       0xc0 ./amazon-freertos/FreeRTOS/timers.o
 .text.prvCheckForValidListAndQueue
                0x0000000060006524       0x6c ./amazon-freertos/FreeRTOS/timers.o
 .text.__assertion_failed
                0x0000000060006590       0x4c /Applications/MCUXpressoIDE_11.0.0_2516/ide/plugins/com.nxp.mcuxpresso.tools.macosx_11.0.0.201905131304/tools/bin/../lib/gcc/arm-none-eabi/8.2.1/../../../../arm-none-eabi/lib/thumb/v7e-m+dp/hard/libcr_nohost_nf.a(_cr_assert.o)
                0x0000000060006590                __assertion_failed
 .text._Cwritebuf
                0x00000000600065dc       0x6c /Applications/MCUXpressoIDE_11.0.0_2516/ide/plugins/com.nxp.mcuxpresso.tools.macosx_11.0.0.201905131304/tools/bin/../lib/gcc/arm-none-eabi/8.2.1/../../../../arm-none-eabi/lib/thumb/v7e-m+dp/hard/libcr_c.a(_writebuf.o)
                0x00000000600065dc                _Cwritebuf
 .text.malloc   0x0000000060006648       0xc8 /Applications/MCUXpressoIDE_11.0.0_2516/ide/plugins/com.nxp.mcuxpresso.tools.macosx_11.0.0.201905131304/tools/bin/../lib/gcc/arm-none-eabi/8.2.1/../../../../arm-none-eabi/lib/thumb/v7e-m+dp/hard/libcr_c.a(alloc.o)
                0x0000000060006648                malloc
 .text._Csys_alloc
                0x0000000060006710       0x20 /Applications/MCUXpressoIDE_11.0.0_2516/ide/plugins/com.nxp.mcuxpresso.tools.macosx_11.0.0.201905131304/tools/bin/../lib/gcc/arm-none-eabi/8.2.1/../../../../arm-none-eabi/lib/thumb/v7e-m+dp/hard/libcr_c.a(alloc.o)
                0x0000000060006710                _Csys_alloc
 .text.fseek    0x0000000060006730      0x100 /Applications/MCUXpressoIDE_11.0.0_2516/ide/plugins/com.nxp.mcuxpresso.tools.macosx_11.0.0.201905131304/tools/bin/../lib/gcc/arm-none-eabi/8.2.1/../../../../arm-none-eabi/lib/thumb/v7e-m+dp/hard/libcr_c.a(fseek.o)
                0x0000000060006730                fseek
 .text.ftell    0x0000000060006830       0x48 /Applications/MCUXpressoIDE_11.0.0_2516/ide/plugins/com.nxp.mcuxpresso.tools.macosx_11.0.0.201905131304/tools/bin/../lib/gcc/arm-none-eabi/8.2.1/../../../../arm-none-eabi/lib/thumb/v7e-m+dp/hard/libcr_c.a(ftell.o)
                0x0000000060006830                ftell
 .text._initio  0x0000000060006878       0x78 /Applications/MCUXpressoIDE_11.0.0_2516/ide/plugins/com.nxp.mcuxpresso.tools.macosx_11.0.0.201905131304/tools/bin/../lib/gcc/arm-none-eabi/8.2.1/../../../../arm-none-eabi/lib/thumb/v7e-m+dp/hard/libcr_c.a(initio.o)
                0x0000000060006878                _initio
 .text.setvbuf  0x00000000600068f0       0x40 /Applications/MCUXpressoIDE_11.0.0_2516/ide/plugins/com.nxp.mcuxpresso.tools.macosx_11.0.0.201905131304/tools/bin/../lib/gcc/arm-none-eabi/8.2.1/../../../../arm-none-eabi/lib/thumb/v7e-m+dp/hard/libcr_c.a(setvbuf.o)
                0x00000000600068f0                setvbuf
 .text._sbrk    0x0000000060006930       0x3c /Applications/MCUXpressoIDE_11.0.0_2516/ide/plugins/com.nxp.mcuxpresso.tools.macosx_11.0.0.201905131304/tools/bin/../lib/gcc/arm-none-eabi/8.2.1/../../../../arm-none-eabi/lib/thumb/v7e-m+dp/hard/libcr_c.a(_cr_sbrk.o)
                0x0000000060006930                _sbrk
 .text.fflush   0x000000006000696c       0x44 /Applications/MCUXpressoIDE_11.0.0_2516/ide/plugins/com.nxp.mcuxpresso.tools.macosx_11.0.0.201905131304/tools/bin/../lib/gcc/arm-none-eabi/8.2.1/../../../../arm-none-eabi/lib/thumb/v7e-m+dp/hard/libcr_c.a(fflush.o)
                0x000000006000696c                fflush
 .text.__check_heap_overflow
                0x00000000600069b0       0x18 /Applications/MCUXpressoIDE_11.0.0_2516/ide/plugins/com.nxp.mcuxpresso.tools.macosx_11.0.0.201905131304/tools/bin/../lib/gcc/arm-none-eabi/8.2.1/../../../../arm-none-eabi/lib/thumb/v7e-m+dp/hard/libcr_c.a(_cr_check_heap.o)
                0x00000000600069b0                __check_heap_overflow
 .text.DbgConsole_PrintCallback
                0x00000000600069c8       0x64 ./utilities/fsl_debug_console.o
 .text.ConvertRadixNumToString
                0x0000000060006a2c      0x114 ./utilities/fsl_str.o
 .text.StrFormatPrintf
                0x0000000060006b40      0x30c ./utilities/fsl_str.o
                0x0000000060006b40                StrFormatPrintf
 .text.DMA0_DMA16_IRQHandler
                0x0000000060006e4c        0x8 ./startup/startup_mimxrt1052.o
                0x0000000060006e4c                DMA0_DMA16_IRQHandler
 .text.DMA1_DMA17_IRQHandler
                0x0000000060006e54        0x8 ./startup/startup_mimxrt1052.o
                0x0000000060006e54                DMA1_DMA17_IRQHandler
 .text.DMA2_DMA18_IRQHandler
                0x0000000060006e5c        0x8 ./startup/startup_mimxrt1052.o
                0x0000000060006e5c                DMA2_DMA18_IRQHandler
 .text.DMA3_DMA19_IRQHandler
                0x0000000060006e64        0x8 ./startup/startup_mimxrt1052.o
                0x0000000060006e64                DMA3_DMA19_IRQHandler
 .text.DMA4_DMA20_IRQHandler
                0x0000000060006e6c        0x8 ./startup/startup_mimxrt1052.o
                0x0000000060006e6c                DMA4_DMA20_IRQHandler
 .text.DMA5_DMA21_IRQHandler
                0x0000000060006e74        0x8 ./startup/startup_mimxrt1052.o
                0x0000000060006e74                DMA5_DMA21_IRQHandler
 .text.DMA6_DMA22_IRQHandler
                0x0000000060006e7c        0x8 ./startup/startup_mimxrt1052.o
                0x0000000060006e7c                DMA6_DMA22_IRQHandler
 .text.DMA7_DMA23_IRQHandler
                0x0000000060006e84        0x8 ./startup/startup_mimxrt1052.o
                0x0000000060006e84                DMA7_DMA23_IRQHandler
 .text.DMA8_DMA24_IRQHandler
                0x0000000060006e8c        0x8 ./startup/startup_mimxrt1052.o
                0x0000000060006e8c                DMA8_DMA24_IRQHandler
 .text.DMA9_DMA25_IRQHandler
                0x0000000060006e94        0x8 ./startup/startup_mimxrt1052.o
                0x0000000060006e94                DMA9_DMA25_IRQHandler
 .text.DMA10_DMA26_IRQHandler
                0x0000000060006e9c        0x8 ./startup/startup_mimxrt1052.o
                0x0000000060006e9c                DMA10_DMA26_IRQHandler
 .text.DMA11_DMA27_IRQHandler
                0x0000000060006ea4        0x8 ./startup/startup_mimxrt1052.o
                0x0000000060006ea4                DMA11_DMA27_IRQHandler
 .text.DMA12_DMA28_IRQHandler
                0x0000000060006eac        0x8 ./startup/startup_mimxrt1052.o
                0x0000000060006eac                DMA12_DMA28_IRQHandler
 .text.DMA13_DMA29_IRQHandler
                0x0000000060006eb4        0x8 ./startup/startup_mimxrt1052.o
                0x0000000060006eb4                DMA13_DMA29_IRQHandler
 .text.DMA14_DMA30_IRQHandler
                0x0000000060006ebc        0x8 ./startup/startup_mimxrt1052.o
                0x0000000060006ebc                DMA14_DMA30_IRQHandler
 .text.DMA15_DMA31_IRQHandler
                0x0000000060006ec4        0x8 ./startup/startup_mimxrt1052.o
                0x0000000060006ec4                DMA15_DMA31_IRQHandler
 .text.DMA_ERROR_IRQHandler
                0x0000000060006ecc        0x8 ./startup/startup_mimxrt1052.o
                0x0000000060006ecc                DMA_ERROR_IRQHandler
 .text.CTI0_ERROR_IRQHandler
                0x0000000060006ed4        0x8 ./startup/startup_mimxrt1052.o
                0x0000000060006ed4                CTI0_ERROR_IRQHandler
 .text.CTI1_ERROR_IRQHandler
                0x0000000060006edc        0x8 ./startup/startup_mimxrt1052.o
                0x0000000060006edc                CTI1_ERROR_IRQHandler
 .text.CORE_IRQHandler
                0x0000000060006ee4        0x8 ./startup/startup_mimxrt1052.o
                0x0000000060006ee4                CORE_IRQHandler
 .text.LPUART1_IRQHandler
                0x0000000060006eec        0x8 ./startup/startup_mimxrt1052.o
                0x0000000060006eec                LPUART1_IRQHandler
 .text.LPUART2_IRQHandler
                0x0000000060006ef4        0x8 ./startup/startup_mimxrt1052.o
                0x0000000060006ef4                LPUART2_IRQHandler
 .text.LPUART3_IRQHandler
                0x0000000060006efc        0x8 ./startup/startup_mimxrt1052.o
                0x0000000060006efc                LPUART3_IRQHandler
 .text.LPUART4_IRQHandler
                0x0000000060006f04        0x8 ./startup/startup_mimxrt1052.o
                0x0000000060006f04                LPUART4_IRQHandler
 .text.LPUART5_IRQHandler
                0x0000000060006f0c        0x8 ./startup/startup_mimxrt1052.o
                0x0000000060006f0c                LPUART5_IRQHandler
 .text.LPUART6_IRQHandler
                0x0000000060006f14        0x8 ./startup/startup_mimxrt1052.o
                0x0000000060006f14                LPUART6_IRQHandler
 .text.LPUART7_IRQHandler
                0x0000000060006f1c        0x8 ./startup/startup_mimxrt1052.o
                0x0000000060006f1c                LPUART7_IRQHandler
 .text.LPUART8_IRQHandler
                0x0000000060006f24        0x8 ./startup/startup_mimxrt1052.o
                0x0000000060006f24                LPUART8_IRQHandler
 .text.LPI2C1_IRQHandler
                0x0000000060006f2c        0x8 ./startup/startup_mimxrt1052.o
                0x0000000060006f2c                LPI2C1_IRQHandler
 .text.LPI2C2_IRQHandler
                0x0000000060006f34        0x8 ./startup/startup_mimxrt1052.o
                0x0000000060006f34                LPI2C2_IRQHandler
 .text.LPI2C3_IRQHandler
                0x0000000060006f3c        0x8 ./startup/startup_mimxrt1052.o
                0x0000000060006f3c                LPI2C3_IRQHandler
 .text.LPI2C4_IRQHandler
                0x0000000060006f44        0x8 ./startup/startup_mimxrt1052.o
                0x0000000060006f44                LPI2C4_IRQHandler
 .text.LPSPI1_IRQHandler
                0x0000000060006f4c        0x8 ./startup/startup_mimxrt1052.o
                0x0000000060006f4c                LPSPI1_IRQHandler
 .text.LPSPI2_IRQHandler
                0x0000000060006f54        0x8 ./startup/startup_mimxrt1052.o
                0x0000000060006f54                LPSPI2_IRQHandler
 .text.LPSPI3_IRQHandler
                0x0000000060006f5c        0x8 ./startup/startup_mimxrt1052.o
                0x0000000060006f5c                LPSPI3_IRQHandler
 .text.LPSPI4_IRQHandler
                0x0000000060006f64        0x8 ./startup/startup_mimxrt1052.o
                0x0000000060006f64                LPSPI4_IRQHandler
 .text.CAN1_IRQHandler
                0x0000000060006f6c        0x8 ./startup/startup_mimxrt1052.o
                0x0000000060006f6c                CAN1_IRQHandler
 .text.CAN2_IRQHandler
                0x0000000060006f74        0x8 ./startup/startup_mimxrt1052.o
                0x0000000060006f74                CAN2_IRQHandler
 .text.FLEXRAM_IRQHandler
                0x0000000060006f7c        0x8 ./startup/startup_mimxrt1052.o
                0x0000000060006f7c                FLEXRAM_IRQHandler
 .text.KPP_IRQHandler
                0x0000000060006f84        0x8 ./startup/startup_mimxrt1052.o
                0x0000000060006f84                KPP_IRQHandler
 .text.TSC_DIG_IRQHandler
                0x0000000060006f8c        0x8 ./startup/startup_mimxrt1052.o
                0x0000000060006f8c                TSC_DIG_IRQHandler
 .text.GPR_IRQ_IRQHandler
                0x0000000060006f94        0x8 ./startup/startup_mimxrt1052.o
                0x0000000060006f94                GPR_IRQ_IRQHandler
 .text.LCDIF_IRQHandler
                0x0000000060006f9c        0x8 ./startup/startup_mimxrt1052.o
                0x0000000060006f9c                LCDIF_IRQHandler
 .text.CSI_IRQHandler
                0x0000000060006fa4        0x8 ./startup/startup_mimxrt1052.o
                0x0000000060006fa4                CSI_IRQHandler
 .text.PXP_IRQHandler
                0x0000000060006fac        0x8 ./startup/startup_mimxrt1052.o
                0x0000000060006fac                PXP_IRQHandler
 .text.WDOG2_IRQHandler
                0x0000000060006fb4        0x8 ./startup/startup_mimxrt1052.o
                0x0000000060006fb4                WDOG2_IRQHandler
 .text.SNVS_HP_WRAPPER_IRQHandler
                0x0000000060006fbc        0x8 ./startup/startup_mimxrt1052.o
                0x0000000060006fbc                SNVS_HP_WRAPPER_IRQHandler
 .text.SNVS_HP_WRAPPER_TZ_IRQHandler
                0x0000000060006fc4        0x8 ./startup/startup_mimxrt1052.o
                0x0000000060006fc4                SNVS_HP_WRAPPER_TZ_IRQHandler
 .text.SNVS_LP_WRAPPER_IRQHandler
                0x0000000060006fcc        0x8 ./startup/startup_mimxrt1052.o
                0x0000000060006fcc                SNVS_LP_WRAPPER_IRQHandler
 .text.CSU_IRQHandler
                0x0000000060006fd4        0x8 ./startup/startup_mimxrt1052.o
                0x0000000060006fd4                CSU_IRQHandler
 .text.DCP_IRQHandler
                0x0000000060006fdc        0x8 ./startup/startup_mimxrt1052.o
                0x0000000060006fdc                DCP_IRQHandler
 .text.DCP_VMI_IRQHandler
                0x0000000060006fe4        0x8 ./startup/startup_mimxrt1052.o
                0x0000000060006fe4                DCP_VMI_IRQHandler
 .text.Reserved68_IRQHandler
                0x0000000060006fec        0x8 ./startup/startup_mimxrt1052.o
                0x0000000060006fec                Reserved68_IRQHandler
 .text.TRNG_IRQHandler
                0x0000000060006ff4        0x8 ./startup/startup_mimxrt1052.o
                0x0000000060006ff4                TRNG_IRQHandler
 .text.SJC_IRQHandler
                0x0000000060006ffc        0x8 ./startup/startup_mimxrt1052.o
                0x0000000060006ffc                SJC_IRQHandler
 .text.BEE_IRQHandler
                0x0000000060007004        0x8 ./startup/startup_mimxrt1052.o
                0x0000000060007004                BEE_IRQHandler
 .text.SAI1_IRQHandler
                0x000000006000700c        0x8 ./startup/startup_mimxrt1052.o
                0x000000006000700c                SAI1_IRQHandler
 .text.SAI2_IRQHandler
                0x0000000060007014        0x8 ./startup/startup_mimxrt1052.o
                0x0000000060007014                SAI2_IRQHandler
 .text.SAI3_RX_IRQHandler
                0x000000006000701c        0x8 ./startup/startup_mimxrt1052.o
                0x000000006000701c                SAI3_RX_IRQHandler
 .text.SAI3_TX_IRQHandler
                0x0000000060007024        0x8 ./startup/startup_mimxrt1052.o
                0x0000000060007024                SAI3_TX_IRQHandler
 .text.SPDIF_IRQHandler
                0x000000006000702c        0x8 ./startup/startup_mimxrt1052.o
                0x000000006000702c                SPDIF_IRQHandler
 .text.PMU_EVENT_IRQHandler
                0x0000000060007034        0x8 ./startup/startup_mimxrt1052.o
                0x0000000060007034                PMU_EVENT_IRQHandler
 .text.Reserved78_IRQHandler
                0x000000006000703c        0x8 ./startup/startup_mimxrt1052.o
                0x000000006000703c                Reserved78_IRQHandler
 .text.TEMP_LOW_HIGH_IRQHandler
                0x0000000060007044        0x8 ./startup/startup_mimxrt1052.o
                0x0000000060007044                TEMP_LOW_HIGH_IRQHandler
 .text.TEMP_PANIC_IRQHandler
                0x000000006000704c        0x8 ./startup/startup_mimxrt1052.o
                0x000000006000704c                TEMP_PANIC_IRQHandler
 .text.USB_PHY1_IRQHandler
                0x0000000060007054        0x8 ./startup/startup_mimxrt1052.o
                0x0000000060007054                USB_PHY1_IRQHandler
 .text.USB_PHY2_IRQHandler
                0x000000006000705c        0x8 ./startup/startup_mimxrt1052.o
                0x000000006000705c                USB_PHY2_IRQHandler
 .text.ADC1_IRQHandler
                0x0000000060007064        0x8 ./startup/startup_mimxrt1052.o
                0x0000000060007064                ADC1_IRQHandler
 .text.ADC2_IRQHandler
                0x000000006000706c        0x8 ./startup/startup_mimxrt1052.o
                0x000000006000706c                ADC2_IRQHandler
 .text.DCDC_IRQHandler
                0x0000000060007074        0x8 ./startup/startup_mimxrt1052.o
                0x0000000060007074                DCDC_IRQHandler
 .text.Reserved86_IRQHandler
                0x000000006000707c        0x8 ./startup/startup_mimxrt1052.o
                0x000000006000707c                Reserved86_IRQHandler
 .text.Reserved87_IRQHandler
                0x0000000060007084        0x8 ./startup/startup_mimxrt1052.o
                0x0000000060007084                Reserved87_IRQHandler
 .text.GPIO1_INT0_IRQHandler
                0x000000006000708c        0x8 ./startup/startup_mimxrt1052.o
                0x000000006000708c                GPIO1_INT0_IRQHandler
 .text.GPIO1_INT1_IRQHandler
                0x0000000060007094        0x8 ./startup/startup_mimxrt1052.o
                0x0000000060007094                GPIO1_INT1_IRQHandler
 .text.GPIO1_INT2_IRQHandler
                0x000000006000709c        0x8 ./startup/startup_mimxrt1052.o
                0x000000006000709c                GPIO1_INT2_IRQHandler
 .text.GPIO1_INT3_IRQHandler
                0x00000000600070a4        0x8 ./startup/startup_mimxrt1052.o
                0x00000000600070a4                GPIO1_INT3_IRQHandler
 .text.GPIO1_INT4_IRQHandler
                0x00000000600070ac        0x8 ./startup/startup_mimxrt1052.o
                0x00000000600070ac                GPIO1_INT4_IRQHandler
 .text.GPIO1_INT5_IRQHandler
                0x00000000600070b4        0x8 ./startup/startup_mimxrt1052.o
                0x00000000600070b4                GPIO1_INT5_IRQHandler
 .text.GPIO1_INT6_IRQHandler
                0x00000000600070bc        0x8 ./startup/startup_mimxrt1052.o
                0x00000000600070bc                GPIO1_INT6_IRQHandler
 .text.GPIO1_INT7_IRQHandler
                0x00000000600070c4        0x8 ./startup/startup_mimxrt1052.o
                0x00000000600070c4                GPIO1_INT7_IRQHandler
 .text.GPIO1_Combined_0_15_IRQHandler
                0x00000000600070cc        0x8 ./startup/startup_mimxrt1052.o
                0x00000000600070cc                GPIO1_Combined_0_15_IRQHandler
 .text.GPIO1_Combined_16_31_IRQHandler
                0x00000000600070d4        0x8 ./startup/startup_mimxrt1052.o
                0x00000000600070d4                GPIO1_Combined_16_31_IRQHandler
 .text.GPIO2_Combined_0_15_IRQHandler
                0x00000000600070dc        0x8 ./startup/startup_mimxrt1052.o
                0x00000000600070dc                GPIO2_Combined_0_15_IRQHandler
 .text.GPIO2_Combined_16_31_IRQHandler
                0x00000000600070e4        0x8 ./startup/startup_mimxrt1052.o
                0x00000000600070e4                GPIO2_Combined_16_31_IRQHandler
 .text.GPIO3_Combined_0_15_IRQHandler
                0x00000000600070ec        0x8 ./startup/startup_mimxrt1052.o
                0x00000000600070ec                GPIO3_Combined_0_15_IRQHandler
 .text.GPIO3_Combined_16_31_IRQHandler
                0x00000000600070f4        0x8 ./startup/startup_mimxrt1052.o
                0x00000000600070f4                GPIO3_Combined_16_31_IRQHandler
 .text.GPIO4_Combined_0_15_IRQHandler
                0x00000000600070fc        0x8 ./startup/startup_mimxrt1052.o
                0x00000000600070fc                GPIO4_Combined_0_15_IRQHandler
 .text.GPIO4_Combined_16_31_IRQHandler
                0x0000000060007104        0x8 ./startup/startup_mimxrt1052.o
                0x0000000060007104                GPIO4_Combined_16_31_IRQHandler
 .text.GPIO5_Combined_0_15_IRQHandler
                0x000000006000710c        0x8 ./startup/startup_mimxrt1052.o
                0x000000006000710c                GPIO5_Combined_0_15_IRQHandler
 .text.GPIO5_Combined_16_31_IRQHandler
                0x0000000060007114        0x8 ./startup/startup_mimxrt1052.o
                0x0000000060007114                GPIO5_Combined_16_31_IRQHandler
 .text.FLEXIO1_IRQHandler
                0x000000006000711c        0x8 ./startup/startup_mimxrt1052.o
                0x000000006000711c                FLEXIO1_IRQHandler
 .text.FLEXIO2_IRQHandler
                0x0000000060007124        0x8 ./startup/startup_mimxrt1052.o
                0x0000000060007124                FLEXIO2_IRQHandler
 .text.WDOG1_IRQHandler
                0x000000006000712c        0x8 ./startup/startup_mimxrt1052.o
                0x000000006000712c                WDOG1_IRQHandler
 .text.RTWDOG_IRQHandler
                0x0000000060007134        0x8 ./startup/startup_mimxrt1052.o
                0x0000000060007134                RTWDOG_IRQHandler
 .text.EWM_IRQHandler
                0x000000006000713c        0x8 ./startup/startup_mimxrt1052.o
                0x000000006000713c                EWM_IRQHandler
 .text.CCM_1_IRQHandler
                0x0000000060007144        0x8 ./startup/startup_mimxrt1052.o
                0x0000000060007144                CCM_1_IRQHandler
 .text.CCM_2_IRQHandler
                0x000000006000714c        0x8 ./startup/startup_mimxrt1052.o
                0x000000006000714c                CCM_2_IRQHandler
 .text.GPC_IRQHandler
                0x0000000060007154        0x8 ./startup/startup_mimxrt1052.o
                0x0000000060007154                GPC_IRQHandler
 .text.SRC_IRQHandler
                0x000000006000715c        0x8 ./startup/startup_mimxrt1052.o
                0x000000006000715c                SRC_IRQHandler
 .text.Reserved115_IRQHandler
                0x0000000060007164        0x8 ./startup/startup_mimxrt1052.o
                0x0000000060007164                Reserved115_IRQHandler
 .text.GPT1_IRQHandler
                0x000000006000716c        0x8 ./startup/startup_mimxrt1052.o
                0x000000006000716c                GPT1_IRQHandler
 .text.GPT2_IRQHandler
                0x0000000060007174        0x8 ./startup/startup_mimxrt1052.o
                0x0000000060007174                GPT2_IRQHandler
 .text.PWM1_0_IRQHandler
                0x000000006000717c        0x8 ./startup/startup_mimxrt1052.o
                0x000000006000717c                PWM1_0_IRQHandler
 .text.PWM1_1_IRQHandler
                0x0000000060007184        0x8 ./startup/startup_mimxrt1052.o
                0x0000000060007184                PWM1_1_IRQHandler
 .text.PWM1_2_IRQHandler
                0x000000006000718c        0x8 ./startup/startup_mimxrt1052.o
                0x000000006000718c                PWM1_2_IRQHandler
 .text.PWM1_3_IRQHandler
                0x0000000060007194        0x8 ./startup/startup_mimxrt1052.o
                0x0000000060007194                PWM1_3_IRQHandler
 .text.PWM1_FAULT_IRQHandler
                0x000000006000719c        0x8 ./startup/startup_mimxrt1052.o
                0x000000006000719c                PWM1_FAULT_IRQHandler
 .text.Reserved123_IRQHandler
                0x00000000600071a4        0x8 ./startup/startup_mimxrt1052.o
                0x00000000600071a4                Reserved123_IRQHandler
 .text.FLEXSPI_IRQHandler
                0x00000000600071ac        0x8 ./startup/startup_mimxrt1052.o
                0x00000000600071ac                FLEXSPI_IRQHandler
 .text.SEMC_IRQHandler
                0x00000000600071b4        0x8 ./startup/startup_mimxrt1052.o
                0x00000000600071b4                SEMC_IRQHandler
 .text.USDHC1_IRQHandler
                0x00000000600071bc        0x8 ./startup/startup_mimxrt1052.o
                0x00000000600071bc                USDHC1_IRQHandler
 .text.USDHC2_IRQHandler
                0x00000000600071c4        0x8 ./startup/startup_mimxrt1052.o
                0x00000000600071c4                USDHC2_IRQHandler
 .text.USB_OTG2_IRQHandler
                0x00000000600071cc        0x8 ./startup/startup_mimxrt1052.o
                0x00000000600071cc                USB_OTG2_IRQHandler
 .text.USB_OTG1_IRQHandler
                0x00000000600071d4        0x8 ./startup/startup_mimxrt1052.o
                0x00000000600071d4                USB_OTG1_IRQHandler
 .text.ENET_IRQHandler
                0x00000000600071dc        0x8 ./startup/startup_mimxrt1052.o
                0x00000000600071dc                ENET_IRQHandler
 .text.ENET_1588_Timer_IRQHandler
                0x00000000600071e4        0x8 ./startup/startup_mimxrt1052.o
                0x00000000600071e4                ENET_1588_Timer_IRQHandler
 .text.XBAR1_IRQ_0_1_IRQHandler
                0x00000000600071ec        0x8 ./startup/startup_mimxrt1052.o
                0x00000000600071ec                XBAR1_IRQ_0_1_IRQHandler
 .text.XBAR1_IRQ_2_3_IRQHandler
                0x00000000600071f4        0x8 ./startup/startup_mimxrt1052.o
                0x00000000600071f4                XBAR1_IRQ_2_3_IRQHandler
 .text.ADC_ETC_IRQ0_IRQHandler
                0x00000000600071fc        0x8 ./startup/startup_mimxrt1052.o
                0x00000000600071fc                ADC_ETC_IRQ0_IRQHandler
 .text.ADC_ETC_IRQ1_IRQHandler
                0x0000000060007204        0x8 ./startup/startup_mimxrt1052.o
                0x0000000060007204                ADC_ETC_IRQ1_IRQHandler
 .text.ADC_ETC_IRQ2_IRQHandler
                0x000000006000720c        0x8 ./startup/startup_mimxrt1052.o
                0x000000006000720c                ADC_ETC_IRQ2_IRQHandler
 .text.ADC_ETC_ERROR_IRQ_IRQHandler
                0x0000000060007214        0x8 ./startup/startup_mimxrt1052.o
                0x0000000060007214                ADC_ETC_ERROR_IRQ_IRQHandler
 .text.PIT_IRQHandler
                0x000000006000721c        0x8 ./startup/startup_mimxrt1052.o
                0x000000006000721c                PIT_IRQHandler
 .text.ACMP1_IRQHandler
                0x0000000060007224        0x8 ./startup/startup_mimxrt1052.o
                0x0000000060007224                ACMP1_IRQHandler
 .text.ACMP2_IRQHandler
                0x000000006000722c        0x8 ./startup/startup_mimxrt1052.o
                0x000000006000722c                ACMP2_IRQHandler
 .text.ACMP3_IRQHandler
                0x0000000060007234        0x8 ./startup/startup_mimxrt1052.o
                0x0000000060007234                ACMP3_IRQHandler
 .text.ACMP4_IRQHandler
                0x000000006000723c        0x8 ./startup/startup_mimxrt1052.o
                0x000000006000723c                ACMP4_IRQHandler
 .text.Reserved143_IRQHandler
                0x0000000060007244        0x8 ./startup/startup_mimxrt1052.o
                0x0000000060007244                Reserved143_IRQHandler
 .text.Reserved144_IRQHandler
                0x000000006000724c        0x8 ./startup/startup_mimxrt1052.o
                0x000000006000724c                Reserved144_IRQHandler
 .text.ENC1_IRQHandler
                0x0000000060007254        0x8 ./startup/startup_mimxrt1052.o
                0x0000000060007254                ENC1_IRQHandler
 .text.ENC2_IRQHandler
                0x000000006000725c        0x8 ./startup/startup_mimxrt1052.o
                0x000000006000725c                ENC2_IRQHandler
 .text.ENC3_IRQHandler
                0x0000000060007264        0x8 ./startup/startup_mimxrt1052.o
                0x0000000060007264                ENC3_IRQHandler
 .text.ENC4_IRQHandler
                0x000000006000726c        0x8 ./startup/startup_mimxrt1052.o
                0x000000006000726c                ENC4_IRQHandler
 .text.TMR1_IRQHandler
                0x0000000060007274        0x8 ./startup/startup_mimxrt1052.o
                0x0000000060007274                TMR1_IRQHandler
 .text.TMR2_IRQHandler
                0x000000006000727c        0x8 ./startup/startup_mimxrt1052.o
                0x000000006000727c                TMR2_IRQHandler
 .text.TMR3_IRQHandler
                0x0000000060007284        0x8 ./startup/startup_mimxrt1052.o
                0x0000000060007284                TMR3_IRQHandler
 .text.TMR4_IRQHandler
                0x000000006000728c        0x8 ./startup/startup_mimxrt1052.o
                0x000000006000728c                TMR4_IRQHandler
 .text.PWM2_0_IRQHandler
                0x0000000060007294        0x8 ./startup/startup_mimxrt1052.o
                0x0000000060007294                PWM2_0_IRQHandler
 .text.PWM2_1_IRQHandler
                0x000000006000729c        0x8 ./startup/startup_mimxrt1052.o
                0x000000006000729c                PWM2_1_IRQHandler
 .text.PWM2_2_IRQHandler
                0x00000000600072a4        0x8 ./startup/startup_mimxrt1052.o
                0x00000000600072a4                PWM2_2_IRQHandler
 .text.PWM2_3_IRQHandler
                0x00000000600072ac        0x8 ./startup/startup_mimxrt1052.o
                0x00000000600072ac                PWM2_3_IRQHandler
 .text.PWM2_FAULT_IRQHandler
                0x00000000600072b4        0x8 ./startup/startup_mimxrt1052.o
                0x00000000600072b4                PWM2_FAULT_IRQHandler
 .text.PWM3_0_IRQHandler
                0x00000000600072bc        0x8 ./startup/startup_mimxrt1052.o
                0x00000000600072bc                PWM3_0_IRQHandler
 .text.PWM3_1_IRQHandler
                0x00000000600072c4        0x8 ./startup/startup_mimxrt1052.o
                0x00000000600072c4                PWM3_1_IRQHandler
 .text.PWM3_2_IRQHandler
                0x00000000600072cc        0x8 ./startup/startup_mimxrt1052.o
                0x00000000600072cc                PWM3_2_IRQHandler
 .text.PWM3_3_IRQHandler
                0x00000000600072d4        0x8 ./startup/startup_mimxrt1052.o
                0x00000000600072d4                PWM3_3_IRQHandler
 .text.PWM3_FAULT_IRQHandler
                0x00000000600072dc        0x8 ./startup/startup_mimxrt1052.o
                0x00000000600072dc                PWM3_FAULT_IRQHandler
 .text.PWM4_0_IRQHandler
                0x00000000600072e4        0x8 ./startup/startup_mimxrt1052.o
                0x00000000600072e4                PWM4_0_IRQHandler
 .text.PWM4_1_IRQHandler
                0x00000000600072ec        0x8 ./startup/startup_mimxrt1052.o
                0x00000000600072ec                PWM4_1_IRQHandler
 .text.PWM4_2_IRQHandler
                0x00000000600072f4        0x8 ./startup/startup_mimxrt1052.o
                0x00000000600072f4                PWM4_2_IRQHandler
 .text.PWM4_3_IRQHandler
                0x00000000600072fc        0x8 ./startup/startup_mimxrt1052.o
                0x00000000600072fc                PWM4_3_IRQHandler
 .text.PWM4_FAULT_IRQHandler
                0x0000000060007304        0x8 ./startup/startup_mimxrt1052.o
                0x0000000060007304                PWM4_FAULT_IRQHandler
 .text.HardFault_Handler
                0x000000006000730c       0x2c ./source/semihost_hardfault.o
                0x000000006000730c                HardFault_Handler
 .text.CLOCK_IsPllBypassed
                0x0000000060007338       0x32 ./drivers/fsl_clock.o
 .text.CLOCK_IsPllEnabled
                0x000000006000736a       0x3c ./drivers/fsl_clock.o
 .text.CLOCK_GetPllBypassRefClk
                0x00000000600073a6       0x34 ./drivers/fsl_clock.o
 .text.CLOCK_EnableClock
                0x00000000600073da       0x1e ./drivers/fsl_lpuart.o
 .text.LPUART_SoftwareReset
                0x00000000600073f8       0x2c ./drivers/fsl_lpuart.o
 .text.SystemInitHook
                0x0000000060007424        0xe ./device/system_MIMXRT1052.o
                0x0000000060007424                SystemInitHook
 .text.HAL_UartGetStatus
                0x0000000060007432       0x22 ./component/uart/lpuart_adapter.o
 .text.SerialManager_StartWriting
                0x0000000060007454       0x46 ./component/serial_manager/serial_manager.o
 .text.SerialManager_WriteBlocking
                0x000000006000749a       0x20 ./component/serial_manager/serial_manager.o
                0x000000006000749a                SerialManager_WriteBlocking
 .text.BOARD_InitDebugConsole
                0x00000000600074ba       0x22 ./board/board.o
                0x00000000600074ba                BOARD_InitDebugConsole
 .text.CLOCK_DisableClock
                0x00000000600074dc       0x1e ./board/clock_config.o
 .text.CLOCK_SetPllBypass
                0x00000000600074fa       0x4e ./board/clock_config.o
 .text.IOMUXC_SetSaiMClkClockSource
                0x0000000060007548       0x6c ./board/clock_config.o
 .text.CLOCK_EnableClock
                0x00000000600075b4       0x1e ./board/pin_mux.o
 .text.IOMUXC_SetPinMux
                0x00000000600075d2       0x3a ./board/pin_mux.o
 .text.IOMUXC_SetPinConfig
                0x000000006000760c       0x26 ./board/pin_mux.o
 .text.vListInitialise
                0x0000000060007632       0x40 ./amazon-freertos/FreeRTOS/list.o
                0x0000000060007632                vListInitialise
 .text.vListInitialiseItem
                0x0000000060007672       0x1a ./amazon-freertos/FreeRTOS/list.o
                0x0000000060007672                vListInitialiseItem
 .text.vListInsertEnd
                0x000000006000768c       0x48 ./amazon-freertos/FreeRTOS/list.o
                0x000000006000768c                vListInsertEnd
 .text.vListInsert
                0x00000000600076d4       0x72 ./amazon-freertos/FreeRTOS/list.o
                0x00000000600076d4                vListInsert
 .text.uxListRemove
                0x0000000060007746       0x54 ./amazon-freertos/FreeRTOS/list.o
                0x0000000060007746                uxListRemove
 .text.xQueueGenericCreate
                0x000000006000779a       0x76 ./amazon-freertos/FreeRTOS/queue.o
                0x000000006000779a                xQueueGenericCreate
 .text.prvInitialiseNewQueue
                0x0000000060007810       0x46 ./amazon-freertos/FreeRTOS/queue.o
 .text.xQueueGenericSendFromISR
                0x0000000060007856      0x128 ./amazon-freertos/FreeRTOS/queue.o
                0x0000000060007856                xQueueGenericSendFromISR
 .text.prvCopyDataToQueue
                0x000000006000797e       0xd4 ./amazon-freertos/FreeRTOS/queue.o
 .text.prvCopyDataFromQueue
                0x0000000060007a52       0x4c ./amazon-freertos/FreeRTOS/queue.o
 .text.prvUnlockQueue
                0x0000000060007a9e       0xa4 ./amazon-freertos/FreeRTOS/queue.o
 .text.prvIsQueueEmpty
                0x0000000060007b42       0x2c ./amazon-freertos/FreeRTOS/queue.o
 .text.prvIsQueueFull
                0x0000000060007b6e       0x30 ./amazon-freertos/FreeRTOS/queue.o
 .text.vQueueWaitForMessageRestricted
                0x0000000060007b9e       0x68 ./amazon-freertos/FreeRTOS/queue.o
                0x0000000060007b9e                vQueueWaitForMessageRestricted
 .text.xTaskCreate
                0x0000000060007c06       0x82 ./amazon-freertos/FreeRTOS/tasks.o
                0x0000000060007c06                xTaskCreate
 .text.prvInitialiseNewTask
                0x0000000060007c88      0x14c ./amazon-freertos/FreeRTOS/tasks.o
 .text.prvDeleteTCB
                0x0000000060007dd4       0x20 ./amazon-freertos/FreeRTOS/tasks.o
 .text.prvTimerTask
                0x0000000060007df4       0x24 ./amazon-freertos/FreeRTOS/timers.o
 .text.__main   0x0000000060007e18        0xe /Applications/MCUXpressoIDE_11.0.0_2516/ide/plugins/com.nxp.mcuxpresso.tools.macosx_11.0.0.201905131304/tools/bin/../lib/gcc/arm-none-eabi/8.2.1/../../../../arm-none-eabi/lib/thumb/v7e-m+dp/hard/libcr_nohost_nf.a(_cr__main.o)
                0x0000000060007e18                __main
 .text.__sys_appexit
                0x0000000060007e26        0x2 /Applications/MCUXpressoIDE_11.0.0_2516/ide/plugins/com.nxp.mcuxpresso.tools.macosx_11.0.0.201905131304/tools/bin/../lib/gcc/arm-none-eabi/8.2.1/../../../../arm-none-eabi/lib/thumb/v7e-m+dp/hard/libcr_nohost_nf.a(__sys_appexit.o)
                0x0000000060007e26                __exit
                0x0000000060007e26                __sys_appexit
 .text.memcpy   0x0000000060007e28        0x4 /Applications/MCUXpressoIDE_11.0.0_2516/ide/plugins/com.nxp.mcuxpresso.tools.macosx_11.0.0.201905131304/tools/bin/../lib/gcc/arm-none-eabi/8.2.1/../../../../arm-none-eabi/lib/thumb/v7e-m+dp/hard/libcr_c.a(memcpy.o)
                0x0000000060007e28                memcpy
 .text.memset   0x0000000060007e2c        0x4 /Applications/MCUXpressoIDE_11.0.0_2516/ide/plugins/com.nxp.mcuxpresso.tools.macosx_11.0.0.201905131304/tools/bin/../lib/gcc/arm-none-eabi/8.2.1/../../../../arm-none-eabi/lib/thumb/v7e-m+dp/hard/libcr_c.a(memset.o)
                0x0000000060007e2c                memset
 .text._deferredlazyseek
                0x0000000060007e30       0x40 /Applications/MCUXpressoIDE_11.0.0_2516/ide/plugins/com.nxp.mcuxpresso.tools.macosx_11.0.0.201905131304/tools/bin/../lib/gcc/arm-none-eabi/8.2.1/../../../../arm-none-eabi/lib/thumb/v7e-m+dp/hard/libcr_c.a(_deferredlazyseek.o)
                0x0000000060007e30                _deferredlazyseek
 .text.__flsbuf
                0x0000000060007e70      0x140 /Applications/MCUXpressoIDE_11.0.0_2516/ide/plugins/com.nxp.mcuxpresso.tools.macosx_11.0.0.201905131304/tools/bin/../lib/gcc/arm-none-eabi/8.2.1/../../../../arm-none-eabi/lib/thumb/v7e-m+dp/hard/libcr_c.a(_deferredlazyseek.o)
                0x0000000060007e70                __flsbuf
 .text._fflush  0x0000000060007fb0       0x52 /Applications/MCUXpressoIDE_11.0.0_2516/ide/plugins/com.nxp.mcuxpresso.tools.macosx_11.0.0.201905131304/tools/bin/../lib/gcc/arm-none-eabi/8.2.1/../../../../arm-none-eabi/lib/thumb/v7e-m+dp/hard/libcr_c.a(_fflush.o)
                0x0000000060007fb0                _fflush
 .text.free     0x0000000060008002       0x30 /Applications/MCUXpressoIDE_11.0.0_2516/ide/plugins/com.nxp.mcuxpresso.tools.macosx_11.0.0.201905131304/tools/bin/../lib/gcc/arm-none-eabi/8.2.1/../../../../arm-none-eabi/lib/thumb/v7e-m+dp/hard/libcr_c.a(alloc.o)
                0x0000000060008002                free
 .text.fputs    0x0000000060008032       0x2c /Applications/MCUXpressoIDE_11.0.0_2516/ide/plugins/com.nxp.mcuxpresso.tools.macosx_11.0.0.201905131304/tools/bin/../lib/gcc/arm-none-eabi/8.2.1/../../../../arm-none-eabi/lib/thumb/v7e-m+dp/hard/libcr_c.a(fputs.o)
                0x0000000060008032                fputs
 .text.strlen   0x000000006000805e       0x4c /Applications/MCUXpressoIDE_11.0.0_2516/ide/plugins/com.nxp.mcuxpresso.tools.macosx_11.0.0.201905131304/tools/bin/../lib/gcc/arm-none-eabi/8.2.1/../../../../arm-none-eabi/lib/thumb/v7e-m+dp/hard/libcr_c.a(strlen.o)
                0x000000006000805e                strlen
 .text._fdopen  0x00000000600080aa       0x68 /Applications/MCUXpressoIDE_11.0.0_2516/ide/plugins/com.nxp.mcuxpresso.tools.macosx_11.0.0.201905131304/tools/bin/../lib/gcc/arm-none-eabi/8.2.1/../../../../arm-none-eabi/lib/thumb/v7e-m+dp/hard/libcr_c.a(_fdopen.o)
                0x00000000600080aa                _fdopen
 .text.fclose   0x0000000060008112       0x58 /Applications/MCUXpressoIDE_11.0.0_2516/ide/plugins/com.nxp.mcuxpresso.tools.macosx_11.0.0.201905131304/tools/bin/../lib/gcc/arm-none-eabi/8.2.1/../../../../arm-none-eabi/lib/thumb/v7e-m+dp/hard/libcr_c.a(fclose.o)
                0x0000000060008112                fclose
 .text.remove   0x000000006000816a       0x14 /Applications/MCUXpressoIDE_11.0.0_2516/ide/plugins/com.nxp.mcuxpresso.tools.macosx_11.0.0.201905131304/tools/bin/../lib/gcc/arm-none-eabi/8.2.1/../../../../arm-none-eabi/lib/thumb/v7e-m+dp/hard/libcr_c.a(remove.o)
                0x000000006000816a                remove
 .text._do_fflush
                0x000000006000817e       0x40 /Applications/MCUXpressoIDE_11.0.0_2516/ide/plugins/com.nxp.mcuxpresso.tools.macosx_11.0.0.201905131304/tools/bin/../lib/gcc/arm-none-eabi/8.2.1/../../../../arm-none-eabi/lib/thumb/v7e-m+dp/hard/libcr_c.a(_do_fflush.o)
                0x000000006000817e                _do_fflush
 .text.__aeabi_memcpy
                0x00000000600081be       0x34 /Applications/MCUXpressoIDE_11.0.0_2516/ide/plugins/com.nxp.mcuxpresso.tools.macosx_11.0.0.201905131304/tools/bin/../lib/gcc/arm-none-eabi/8.2.1/thumb/v7e-m+dp/hard/libcr_eabihelpers.a(memcpy.o)
                0x00000000600081be                __aeabi_memcpy
                0x00000000600081c8                __aeabi_memcpy4
                0x00000000600081c8                __aeabi_memcpy8
 .text.__aeabi_memset_lowlevel
                0x00000000600081f2       0x32 /Applications/MCUXpressoIDE_11.0.0_2516/ide/plugins/com.nxp.mcuxpresso.tools.macosx_11.0.0.201905131304/tools/bin/../lib/gcc/arm-none-eabi/8.2.1/thumb/v7e-m+dp/hard/libcr_eabihelpers.a(memcpy.o)
                0x00000000600081f2                __aeabi_lowlevel_memset
 .text.__sys_close
                0x0000000060008224        0x6 /Applications/MCUXpressoIDE_11.0.0_2516/ide/plugins/com.nxp.mcuxpresso.tools.macosx_11.0.0.201905131304/tools/bin/../lib/gcc/arm-none-eabi/8.2.1/../../../../arm-none-eabi/lib/thumb/v7e-m+dp/hard/libcr_nohost_nf.a(__sys_close.o)
                0x0000000060008224                __sys_close
 .text.__sys_flen
                0x000000006000822a        0x6 /Applications/MCUXpressoIDE_11.0.0_2516/ide/plugins/com.nxp.mcuxpresso.tools.macosx_11.0.0.201905131304/tools/bin/../lib/gcc/arm-none-eabi/8.2.1/../../../../arm-none-eabi/lib/thumb/v7e-m+dp/hard/libcr_nohost_nf.a(__sys_flen.o)
                0x000000006000822a                __sys_flen
 .text.__sys_istty
                0x0000000060008230        0x6 /Applications/MCUXpressoIDE_11.0.0_2516/ide/plugins/com.nxp.mcuxpresso.tools.macosx_11.0.0.201905131304/tools/bin/../lib/gcc/arm-none-eabi/8.2.1/../../../../arm-none-eabi/lib/thumb/v7e-m+dp/hard/libcr_nohost_nf.a(__sys_istty.o)
                0x0000000060008230                __sys_istty
 .text.__sys_remove
                0x0000000060008236        0x6 /Applications/MCUXpressoIDE_11.0.0_2516/ide/plugins/com.nxp.mcuxpresso.tools.macosx_11.0.0.201905131304/tools/bin/../lib/gcc/arm-none-eabi/8.2.1/../../../../arm-none-eabi/lib/thumb/v7e-m+dp/hard/libcr_nohost_nf.a(__sys_remove.o)
                0x0000000060008236                __sys_remove
 .text.__sys_seek
                0x000000006000823c        0x6 /Applications/MCUXpressoIDE_11.0.0_2516/ide/plugins/com.nxp.mcuxpresso.tools.macosx_11.0.0.201905131304/tools/bin/../lib/gcc/arm-none-eabi/8.2.1/../../../../arm-none-eabi/lib/thumb/v7e-m+dp/hard/libcr_nohost_nf.a(__sys_seek.o)
                0x000000006000823c                __sys_seek
 .text.__sys_tmpnam
                0x0000000060008242        0x6 /Applications/MCUXpressoIDE_11.0.0_2516/ide/plugins/com.nxp.mcuxpresso.tools.macosx_11.0.0.201905131304/tools/bin/../lib/gcc/arm-none-eabi/8.2.1/../../../../arm-none-eabi/lib/thumb/v7e-m+dp/hard/libcr_nohost_nf.a(__sys_tmpnam.o)
                0x0000000060008242                __sys_tmpnam
 .text.__sys_write
                0x0000000060008248        0x4 /Applications/MCUXpressoIDE_11.0.0_2516/ide/plugins/com.nxp.mcuxpresso.tools.macosx_11.0.0.201905131304/tools/bin/../lib/gcc/arm-none-eabi/8.2.1/../../../../arm-none-eabi/lib/thumb/v7e-m+dp/hard/libcr_nohost_nf.a(__sys_write.o)
                0x0000000060008248                __sys_write
 *(SORT_BY_ALIGNMENT(.rodata) SORT_BY_ALIGNMENT(.rodata.*) SORT_BY_ALIGNMENT(.constdata) SORT_BY_ALIGNMENT(.constdata.*))
 .rodata.dcd_data
                0x000000006000824c        0x1 ./xip/evkbimxrt1050_sdram_ini_dcd.o
                0x000000006000824c                dcd_data
 *fill*         0x000000006000824d        0x3 ff
 .rodata        0x0000000060008250      0x1b7 ./utilities/fsl_debug_console.o
 *fill*         0x0000000060008407        0x1 ff
 .rodata        0x0000000060008408      0x156 ./source/main.o
 *fill*         0x000000006000855e        0x2 ff
 .rodata        0x0000000060008560       0x3c ./drivers/fsl_clock.o
 .rodata        0x000000006000859c      0x5c6 ./drivers/fsl_lpuart.o
 *fill*         0x0000000060008b62        0x2 ff
 .rodata.s_lpuartBases
                0x0000000060008b64       0x24 ./drivers/fsl_lpuart.o
 .rodata.s_lpuartClock
                0x0000000060008b88       0x12 ./drivers/fsl_lpuart.o
 *fill*         0x0000000060008b9a        0x2 ff
 .rodata.s_LpuartAdapterBase
                0x0000000060008b9c       0x24 ./component/uart/lpuart_adapter.o
 .rodata        0x0000000060008bc0      0x274 ./component/uart/lpuart_adapter.o
 .rodata        0x0000000060008e34      0x521 ./component/serial_manager/serial_manager.o
 *fill*         0x0000000060009355        0x3 ff
 .rodata        0x0000000060009358      0x244 ./component/serial_manager/serial_port_uart.o
 .rodata        0x000000006000959c       0xa0 ./board/clock_config.o
 .rodata.armPllConfig_BOARD_BootClockRUN
                0x000000006000963c        0x8 ./board/clock_config.o
                0x000000006000963c                armPllConfig_BOARD_BootClockRUN
 .rodata.sysPllConfig_BOARD_BootClockRUN
                0x0000000060009644       0x14 ./board/clock_config.o
                0x0000000060009644                sysPllConfig_BOARD_BootClockRUN
 .rodata        0x0000000060009658       0x28 ./board/pin_mux.o
 .rodata        0x0000000060009680       0x18 ./amazon-freertos/FreeRTOS/tasks.o
                0x0000000060009688                FreeRTOSDebugConfig
 .rodata        0x0000000060009698        0xd ./amazon-freertos/FreeRTOS/timers.o
 *fill*         0x00000000600096a5        0x3 ff
 .rodata.__num_Ciob_streams
                0x00000000600096a8        0x4 /Applications/MCUXpressoIDE_11.0.0_2516/ide/plugins/com.nxp.mcuxpresso.tools.macosx_11.0.0.201905131304/tools/bin/../lib/gcc/arm-none-eabi/8.2.1/../../../../arm-none-eabi/lib/thumb/v7e-m+dp/hard/libcr_nohost_nf.a(__ciob.o)
                0x00000000600096a8                __num_Ciob_streams
 .rodata.__assertion_failed.str1.1
                0x00000000600096ac       0x15 /Applications/MCUXpressoIDE_11.0.0_2516/ide/plugins/com.nxp.mcuxpresso.tools.macosx_11.0.0.201905131304/tools/bin/../lib/gcc/arm-none-eabi/8.2.1/../../../../arm-none-eabi/lib/thumb/v7e-m+dp/hard/libcr_nohost_nf.a(_cr_assert.o)
 .rodata._Csys_alloc.str1.1
                0x00000000600096c1       0x18 /Applications/MCUXpressoIDE_11.0.0_2516/ide/plugins/com.nxp.mcuxpresso.tools.macosx_11.0.0.201905131304/tools/bin/../lib/gcc/arm-none-eabi/8.2.1/../../../../arm-none-eabi/lib/thumb/v7e-m+dp/hard/libcr_c.a(alloc.o)
 .rodata._initio.str1.1
                0x00000000600096d9        0x4 /Applications/MCUXpressoIDE_11.0.0_2516/ide/plugins/com.nxp.mcuxpresso.tools.macosx_11.0.0.201905131304/tools/bin/../lib/gcc/arm-none-eabi/8.2.1/../../../../arm-none-eabi/lib/thumb/v7e-m+dp/hard/libcr_c.a(initio.o)
                0x00000000600096e0                . = ALIGN (0x4)
 *fill*         0x00000000600096dd        0x3 ff

.glue_7         0x00000000600096e0        0x0
 .glue_7        0x00000000600096e0        0x0 linker stubs

.glue_7t        0x00000000600096e0        0x0
 .glue_7t       0x00000000600096e0        0x0 linker stubs

.vfp11_veneer   0x00000000600096e0        0x0
 .vfp11_veneer  0x00000000600096e0        0x0 linker stubs

.v4_bx          0x00000000600096e0        0x0
 .v4_bx         0x00000000600096e0        0x0 linker stubs

.iplt           0x00000000600096e0        0x0
 .iplt          0x00000000600096e0        0x0 ./xip/evkbimxrt1050_flexspi_nor_config.o

.rel.dyn        0x00000000600096e0        0x0
 .rel.iplt      0x00000000600096e0        0x0 ./xip/evkbimxrt1050_flexspi_nor_config.o

.ARM.extab
 *(SORT_BY_ALIGNMENT(.ARM.extab*) SORT_BY_ALIGNMENT(.gnu.linkonce.armextab.*))
                0x00000000600096e0                __exidx_start = .

.ARM.exidx
 *(SORT_BY_ALIGNMENT(.ARM.exidx*) SORT_BY_ALIGNMENT(.gnu.linkonce.armexidx.*))
                0x00000000600096e0                __exidx_end = .
                0x00000000600096e0                _etext = .

.data_RAM2      0x0000000000000000        0x0 load address 0x00000000600096e0
 FILL mask 0xff
                [!provide]                        PROVIDE (__start_data_RAM2 = .)
 *(SORT_BY_ALIGNMENT(.ramfunc.$RAM2))
 *(SORT_BY_ALIGNMENT(.ramfunc.$SRAM_ITC))
 *(SORT_BY_ALIGNMENT(.data.$RAM2))
 *(SORT_BY_ALIGNMENT(.data.$SRAM_ITC))
 *(SORT_BY_ALIGNMENT(.data.$RAM2.*))
 *(SORT_BY_ALIGNMENT(.data.$SRAM_ITC.*))
                0x0000000000000000                . = ALIGN (0x4)
                [!provide]                        PROVIDE (__end_data_RAM2 = .)

.data_RAM3      0x0000000020200000        0x0 load address 0x00000000600096e0
 FILL mask 0xff
                [!provide]                        PROVIDE (__start_data_RAM3 = .)
 *(SORT_BY_ALIGNMENT(.ramfunc.$RAM3))
 *(SORT_BY_ALIGNMENT(.ramfunc.$SRAM_OC))
 *(SORT_BY_ALIGNMENT(.data.$RAM3))
 *(SORT_BY_ALIGNMENT(.data.$SRAM_OC))
 *(SORT_BY_ALIGNMENT(.data.$RAM3.*))
 *(SORT_BY_ALIGNMENT(.data.$SRAM_OC.*))
                0x0000000020200000                . = ALIGN (0x4)
                [!provide]                        PROVIDE (__end_data_RAM3 = .)

.data_RAM4      0x0000000080000000        0x0 load address 0x00000000600096e0
 FILL mask 0xff
                [!provide]                        PROVIDE (__start_data_RAM4 = .)
 *(SORT_BY_ALIGNMENT(.ramfunc.$RAM4))
 *(SORT_BY_ALIGNMENT(.ramfunc.$BOARD_SDRAM))
 *(SORT_BY_ALIGNMENT(.data.$RAM4))
 *(SORT_BY_ALIGNMENT(.data.$BOARD_SDRAM))
 *(SORT_BY_ALIGNMENT(.data.$RAM4.*))
 *(SORT_BY_ALIGNMENT(.data.$BOARD_SDRAM.*))
                0x0000000080000000                . = ALIGN (0x4)
                [!provide]                        PROVIDE (__end_data_RAM4 = .)

.uninit_RESERVED
                0x0000000020000000        0x0
                0x0000000020000000                . = ALIGN (0x4)
 *(SORT_BY_ALIGNMENT(.bss.$RESERVED*))
                0x0000000020000000                . = ALIGN (0x4)
                0x0000000020000000                _end_uninit_RESERVED = .

.data           0x0000000020000000        0x8 load address 0x00000000600096e0
 FILL mask 0xff
                0x0000000020000000                _data = .
 *(SORT_BY_ALIGNMENT(vtable))
 *(SORT_BY_ALIGNMENT(.ramfunc*))
 *(SORT_BY_ALIGNMENT(NonCacheable.init))
 *(SORT_BY_ALIGNMENT(.data*))
 .data.SystemCoreClock
                0x0000000020000000        0x4 ./device/system_MIMXRT1052.o
                0x0000000020000000                SystemCoreClock
 .data.uxCriticalNesting
                0x0000000020000004        0x4 ./amazon-freertos/FreeRTOS/portable/port.o
                0x0000000020000008                . = ALIGN (0x4)
                0x0000000020000008                _edata = .

.igot.plt       0x0000000020000008        0x0 load address 0x00000000600096e8
 .igot.plt      0x0000000020000008        0x0 ./xip/evkbimxrt1050_flexspi_nor_config.o

.bss_RAM2       0x0000000000000000        0x0
                0x0000000000000000                . = ALIGN (0x4)
                [!provide]                        PROVIDE (__start_bss_RAM2 = .)
 *(SORT_BY_ALIGNMENT(.bss.$RAM2))
 *(SORT_BY_ALIGNMENT(.bss.$SRAM_ITC))
 *(SORT_BY_ALIGNMENT(.bss.$RAM2.*))
 *(SORT_BY_ALIGNMENT(.bss.$SRAM_ITC.*))
                0x0000000000000000                . = ALIGN ((. != 0x0)?0x4:0x1)
                [!provide]                        PROVIDE (__end_bss_RAM2 = .)

.bss_RAM3       0x0000000020200000        0x0
                0x0000000020200000                . = ALIGN (0x4)
                [!provide]                        PROVIDE (__start_bss_RAM3 = .)
 *(SORT_BY_ALIGNMENT(.bss.$RAM3))
 *(SORT_BY_ALIGNMENT(.bss.$SRAM_OC))
 *(SORT_BY_ALIGNMENT(.bss.$RAM3.*))
 *(SORT_BY_ALIGNMENT(.bss.$SRAM_OC.*))
                0x0000000020200000                . = ALIGN ((. != 0x0)?0x4:0x1)
                [!provide]                        PROVIDE (__end_bss_RAM3 = .)

.bss_RAM4       0x0000000080000000        0x0
                0x0000000080000000                . = ALIGN (0x4)
                [!provide]                        PROVIDE (__start_bss_RAM4 = .)
 *(SORT_BY_ALIGNMENT(.bss.$RAM4))
 *(SORT_BY_ALIGNMENT(.bss.$BOARD_SDRAM))
 *(SORT_BY_ALIGNMENT(.bss.$RAM4.*))
 *(SORT_BY_ALIGNMENT(.bss.$BOARD_SDRAM.*))
                0x0000000080000000                . = ALIGN ((. != 0x0)?0x4:0x1)
                [!provide]                        PROVIDE (__end_bss_RAM4 = .)

.bss            0x0000000020000008     0x2ac0
                0x0000000020000008                . = ALIGN (0x4)
                0x0000000020000008                _bss = .
 *(SORT_BY_ALIGNMENT(NonCacheable))
 *(SORT_BY_ALIGNMENT(.bss*))
 .bss.s_debugConsoleState
                0x0000000020000008       0x1c ./utilities/fsl_debug_console.o
 .bss.g_serialHandle
                0x0000000020000024        0x4 ./utilities/fsl_debug_console.o
                0x0000000020000024                g_serialHandle
 .bss.TaskHandle_1
                0x0000000020000028        0x4 ./source/main.o
                0x0000000020000028                TaskHandle_1
 .bss.TaskHandle_2
                0x000000002000002c        0x4 ./source/main.o
                0x000000002000002c                TaskHandle_2
 .bss.TaskHandle_3
                0x0000000020000030        0x4 ./source/main.o
                0x0000000020000030                TaskHandle_3
 .bss.TaskHandle_4
                0x0000000020000034        0x4 ./source/main.o
                0x0000000020000034                TaskHandle_4
 .bss.g_xtalFreq
                0x0000000020000038        0x4 ./drivers/fsl_clock.o
                0x0000000020000038                g_xtalFreq
 .bss.g_rtcXtalFreq
                0x000000002000003c        0x4 ./drivers/fsl_clock.o
                0x000000002000003c                g_rtcXtalFreq
 .bss.s_lpuartHandle
                0x0000000020000040       0x24 ./drivers/fsl_lpuart.o
 .bss.s_lpuartIsr
                0x0000000020000064        0x4 ./drivers/fsl_lpuart.o
 .bss.ucHeap    0x0000000020000068     0x2800 ./amazon-freertos/FreeRTOS/portable/heap_4.o
 .bss.xStart    0x0000000020002868        0x8 ./amazon-freertos/FreeRTOS/portable/heap_4.o
 .bss.pxEnd     0x0000000020002870        0x4 ./amazon-freertos/FreeRTOS/portable/heap_4.o
 .bss.xFreeBytesRemaining
                0x0000000020002874        0x4 ./amazon-freertos/FreeRTOS/portable/heap_4.o
 .bss.xMinimumEverFreeBytesRemaining
                0x0000000020002878        0x4 ./amazon-freertos/FreeRTOS/portable/heap_4.o
 .bss.xBlockAllocatedBit
                0x000000002000287c        0x4 ./amazon-freertos/FreeRTOS/portable/heap_4.o
 .bss.ulMaxPRIGROUPValue
                0x0000000020002880        0x4 ./amazon-freertos/FreeRTOS/portable/port.o
 .bss.xQueueRegistry
                0x0000000020002884       0x40 ./amazon-freertos/FreeRTOS/queue.o
                0x0000000020002884                xQueueRegistry
 .bss.pxCurrentTCB
                0x00000000200028c4        0x4 ./amazon-freertos/FreeRTOS/tasks.o
                0x00000000200028c4                pxCurrentTCB
 .bss.pxReadyTasksLists
                0x00000000200028c8       0x64 ./amazon-freertos/FreeRTOS/tasks.o
 .bss.xDelayedTaskList1
                0x000000002000292c       0x14 ./amazon-freertos/FreeRTOS/tasks.o
 .bss.xDelayedTaskList2
                0x0000000020002940       0x14 ./amazon-freertos/FreeRTOS/tasks.o
 .bss.pxDelayedTaskList
                0x0000000020002954        0x4 ./amazon-freertos/FreeRTOS/tasks.o
 .bss.pxOverflowDelayedTaskList
                0x0000000020002958        0x4 ./amazon-freertos/FreeRTOS/tasks.o
 .bss.xPendingReadyList
                0x000000002000295c       0x14 ./amazon-freertos/FreeRTOS/tasks.o
 .bss.xTasksWaitingTermination
                0x0000000020002970       0x14 ./amazon-freertos/FreeRTOS/tasks.o
 .bss.uxDeletedTasksWaitingCleanUp
                0x0000000020002984        0x4 ./amazon-freertos/FreeRTOS/tasks.o
 .bss.xSuspendedTaskList
                0x0000000020002988       0x14 ./amazon-freertos/FreeRTOS/tasks.o
 .bss.uxCurrentNumberOfTasks
                0x000000002000299c        0x4 ./amazon-freertos/FreeRTOS/tasks.o
 .bss.xTickCount
                0x00000000200029a0        0x4 ./amazon-freertos/FreeRTOS/tasks.o
 .bss.uxTopReadyPriority
                0x00000000200029a4        0x4 ./amazon-freertos/FreeRTOS/tasks.o
 .bss.xSchedulerRunning
                0x00000000200029a8        0x4 ./amazon-freertos/FreeRTOS/tasks.o
 .bss.uxPendedTicks
                0x00000000200029ac        0x4 ./amazon-freertos/FreeRTOS/tasks.o
 .bss.xYieldPending
                0x00000000200029b0        0x4 ./amazon-freertos/FreeRTOS/tasks.o
 .bss.xNumOfOverflows
                0x00000000200029b4        0x4 ./amazon-freertos/FreeRTOS/tasks.o
 .bss.uxTaskNumber
                0x00000000200029b8        0x4 ./amazon-freertos/FreeRTOS/tasks.o
 .bss.xNextTaskUnblockTime
                0x00000000200029bc        0x4 ./amazon-freertos/FreeRTOS/tasks.o
 .bss.xIdleTaskHandle
                0x00000000200029c0        0x4 ./amazon-freertos/FreeRTOS/tasks.o
 .bss.uxSchedulerSuspended
                0x00000000200029c4        0x4 ./amazon-freertos/FreeRTOS/tasks.o
 .bss.xActiveTimerList1
                0x00000000200029c8       0x14 ./amazon-freertos/FreeRTOS/timers.o
 .bss.xActiveTimerList2
                0x00000000200029dc       0x14 ./amazon-freertos/FreeRTOS/timers.o
 .bss.pxCurrentTimerList
                0x00000000200029f0        0x4 ./amazon-freertos/FreeRTOS/timers.o
 .bss.pxOverflowTimerList
                0x00000000200029f4        0x4 ./amazon-freertos/FreeRTOS/timers.o
 .bss.xTimerQueue
                0x00000000200029f8        0x4 ./amazon-freertos/FreeRTOS/timers.o
 .bss.xTimerTaskHandle
                0x00000000200029fc        0x4 ./amazon-freertos/FreeRTOS/timers.o
 .bss.xLastTime.5928
                0x0000000020002a00        0x4 ./amazon-freertos/FreeRTOS/timers.o
 .bss.__Ciob    0x0000000020002a04       0xb4 /Applications/MCUXpressoIDE_11.0.0_2516/ide/plugins/com.nxp.mcuxpresso.tools.macosx_11.0.0.201905131304/tools/bin/../lib/gcc/arm-none-eabi/8.2.1/../../../../arm-none-eabi/lib/thumb/v7e-m+dp/hard/libcr_nohost_nf.a(__ciob.o)
                0x0000000020002a04                __Ciob
 .bss.__end_of_heap
                0x0000000020002ab8        0x4 /Applications/MCUXpressoIDE_11.0.0_2516/ide/plugins/com.nxp.mcuxpresso.tools.macosx_11.0.0.201905131304/tools/bin/../lib/gcc/arm-none-eabi/8.2.1/../../../../arm-none-eabi/lib/thumb/v7e-m+dp/hard/libcr_c.a(__init_alloc.o)
                0x0000000020002ab8                __end_of_heap