Archive member included to satisfy reference by file (symbol)

/Applications/MCUXpressoIDE_11.1.0_3209/ide/plugins/com.nxp.mcuxpresso.tools.macosx_11.1.0.201909161352/tools/bin/../lib/gcc/arm-none-eabi/8.3.1/../../../../arm-none-eabi/lib/thumb/v7e-m+dp/hard/libcr_nohost_nf.a(_cr__main.o)
                              ./startup/startup_mimxrt1052.o (__main)
/Applications/MCUXpressoIDE_11.1.0_3209/ide/plugins/com.nxp.mcuxpresso.tools.macosx_11.1.0.201909161352/tools/bin/../lib/gcc/arm-none-eabi/8.3.1/../../../../arm-none-eabi/lib/thumb/v7e-m+dp/hard/libcr_nohost_nf.a(_cr_assert.o)
                              ./utilities/fsl_debug_console.o (__assertion_failed)
/Applications/MCUXpressoIDE_11.1.0_3209/ide/plugins/com.nxp.mcuxpresso.tools.macosx_11.1.0.201909161352/tools/bin/../lib/gcc/arm-none-eabi/8.3.1/../../../../arm-none-eabi/lib/thumb/v7e-m+dp/hard/libcr_nohost_nf.a(__ciob.o)
                              /Applications/MCUXpressoIDE_11.1.0_3209/ide/plugins/com.nxp.mcuxpresso.tools.macosx_11.1.0.201909161352/tools/bin/../lib/gcc/arm-none-eabi/8.3.1/../../../../arm-none-eabi/lib/thumb/v7e-m+dp/hard/libcr_nohost_nf.a(_cr_assert.o) (__Ciob)
/Applications/MCUXpressoIDE_11.1.0_3209/ide/plugins/com.nxp.mcuxpresso.tools.macosx_11.1.0.201909161352/tools/bin/../lib/gcc/arm-none-eabi/8.3.1/../../../../arm-none-eabi/lib/thumb/v7e-m+dp/hard/libcr_nohost_nf.a(__sys_appexit.o)
                              /Applications/MCUXpressoIDE_11.1.0_3209/ide/plugins/com.nxp.mcuxpresso.tools.macosx_11.1.0.201909161352/tools/bin/../lib/gcc/arm-none-eabi/8.3.1/../../../../arm-none-eabi/lib/thumb/v7e-m+dp/hard/libcr_nohost_nf.a(_cr_assert.o) (__sys_appexit)
/Applications/MCUXpressoIDE_11.1.0_3209/ide/plugins/com.nxp.mcuxpresso.tools.macosx_11.1.0.201909161352/tools/bin/../lib/gcc/arm-none-eabi/8.3.1/../../../../arm-none-eabi/lib/thumb/v7e-m+dp/hard/libcr_c.a(memcpy.o)
                              ./amazon-freertos/FreeRTOS/queue.o (memcpy)
/Applications/MCUXpressoIDE_11.1.0_3209/ide/plugins/com.nxp.mcuxpresso.tools.macosx_11.1.0.201909161352/tools/bin/../lib/gcc/arm-none-eabi/8.3.1/../../../../arm-none-eabi/lib/thumb/v7e-m+dp/hard/libcr_c.a(memset.o)
                              ./utilities/fsl_debug_console.o (memset)
/Applications/MCUXpressoIDE_11.1.0_3209/ide/plugins/com.nxp.mcuxpresso.tools.macosx_11.1.0.201909161352/tools/bin/../lib/gcc/arm-none-eabi/8.3.1/../../../../arm-none-eabi/lib/thumb/v7e-m+dp/hard/libcr_c.a(_deferredlazyseek.o)
                              /Applications/MCUXpressoIDE_11.1.0_3209/ide/plugins/com.nxp.mcuxpresso.tools.macosx_11.1.0.201909161352/tools/bin/../lib/gcc/arm-none-eabi/8.3.1/../../../../arm-none-eabi/lib/thumb/v7e-m+dp/hard/libcr_nohost_nf.a(_cr_assert.o) (__flsbuf)
/Applications/MCUXpressoIDE_11.1.0_3209/ide/plugins/com.nxp.mcuxpresso.tools.macosx_11.1.0.201909161352/tools/bin/../lib/gcc/arm-none-eabi/8.3.1/../../../../arm-none-eabi/lib/thumb/v7e-m+dp/hard/libcr_c.a(_fflush.o)
                              /Applications/MCUXpressoIDE_11.1.0_3209/ide/plugins/com.nxp.mcuxpresso.tools.macosx_11.1.0.201909161352/tools/bin/../lib/gcc/arm-none-eabi/8.3.1/../../../../arm-none-eabi/lib/thumb/v7e-m+dp/hard/libcr_c.a(_deferredlazyseek.o) (_fflush)
/Applications/MCUXpressoIDE_11.1.0_3209/ide/plugins/com.nxp.mcuxpresso.tools.macosx_11.1.0.201909161352/tools/bin/../lib/gcc/arm-none-eabi/8.3.1/../../../../arm-none-eabi/lib/thumb/v7e-m+dp/hard/libcr_c.a(_writebuf.o)
                              /Applications/MCUXpressoIDE_11.1.0_3209/ide/plugins/com.nxp.mcuxpresso.tools.macosx_11.1.0.201909161352/tools/bin/../lib/gcc/arm-none-eabi/8.3.1/../../../../arm-none-eabi/lib/thumb/v7e-m+dp/hard/libcr_c.a(_deferredlazyseek.o) (_Cwritebuf)
/Applications/MCUXpressoIDE_11.1.0_3209/ide/plugins/com.nxp.mcuxpresso.tools.macosx_11.1.0.201909161352/tools/bin/../lib/gcc/arm-none-eabi/8.3.1/../../../../arm-none-eabi/lib/thumb/v7e-m+dp/hard/libcr_c.a(alloc.o)
                              ./drivers/fsl_common.o (malloc)
/Applications/MCUXpressoIDE_11.1.0_3209/ide/plugins/com.nxp.mcuxpresso.tools.macosx_11.1.0.201909161352/tools/bin/../lib/gcc/arm-none-eabi/8.3.1/../../../../arm-none-eabi/lib/thumb/v7e-m+dp/hard/libcr_c.a(fputs.o)
                              /Applications/MCUXpressoIDE_11.1.0_3209/ide/plugins/com.nxp.mcuxpresso.tools.macosx_11.1.0.201909161352/tools/bin/../lib/gcc/arm-none-eabi/8.3.1/../../../../arm-none-eabi/lib/thumb/v7e-m+dp/hard/libcr_nohost_nf.a(_cr_assert.o) (fputs)
/Applications/MCUXpressoIDE_11.1.0_3209/ide/plugins/com.nxp.mcuxpresso.tools.macosx_11.1.0.201909161352/tools/bin/../lib/gcc/arm-none-eabi/8.3.1/../../../../arm-none-eabi/lib/thumb/v7e-m+dp/hard/libcr_c.a(fseek.o)
                              /Applications/MCUXpressoIDE_11.1.0_3209/ide/plugins/com.nxp.mcuxpresso.tools.macosx_11.1.0.201909161352/tools/bin/../lib/gcc/arm-none-eabi/8.3.1/../../../../arm-none-eabi/lib/thumb/v7e-m+dp/hard/libcr_c.a(_deferredlazyseek.o) (fseek)
[...]
Memory Configuration

Name             Origin             Length             Attributes
BOARD_FLASH      0x0000000060000000 0x0000000004000000 xr
SRAM_DTC         0x0000000020000000 0x0000000000020000 xrw
SRAM_ITC         0x0000000000000000 0x0000000000020000 xrw
SRAM_OC          0x0000000020200000 0x0000000000040000 xrw
BOARD_SDRAM      0x0000000080000000 0x0000000002000000 xrw
*default*        0x0000000000000000 0xffffffffffffffff

Linker script and memory map

LOAD ./xip/evkbimxrt1050_flexspi_nor_config.o
LOAD ./xip/evkbimxrt1050_sdram_ini_dcd.o
LOAD ./xip/fsl_flexspi_nor_boot.o
LOAD ./utilities/fsl_assert.o
LOAD ./utilities/fsl_debug_console.o
LOAD ./utilities/fsl_str.o
LOAD ./startup/startup_mimxrt1052.o
LOAD ./source/lpuart.o
LOAD ./source/main.o
LOAD ./source/semihost_hardfault.o
LOAD ./drivers/freertos/fsl_lpuart_freertos.o
LOAD ./drivers/fsl_clock.o
LOAD ./drivers/fsl_common.o
LOAD ./drivers/fsl_gpio.o
LOAD ./drivers/fsl_lpuart.o
LOAD ./device/system_MIMXRT1052.o
LOAD ./component/uart/lpuart_adapter.o
LOAD ./component/serial_manager/serial_manager.o
LOAD ./component/serial_manager/serial_port_uart.o
LOAD ./component/lists/generic_list.o
LOAD ./board/board.o
LOAD ./board/clock_config.o
LOAD ./board/pin_mux.o
LOAD ./amazon-freertos/FreeRTOS/portable/fsl_tickless_systick.o
LOAD ./amazon-freertos/FreeRTOS/portable/heap_4.o
LOAD ./amazon-freertos/FreeRTOS/portable/port.o
LOAD ./amazon-freertos/FreeRTOS/event_groups.o
LOAD ./amazon-freertos/FreeRTOS/list.o
LOAD ./amazon-freertos/FreeRTOS/queue.o
LOAD ./amazon-freertos/FreeRTOS/stream_buffer.o
LOAD ./amazon-freertos/FreeRTOS/tasks.o
LOAD ./amazon-freertos/FreeRTOS/timers.o
START GROUP
LOAD /Applications/MCUXpressoIDE_11.1.0_3209/ide/plugins/com.nxp.mcuxpresso.tools.macosx_11.1.0.201909161352/tools/bin/../lib/gcc/arm-none-eabi/8.3.1/../../../../arm-none-eabi/lib/thumb/v7e-m+dp/hard/libcr_nohost_nf.a
LOAD /Applications/MCUXpressoIDE_11.1.0_3209/ide/plugins/com.nxp.mcuxpresso.tools.macosx_11.1.0.201909161352/tools/bin/../lib/gcc/arm-none-eabi/8.3.1/../../../../arm-none-eabi/lib/thumb/v7e-m+dp/hard/libcr_c.a
LOAD /Applications/MCUXpressoIDE_11.1.0_3209/ide/plugins/com.nxp.mcuxpresso.tools.macosx_11.1.0.201909161352/tools/bin/../lib/gcc/arm-none-eabi/8.3.1/thumb/v7e-m+dp/hard/libcr_eabihelpers.a
LOAD /Applications/MCUXpressoIDE_11.1.0_3209/ide/plugins/com.nxp.mcuxpresso.tools.macosx_11.1.0.201909161352/tools/bin/../lib/gcc/arm-none-eabi/8.3.1/thumb/v7e-m+dp/hard/libgcc.a
END GROUP
                0x0000000060000000                __base_BOARD_FLASH = 0x60000000
                0x0000000060000000                __base_Flash = 0x60000000
                0x0000000064000000                __top_BOARD_FLASH = 0x64000000
                0x0000000064000000                __top_Flash = 0x64000000
                0x0000000020000000                __base_SRAM_DTC = 0x20000000
                0x0000000020000000                __base_RAM = 0x20000000
                0x0000000020020000                __top_SRAM_DTC = 0x20020000
                0x0000000020020000                __top_RAM = 0x20020000
                0x0000000000000000                __base_SRAM_ITC = 0x0
                0x0000000000000000                __base_RAM2 = 0x0
                0x0000000000020000                __top_SRAM_ITC = 0x20000
                0x0000000000020000                __top_RAM2 = 0x20000
                0x0000000020200000                __base_SRAM_OC = 0x20200000
                0x0000000020200000                __base_RAM3 = 0x20200000
                0x0000000020240000                __top_SRAM_OC = 0x20240000
                0x0000000020240000                __top_RAM3 = 0x20240000
                0x0000000080000000                __base_BOARD_SDRAM = 0x80000000
                0x0000000080000000                __base_RAM4 = 0x80000000
                0x0000000082000000                __top_BOARD_SDRAM = 0x82000000
                0x0000000082000000                __top_RAM4 = 0x82000000

.boot_hdr       0x0000000060000000     0x2000
 FILL mask 0xff
                0x0000000060000000                __boot_hdr_start__ = ABSOLUTE (.)
 *(SORT_BY_ALIGNMENT(.boot_hdr.conf))
 .boot_hdr.conf
                0x0000000060000000      0x200 ./xip/evkbimxrt1050_flexspi_nor_config.o
                0x0000000060000000                hyperflash_config
                0x0000000000001000                . = 0x1000
 *fill*         0x0000000060000200      0xe00 ff
 *(SORT_BY_ALIGNMENT(.boot_hdr.ivt))
 .boot_hdr.ivt  0x0000000060001000       0x20 ./xip/fsl_flexspi_nor_boot.o
                0x0000000060001000                image_vector_table
                0x0000000000001020                . = 0x1020
 *(SORT_BY_ALIGNMENT(.boot_hdr.boot_data))
 .boot_hdr.boot_data
                0x0000000060001020       0x10 ./xip/fsl_flexspi_nor_boot.o
                0x0000000060001020                boot_data
                0x0000000000001030                . = 0x1030
 *(SORT_BY_ALIGNMENT(.boot_hdr.dcd_data))
                0x0000000060001030                __boot_hdr_end__ = ABSOLUTE (.)
                0x0000000000002000                . = 0x2000
 *fill*         0x0000000060001030      0xfd0 ff

.text           0x0000000060002000     0x8828
 FILL mask 0xff
                0x0000000060002000                __vectors_start__ = ABSOLUTE (.)
 *(SORT_BY_ALIGNMENT(.isr_vector))
 .isr_vector    0x0000000060002000      0x2a0 ./startup/startup_mimxrt1052.o
                0x0000000060002000                __Vectors
                0x0000000060002000                g_pfnVectors
                0x00000000600022a0                . = ALIGN (0x4)
                0x00000000600022a0                __section_table_start = .
                0x00000000600022a0                __data_section_table = .
                0x00000000600022a0        0x4 LONG 0x6000a828 LOADADDR (.data)
                0x00000000600022a4        0x4 LONG 0x20000000 ADDR (.data)
                0x00000000600022a8        0x4 LONG 0x70 SIZEOF (.data)
                0x00000000600022ac        0x4 LONG 0x6000a828 LOADADDR (.data_RAM2)
                0x00000000600022b0        0x4 LONG 0x0 ADDR (.data_RAM2)
                0x00000000600022b4        0x4 LONG 0x0 SIZEOF (.data_RAM2)
                0x00000000600022b8        0x4 LONG 0x6000a828 LOADADDR (.data_RAM3)
                0x00000000600022bc        0x4 LONG 0x20200000 ADDR (.data_RAM3)
                0x00000000600022c0        0x4 LONG 0x0 SIZEOF (.data_RAM3)
                0x00000000600022c4        0x4 LONG 0x6000a828 LOADADDR (.data_RAM4)
                0x00000000600022c8        0x4 LONG 0x80000000 ADDR (.data_RAM4)
                0x00000000600022cc        0x4 LONG 0x0 SIZEOF (.data_RAM4)
                0x00000000600022d0                __data_section_table_end = .
                0x00000000600022d0                __bss_section_table = .
                0x00000000600022d0        0x4 LONG 0x20000070 ADDR (.bss)
                0x00000000600022d4        0x4 LONG 0x2c28 SIZEOF (.bss)
                0x00000000600022d8        0x4 LONG 0x0 ADDR (.bss_RAM2)
                0x00000000600022dc        0x4 LONG 0x0 SIZEOF (.bss_RAM2)
                0x00000000600022e0        0x4 LONG 0x20200000 ADDR (.bss_RAM3)
                0x00000000600022e4        0x4 LONG 0x0 SIZEOF (.bss_RAM3)
                0x00000000600022e8        0x4 LONG 0x80000000 ADDR (.bss_RAM4)
                0x00000000600022ec        0x4 LONG 0x0 SIZEOF (.bss_RAM4)
                0x00000000600022f0                __bss_section_table_end = .
                0x00000000600022f0                __section_table_end = .
 *(SORT_BY_ALIGNMENT(.after_vectors*))
 .after_vectors.reset
                0x00000000600022f0       0x4c ./startup/startup_mimxrt1052.o
                0x00000000600022f0                ResetISR
 .after_vectors.init_data
                0x000000006000233c       0x1e ./startup/startup_mimxrt1052.o
                0x000000006000233c                data_init
 .after_vectors.init_bss
                0x000000006000235a       0x12 ./startup/startup_mimxrt1052.o
                0x000000006000235a                bss_init
 .after_vectors
                0x000000006000236c        0xc ./startup/startup_mimxrt1052.o
                0x000000006000236c                NMI_Handler
                0x0000000060002376                Reserved87_DriverIRQHandler
                0x0000000060002376                KPP_DriverIRQHandler
                0x0000000060002376                LPSPI2_DriverIRQHandler
                0x0000000060002376                LCDIF_DriverIRQHandler
                0x0000000060002376                SAI3_RX_DriverIRQHandler
                0x0000000060002376                CCM_2_DriverIRQHandler
                0x0000000060002376                PIT_DriverIRQHandler
                0x0000000060002376                PMU_EVENT_DriverIRQHandler
                0x0000000060002376                PWM4_FAULT_DriverIRQHandler
                0x0000000060002376                DMA13_DMA29_DriverIRQHandler
                0x0000000060002376                FLEXRAM_DriverIRQHandler
                0x0000000060002376                LPSPI4_DriverIRQHandler
                0x0000000060002376                SEMC_DriverIRQHandler
                0x0000000060002376                SPDIF_DriverIRQHandler
                0x0000000060002376                PWM4_3_DriverIRQHandler
                0x0000000060002376                USB_PHY1_DriverIRQHandler
                0x0000000060002376                GPIO3_Combined_0_15_DriverIRQHandler
                0x0000000060002376                DMA7_DMA23_DriverIRQHandler
                0x0000000060002376                BEE_DriverIRQHandler
                0x0000000060002376                LPI2C3_DriverIRQHandler
                0x0000000060002376                GPR_IRQ_DriverIRQHandler
                0x0000000060002376                PWM2_FAULT_DriverIRQHandler
                0x0000000060002376                PWM3_1_DriverIRQHandler
                0x0000000060002376                DMA14_DMA30_DriverIRQHandler
                0x0000000060002376                TMR1_DriverIRQHandler
                0x0000000060002376                TRNG_DriverIRQHandler
                0x0000000060002376                PWM3_2_DriverIRQHandler
                0x0000000060002376                ENET_1588_Timer_DriverIRQHandler
                0x0000000060002376                FLEXIO2_DriverIRQHandler
                0x0000000060002376                GPIO2_Combined_16_31_DriverIRQHandler
                0x0000000060002376                Reserved143_DriverIRQHandler
                0x0000000060002376                PWM4_1_DriverIRQHandler
                0x0000000060002376                PWM3_3_DriverIRQHandler
                0x0000000060002376                DMA0_DMA16_DriverIRQHandler
                0x0000000060002376                IntDefaultHandler
                0x0000000060002376                DMA2_DMA18_DriverIRQHandler
                0x0000000060002376                SRC_DriverIRQHandler
                0x0000000060002376                GPIO1_INT4_DriverIRQHandler
                0x0000000060002376                Reserved144_DriverIRQHandler
                0x0000000060002376                USDHC1_DriverIRQHandler
                0x0000000060002376                ENC3_DriverIRQHandler
                0x0000000060002376                PWM3_FAULT_DriverIRQHandler
                0x0000000060002376                EWM_DriverIRQHandler
                0x0000000060002376                TSC_DIG_DriverIRQHandler
                0x0000000060002376                WDOG1_DriverIRQHandler
                0x0000000060002376                FLEXIO1_DriverIRQHandler
                0x0000000060002376                ENET_DriverIRQHandler
                0x0000000060002376                Reserved78_DriverIRQHandler
                0x0000000060002376                TMR4_DriverIRQHandler
                0x0000000060002376                ENC2_DriverIRQHandler
                0x0000000060002376                ADC_ETC_IRQ2_DriverIRQHandler
                0x0000000060002376                GPIO1_Combined_16_31_DriverIRQHandler
                0x0000000060002376                GPIO1_INT7_DriverIRQHandler
                0x0000000060002376                SAI1_DriverIRQHandler
                0x0000000060002376                DCDC_DriverIRQHandler
                0x0000000060002376                DMA12_DMA28_DriverIRQHandler
                0x0000000060002376                PWM4_0_DriverIRQHandler
                0x0000000060002376                ADC_ETC_ERROR_IRQ_DriverIRQHandler
                0x0000000060002376                ACMP2_DriverIRQHandler
                0x0000000060002376                GPIO5_Combined_0_15_DriverIRQHandler
                0x0000000060002376                GPIO1_INT0_DriverIRQHandler
                0x0000000060002376                GPIO1_INT2_DriverIRQHandler
                0x0000000060002376                RTWDOG_DriverIRQHandler
                0x0000000060002376                FLEXSPI_DriverIRQHandler
                0x0000000060002376                GPT2_DriverIRQHandler
                0x0000000060002376                USB_PHY2_DriverIRQHandler
                0x0000000060002376                DMA10_DMA26_DriverIRQHandler
                0x0000000060002376                PWM2_1_DriverIRQHandler
                0x0000000060002376                PWM1_1_DriverIRQHandler
                0x0000000060002376                PXP_DriverIRQHandler
                0x0000000060002376                ADC1_DriverIRQHandler
                0x0000000060002376                PWM1_0_DriverIRQHandler
                0x0000000060002376                SJC_DriverIRQHandler
                0x0000000060002376                DMA1_DMA17_DriverIRQHandler
                0x0000000060002376                ENC1_DriverIRQHandler
                0x0000000060002376                ENC4_DriverIRQHandler
                0x0000000060002376                CAN2_DriverIRQHandler
                0x0000000060002376                DCP_DriverIRQHandler
                0x0000000060002376                CTI0_ERROR_DriverIRQHandler
                0x0000000060002376                DMA8_DMA24_DriverIRQHandler
                0x0000000060002376                GPT1_DriverIRQHandler
                0x0000000060002376                ACMP3_DriverIRQHandler
                0x0000000060002376                DMA6_DMA22_DriverIRQHandler
                0x0000000060002376                CSU_DriverIRQHandler
                0x0000000060002376                GPIO1_INT5_DriverIRQHandler
                0x0000000060002376                TMR3_DriverIRQHandler
                0x0000000060002376                TMR2_DriverIRQHandler
                0x0000000060002376                CTI1_ERROR_DriverIRQHandler
                0x0000000060002376                GPIO1_Combined_0_15_DriverIRQHandler
                0x0000000060002376                USDHC2_DriverIRQHandler
                0x0000000060002376                PWM4_2_DriverIRQHandler
                0x0000000060002376                SAI2_DriverIRQHandler
                0x0000000060002376                CORE_DriverIRQHandler
                0x0000000060002376                DMA11_DMA27_DriverIRQHandler
                0x0000000060002376                CSI_DriverIRQHandler
                0x0000000060002376                PWM2_3_DriverIRQHandler
                0x0000000060002376                XBAR1_IRQ_2_3_DriverIRQHandler
                0x0000000060002376                SNVS_HP_WRAPPER_TZ_DriverIRQHandler
                0x0000000060002376                GPIO3_Combined_16_31_DriverIRQHandler
                0x0000000060002376                PWM1_FAULT_DriverIRQHandler
                0x0000000060002376                LPI2C1_DriverIRQHandler
                0x0000000060002376                PWM2_2_DriverIRQHandler
                0x0000000060002376                DMA4_DMA20_DriverIRQHandler
                0x0000000060002376                DMA9_DMA25_DriverIRQHandler
                0x0000000060002376                SNVS_HP_WRAPPER_DriverIRQHandler
                0x0000000060002376                XBAR1_IRQ_0_1_DriverIRQHandler
                0x0000000060002376                ADC_ETC_IRQ1_DriverIRQHandler
                0x0000000060002376                LPSPI1_DriverIRQHandler
                0x0000000060002376                DMA3_DMA19_DriverIRQHandler
                0x0000000060002376                GPIO1_INT3_DriverIRQHandler
                0x0000000060002376                DCP_VMI_DriverIRQHandler
                0x0000000060002376                LPI2C4_DriverIRQHandler
                0x0000000060002376                GPC_DriverIRQHandler
                0x0000000060002376                Reserved123_DriverIRQHandler
                0x0000000060002376                GPIO2_Combined_0_15_DriverIRQHandler
                0x0000000060002376                PWM1_2_DriverIRQHandler
                0x0000000060002376                USB_OTG1_DriverIRQHandler
                0x0000000060002376                TEMP_LOW_HIGH_DriverIRQHandler
                0x0000000060002376                SAI3_TX_DriverIRQHandler
                0x0000000060002376                WDOG2_DriverIRQHandler
                0x0000000060002376                Reserved68_DriverIRQHandler
                0x0000000060002376                PWM3_0_DriverIRQHandler
                0x0000000060002376                GPIO4_Combined_0_15_DriverIRQHandler
                0x0000000060002376                GPIO4_Combined_16_31_DriverIRQHandler
                0x0000000060002376                GPIO5_Combined_16_31_DriverIRQHandler
                0x0000000060002376                DMA5_DMA21_DriverIRQHandler
                0x0000000060002376                CCM_1_DriverIRQHandler
                0x0000000060002376                ADC2_DriverIRQHandler
                0x0000000060002376                Reserved115_DriverIRQHandler
                0x0000000060002376                TEMP_PANIC_DriverIRQHandler
                0x0000000060002376                DMA15_DMA31_DriverIRQHandler
                0x0000000060002376                LPSPI3_DriverIRQHandler
                0x0000000060002376                PWM1_3_DriverIRQHandler
                0x0000000060002376                ACMP1_DriverIRQHandler
                0x0000000060002376                LPI2C2_DriverIRQHandler
                0x0000000060002376                Reserved86_DriverIRQHandler
                0x0000000060002376                DMA_ERROR_DriverIRQHandler
                0x0000000060002376                ADC_ETC_IRQ0_DriverIRQHandler
                0x0000000060002376                CAN1_DriverIRQHandler
                0x0000000060002376                GPIO1_INT6_DriverIRQHandler
                0x0000000060002376                GPIO1_INT1_DriverIRQHandler
                0x0000000060002376                PWM2_0_DriverIRQHandler
                0x0000000060002376                SNVS_LP_WRAPPER_DriverIRQHandler
                0x0000000060002376                ACMP4_DriverIRQHandler
                0x0000000060002376                USB_OTG2_DriverIRQHandler
 *(SORT_BY_ALIGNMENT(.text*))
 *fill*         0x0000000060002378        0x8 ff
 .text.SVC_Handler
                0x0000000060002380       0x28 ./amazon-freertos/FreeRTOS/portable/port.o
                0x0000000060002380                SVC_Handler
 *fill*         0x00000000600023a8        0x8 ff
 .text.PendSV_Handler
                0x00000000600023b0       0x68 ./amazon-freertos/FreeRTOS/portable/port.o
                0x00000000600023b0                PendSV_Handler
 .text.DbgConsole_SendData
                0x0000000060002418       0x58 ./utilities/fsl_debug_console.o
                0x0000000060002418                DbgConsole_SendData
 .text.DbgConsole_Init
                0x0000000060002470       0xf8 ./utilities/fsl_debug_console.o
                0x0000000060002470                DbgConsole_Init
 .text.DbgConsole_Printf
                0x0000000060002568       0x64 ./utilities/fsl_debug_console.o
                0x0000000060002568                DbgConsole_Printf
 .text.__NVIC_SetPriority
                0x00000000600025cc       0x54 ./source/lpuart.o
 .text.init_uart_tasks
                0x0000000060002620       0xc0 ./source/lpuart.o
                0x0000000060002620                init_uart_tasks
 .text.uart3_task
                0x00000000600026e0       0xe4 ./source/lpuart.o
                0x00000000600026e0                uart3_task
 .text.uart6_task
                0x00000000600027c4       0xe4 ./source/lpuart.o
                0x00000000600027c4                uart6_task
 .text.uart8_task
                0x00000000600028a8       0xe4 ./source/lpuart.o
                0x00000000600028a8                uart8_task
 .text.LPUART_RTOS_Callback
                0x000000006000298c       0xc4 ./drivers/freertos/fsl_lpuart_freertos.o
 .text.LPUART_RTOS_Init
                0x0000000060002a50      0x188 ./drivers/freertos/fsl_lpuart_freertos.o
                0x0000000060002a50                LPUART_RTOS_Init
 .text.CLOCK_GetOscFreq
                0x0000000060002bd8       0x30 ./drivers/fsl_clock.o
 .text.CLOCK_InitExternalClk
                0x0000000060002c08       0x6c ./drivers/fsl_clock.o
                0x0000000060002c08                CLOCK_InitExternalClk
 .text.CLOCK_SwitchOsc
                0x0000000060002c74       0x34 ./drivers/fsl_clock.o
                0x0000000060002c74                CLOCK_SwitchOsc
 .text.CLOCK_InitRcOsc24M
                0x0000000060002ca8       0x24 ./drivers/fsl_clock.o
                0x0000000060002ca8                CLOCK_InitRcOsc24M
 .text.CLOCK_InitArmPll
                0x0000000060002ccc       0x68 ./drivers/fsl_clock.o
                0x0000000060002ccc                CLOCK_InitArmPll
 .text.CLOCK_InitSysPll
                0x0000000060002d34       0x9c ./drivers/fsl_clock.o
                0x0000000060002d34                CLOCK_InitSysPll
 .text.CLOCK_DeinitUsb2Pll
                0x0000000060002dd0       0x18 ./drivers/fsl_clock.o
                0x0000000060002dd0                CLOCK_DeinitUsb2Pll
 .text.CLOCK_DeinitAudioPll
                0x0000000060002de8       0x1c ./drivers/fsl_clock.o
                0x0000000060002de8                CLOCK_DeinitAudioPll
 .text.CLOCK_DeinitVideoPll
                0x0000000060002e04       0x1c ./drivers/fsl_clock.o
                0x0000000060002e04                CLOCK_DeinitVideoPll
 .text.CLOCK_DeinitEnetPll
                0x0000000060002e20       0x1c ./drivers/fsl_clock.o
                0x0000000060002e20                CLOCK_DeinitEnetPll
 .text.CLOCK_GetPllFreq
                0x0000000060002e3c      0x300 ./drivers/fsl_clock.o
                0x0000000060002e3c                CLOCK_GetPllFreq
 .text.CLOCK_InitSysPfd
                0x000000006000313c       0x64 ./drivers/fsl_clock.o
                0x000000006000313c                CLOCK_InitSysPfd
 .text.__NVIC_EnableIRQ
                0x00000000600031a0       0x3c ./drivers/fsl_lpuart.o
 .text.CLOCK_ControlGate
                0x00000000600031dc       0x64 ./drivers/fsl_lpuart.o
 .text.LPUART_GetInstance
                0x0000000060003240       0x4c ./drivers/fsl_lpuart.o
                0x0000000060003240                LPUART_GetInstance
 .text.LPUART_TransferGetRxRingBufferLength
                0x000000006000328c       0x60 ./drivers/fsl_lpuart.o
                0x000000006000328c                LPUART_TransferGetRxRingBufferLength
 .text.LPUART_TransferIsRxRingBufferFull
                0x00000000600032ec       0x44 ./drivers/fsl_lpuart.o
 .text.LPUART_WriteNonBlocking
                0x0000000060003330       0x48 ./drivers/fsl_lpuart.o
 .text.LPUART_ReadNonBlocking
                0x0000000060003378       0x98 ./drivers/fsl_lpuart.o
 .text.LPUART_Init
                0x0000000060003410      0x304 ./drivers/fsl_lpuart.o
                0x0000000060003410                LPUART_Init
 .text.LPUART_GetDefaultConfig
                0x0000000060003714       0x88 ./drivers/fsl_lpuart.o
                0x0000000060003714                LPUART_GetDefaultConfig
 .text.LPUART_GetEnabledInterrupts
                0x000000006000379c       0x44 ./drivers/fsl_lpuart.o
                0x000000006000379c                LPUART_GetEnabledInterrupts
 .text.LPUART_ClearStatusFlags
                0x00000000600037e0       0xa4 ./drivers/fsl_lpuart.o
                0x00000000600037e0                LPUART_ClearStatusFlags
 .text.LPUART_WriteBlocking
                0x0000000060003884       0x4c ./drivers/fsl_lpuart.o
                0x0000000060003884                LPUART_WriteBlocking
 .text.LPUART_TransferCreateHandle
                0x00000000600038d0       0xc0 ./drivers/fsl_lpuart.o
                0x00000000600038d0                LPUART_TransferCreateHandle
 .text.LPUART_TransferStartRingBuffer
                0x0000000060003990       0x58 ./drivers/fsl_lpuart.o
                0x0000000060003990                LPUART_TransferStartRingBuffer
 .text.LPUART_TransferSendNonBlocking
                0x00000000600039e8       0x9c ./drivers/fsl_lpuart.o
                0x00000000600039e8                LPUART_TransferSendNonBlocking
 .text.LPUART_TransferReceiveNonBlocking
                0x0000000060003a84      0x198 ./drivers/fsl_lpuart.o
                0x0000000060003a84                LPUART_TransferReceiveNonBlocking
 .text.LPUART_TransferAbortReceive
                0x0000000060003c1c       0x44 ./drivers/fsl_lpuart.o
                0x0000000060003c1c                LPUART_TransferAbortReceive
 .text.LPUART_TransferHandleIRQ
                0x0000000060003c60      0x390 ./drivers/fsl_lpuart.o
                0x0000000060003c60                LPUART_TransferHandleIRQ
 .text.LPUART1_DriverIRQHandler
                0x0000000060003ff0       0x24 ./drivers/fsl_lpuart.o
                0x0000000060003ff0                LPUART1_DriverIRQHandler
 .text.LPUART2_DriverIRQHandler
                0x0000000060004014       0x24 ./drivers/fsl_lpuart.o
                0x0000000060004014                LPUART2_DriverIRQHandler
 .text.LPUART3_DriverIRQHandler
                0x0000000060004038       0x24 ./drivers/fsl_lpuart.o
                0x0000000060004038                LPUART3_DriverIRQHandler
 .text.LPUART4_DriverIRQHandler
                0x000000006000405c       0x24 ./drivers/fsl_lpuart.o
                0x000000006000405c                LPUART4_DriverIRQHandler
 .text.LPUART5_DriverIRQHandler
                0x0000000060004080       0x24 ./drivers/fsl_lpuart.o
                0x0000000060004080                LPUART5_DriverIRQHandler
 .text.LPUART6_DriverIRQHandler
                0x00000000600040a4       0x24 ./drivers/fsl_lpuart.o
                0x00000000600040a4                LPUART6_DriverIRQHandler
 .text.LPUART7_DriverIRQHandler
                0x00000000600040c8       0x24 ./drivers/fsl_lpuart.o
                0x00000000600040c8                LPUART7_DriverIRQHandler
 .text.LPUART8_DriverIRQHandler
                0x00000000600040ec       0x24 ./drivers/fsl_lpuart.o
                0x00000000600040ec                LPUART8_DriverIRQHandler
 .text.SCB_EnableICache
                0x0000000060004110       0x40 ./device/system_MIMXRT1052.o
 .text.SCB_EnableDCache
                0x0000000060004150       0x80 ./device/system_MIMXRT1052.o
 .text.SystemInit
                0x00000000600041d0       0xf4 ./device/system_MIMXRT1052.o
                0x00000000600041d0                SystemInit
 .text.HAL_UartInit
                0x00000000600042c4      0x100 ./component/uart/lpuart_adapter.o
                0x00000000600042c4                HAL_UartInit
 .text.HAL_UartSendBlocking
                0x00000000600043c4       0x64 ./component/uart/lpuart_adapter.o
                0x00000000600043c4                HAL_UartSendBlocking
 .text.SerialManager_Write
                0x0000000060004428       0x6c ./component/serial_manager/serial_manager.o
 .text.SerialManager_Init
                0x0000000060004494       0x74 ./component/serial_manager/serial_manager.o
                0x0000000060004494                SerialManager_Init
 .text.SerialManager_OpenWriteHandle
                0x0000000060004508       0x58 ./component/serial_manager/serial_manager.o
                0x0000000060004508                SerialManager_OpenWriteHandle
 .text.SerialManager_OpenReadHandle
                0x0000000060004560       0x60 ./component/serial_manager/serial_manager.o
                0x0000000060004560                SerialManager_OpenReadHandle
 .text.Serial_UartInit
                0x00000000600045c0       0x80 ./component/serial_manager/serial_port_uart.o
                0x00000000600045c0                Serial_UartInit
 .text.Serial_UartWrite
                0x0000000060004640       0x58 ./component/serial_manager/serial_port_uart.o
                0x0000000060004640                Serial_UartWrite
 .text.ARM_MPU_Enable
                0x0000000060004698       0x3c ./board/board.o
 .text.ARM_MPU_Disable
                0x00000000600046d4       0x38 ./board/board.o
 .text.SCB_EnableICache
                0x000000006000470c       0x40 ./board/board.o
 .text.SCB_DisableICache
                0x000000006000474c       0x38 ./board/board.o
 .text.SCB_EnableDCache
                0x0000000060004784       0x80 ./board/board.o
 .text.SCB_DisableDCache
                0x0000000060004804       0x68 ./board/board.o
 .text.CLOCK_GetMux
                0x000000006000486c       0x44 ./board/board.o
 .text.CLOCK_GetDiv
                0x00000000600048b0       0x44 ./board/board.o
 .text.CLOCK_GetOscFreq
                0x00000000600048f4       0x30 ./board/board.o
 .text.BOARD_DebugConsoleSrcFreq
                0x0000000060004924       0x64 ./board/board.o
                0x0000000060004924                BOARD_DebugConsoleSrcFreq
 .text.BOARD_ConfigMPU
                0x0000000060004988       0xec ./board/board.o
                0x0000000060004988                BOARD_ConfigMPU
 .text.CLOCK_SetMux
                0x0000000060004a74       0x9c ./board/clock_config.o
 .text.CLOCK_SetDiv
                0x0000000060004b10       0x9c ./board/clock_config.o
 .text.CLOCK_ControlGate
                0x0000000060004bac       0x64 ./board/clock_config.o
 .text.CLOCK_SetXtalFreq
                0x0000000060004c10       0x20 ./board/clock_config.o
 .text.CLOCK_SetRtcXtalFreq
                0x0000000060004c30       0x20 ./board/clock_config.o
 .text.IOMUXC_EnableMode
                0x0000000060004c50       0x48 ./board/clock_config.o
 .text.IOMUXC_MQSConfig
                0x0000000060004c98       0x44 ./board/clock_config.o
 .text.BOARD_BootClockRUN
                0x0000000060004cdc      0x628 ./board/clock_config.o
                0x0000000060004cdc                BOARD_BootClockRUN
 .text.CLOCK_ControlGate
                0x0000000060005304       0x64 ./board/pin_mux.o
 .text.BOARD_InitPins
                0x0000000060005368      0x220 ./board/pin_mux.o
                0x0000000060005368                BOARD_InitPins
 .text.vPortSetupTimerInterrupt
                0x0000000060005588       0x48 ./amazon-freertos/FreeRTOS/portable/fsl_tickless_systick.o
                0x0000000060005588                vPortSetupTimerInterrupt
 .text.pvPortMalloc
                0x00000000600055d0      0x184 ./amazon-freertos/FreeRTOS/portable/heap_4.o
                0x00000000600055d0                pvPortMalloc
 .text.vPortFree
                0x0000000060005754       0xb0 ./amazon-freertos/FreeRTOS/portable/heap_4.o
                0x0000000060005754                vPortFree
 .text.prvHeapInit
                0x0000000060005804       0xc4 ./amazon-freertos/FreeRTOS/portable/heap_4.o
 .text.prvInsertBlockIntoFreeList
                0x00000000600058c8       0xb4 ./amazon-freertos/FreeRTOS/portable/heap_4.o
 .text.pxPortInitialiseStack
                0x000000006000597c       0x68 ./amazon-freertos/FreeRTOS/portable/port.o
                0x000000006000597c                pxPortInitialiseStack
 .text.prvTaskExitError
                0x00000000600059e4       0x54 ./amazon-freertos/FreeRTOS/portable/port.o
 .text.prvPortStartFirstTask
                0x0000000060005a38       0x28 ./amazon-freertos/FreeRTOS/portable/port.o
 .text.xPortStartScheduler
                0x0000000060005a60      0x13c ./amazon-freertos/FreeRTOS/portable/port.o
                0x0000000060005a60                xPortStartScheduler
 .text.vPortEnterCritical
                0x0000000060005b9c       0x5c ./amazon-freertos/FreeRTOS/portable/port.o
                0x0000000060005b9c                vPortEnterCritical
 .text.vPortExitCritical
                0x0000000060005bf8       0x50 ./amazon-freertos/FreeRTOS/portable/port.o
                0x0000000060005bf8                vPortExitCritical
 .text.SysTick_Handler
                0x0000000060005c48       0x40 ./amazon-freertos/FreeRTOS/portable/port.o
                0x0000000060005c48                SysTick_Handler
 .text.vPortEnableVFP
                0x0000000060005c88       0x14 ./amazon-freertos/FreeRTOS/portable/port.o
 .text.vPortValidateInterruptPriority
                0x0000000060005c9c       0x7c ./amazon-freertos/FreeRTOS/portable/port.o
                0x0000000060005c9c                vPortValidateInterruptPriority
 .text.xEventGroupWaitBits
                0x0000000060005d18      0x194 ./amazon-freertos/FreeRTOS/event_groups.o
                0x0000000060005d18                xEventGroupWaitBits
 .text.xEventGroupSetBitsFromISR
                0x0000000060005eac       0x28 ./amazon-freertos/FreeRTOS/event_groups.o
                0x0000000060005eac                xEventGroupSetBitsFromISR
 .text.xQueueGenericReset
                0x0000000060005ed4       0xd0 ./amazon-freertos/FreeRTOS/queue.o
                0x0000000060005ed4                xQueueGenericReset
 .text.xQueueGenericSend
                0x0000000060005fa4      0x1f4 ./amazon-freertos/FreeRTOS/queue.o
                0x0000000060005fa4                xQueueGenericSend
 .text.xQueueReceive
                0x0000000060006198      0x1b8 ./amazon-freertos/FreeRTOS/queue.o
                0x0000000060006198                xQueueReceive
 .text.xQueueSemaphoreTake
                0x0000000060006350      0x210 ./amazon-freertos/FreeRTOS/queue.o
                0x0000000060006350                xQueueSemaphoreTake
 .text.vQueueAddToRegistry
                0x0000000060006560       0x50 ./amazon-freertos/FreeRTOS/queue.o
                0x0000000060006560                vQueueAddToRegistry
 .text.vQueueUnregisterQueue
                0x00000000600065b0       0x54 ./amazon-freertos/FreeRTOS/queue.o
                0x00000000600065b0                vQueueUnregisterQueue
 .text.prvAddNewTaskToReadyList
                0x0000000060006604       0xdc ./amazon-freertos/FreeRTOS/tasks.o
 .text.vTaskStartScheduler
                0x00000000600066e0       0x98 ./amazon-freertos/FreeRTOS/tasks.o
                0x00000000600066e0                vTaskStartScheduler
 .text.vTaskSuspendAll
                0x0000000060006778       0x1c ./amazon-freertos/FreeRTOS/tasks.o
                0x0000000060006778                vTaskSuspendAll
 .text.xTaskResumeAll
                0x0000000060006794      0x138 ./amazon-freertos/FreeRTOS/tasks.o
                0x0000000060006794                xTaskResumeAll
 .text.xTaskGetTickCount
                0x00000000600068cc       0x20 ./amazon-freertos/FreeRTOS/tasks.o
                0x00000000600068cc                xTaskGetTickCount
 .text.xTaskIncrementTick
                0x00000000600068ec      0x150 ./amazon-freertos/FreeRTOS/tasks.o
                0x00000000600068ec                xTaskIncrementTick
 .text.vTaskSwitchContext
                0x0000000060006a3c       0xb4 ./amazon-freertos/FreeRTOS/tasks.o
                0x0000000060006a3c                vTaskSwitchContext
 .text.vTaskPlaceOnEventList
                0x0000000060006af0       0x48 ./amazon-freertos/FreeRTOS/tasks.o
                0x0000000060006af0                vTaskPlaceOnEventList
 .text.vTaskPlaceOnUnorderedEventList
                0x0000000060006b38       0x74 ./amazon-freertos/FreeRTOS/tasks.o
                0x0000000060006b38                vTaskPlaceOnUnorderedEventList
 .text.vTaskPlaceOnEventListRestricted
                0x0000000060006bac       0x54 ./amazon-freertos/FreeRTOS/tasks.o
                0x0000000060006bac                vTaskPlaceOnEventListRestricted
 .text.xTaskRemoveFromEventList
                0x0000000060006c00       0xc4 ./amazon-freertos/FreeRTOS/tasks.o
                0x0000000060006c00                xTaskRemoveFromEventList
 .text.vTaskRemoveFromUnorderedEventList
                0x0000000060006cc4       0xc0 ./amazon-freertos/FreeRTOS/tasks.o
                0x0000000060006cc4                vTaskRemoveFromUnorderedEventList
 .text.vTaskInternalSetTimeOutState
                0x0000000060006d84       0x2c ./amazon-freertos/FreeRTOS/tasks.o
                0x0000000060006d84                vTaskInternalSetTimeOutState
 .text.xTaskCheckForTimeOut
                0x0000000060006db0       0xc0 ./amazon-freertos/FreeRTOS/tasks.o
                0x0000000060006db0                xTaskCheckForTimeOut
 .text.vTaskMissedYield
                0x0000000060006e70       0x18 ./amazon-freertos/FreeRTOS/tasks.o
                0x0000000060006e70                vTaskMissedYield
 .text.prvIdleTask
                0x0000000060006e88       0x30 ./amazon-freertos/FreeRTOS/tasks.o
 .text.prvInitialiseTaskLists
                0x0000000060006eb8       0x80 ./amazon-freertos/FreeRTOS/tasks.o
 .text.prvCheckTasksWaitingTermination
                0x0000000060006f38       0x58 ./amazon-freertos/FreeRTOS/tasks.o
 .text.prvResetNextTaskUnblockTime
                0x0000000060006f90       0x40 ./amazon-freertos/FreeRTOS/tasks.o
 .text.xTaskGetSchedulerState
                0x0000000060006fd0       0x3c ./amazon-freertos/FreeRTOS/tasks.o
                0x0000000060006fd0                xTaskGetSchedulerState
 .text.xTaskPriorityInherit
                0x000000006000700c      0x100 ./amazon-freertos/FreeRTOS/tasks.o
                0x000000006000700c                xTaskPriorityInherit
 .text.xTaskPriorityDisinherit
                0x000000006000710c      0x108 ./amazon-freertos/FreeRTOS/tasks.o
                0x000000006000710c                xTaskPriorityDisinherit
 .text.vTaskPriorityDisinheritAfterTimeout
                0x0000000060007214      0x130 ./amazon-freertos/FreeRTOS/tasks.o
                0x0000000060007214                vTaskPriorityDisinheritAfterTimeout
 .text.uxTaskResetEventItemValue
                0x0000000060007344       0x30 ./amazon-freertos/FreeRTOS/tasks.o
                0x0000000060007344                uxTaskResetEventItemValue
 .text.pvTaskIncrementMutexHeldCount
                0x0000000060007374       0x28 ./amazon-freertos/FreeRTOS/tasks.o
                0x0000000060007374                pvTaskIncrementMutexHeldCount
 .text.prvAddCurrentTaskToDelayedList
                0x000000006000739c       0xcc ./amazon-freertos/FreeRTOS/tasks.o
 .text.xTimerCreateTimerTask
                0x0000000060007468       0x60 ./amazon-freertos/FreeRTOS/timers.o
                0x0000000060007468                xTimerCreateTimerTask
 .text.xTimerGenericCommand
                0x00000000600074c8       0x98 ./amazon-freertos/FreeRTOS/timers.o
                0x00000000600074c8                xTimerGenericCommand
 .text.prvProcessExpiredTimer
                0x0000000060007560       0x80 ./amazon-freertos/FreeRTOS/timers.o
 .text.prvProcessTimerOrBlockTask
                0x00000000600075e0       0x9c ./amazon-freertos/FreeRTOS/timers.o
 .text.prvGetNextExpireTime
                0x000000006000767c       0x48 ./amazon-freertos/FreeRTOS/timers.o
 .text.prvSampleTimeNow
                0x00000000600076c4       0x40 ./amazon-freertos/FreeRTOS/timers.o
 .text.prvInsertTimerInActiveList
                0x0000000060007704       0x84 ./amazon-freertos/FreeRTOS/timers.o
 .text.prvProcessReceivedCommands
                0x0000000060007788      0x154 ./amazon-freertos/FreeRTOS/timers.o
 .text.prvSwitchTimerLists
                0x00000000600078dc       0xc0 ./amazon-freertos/FreeRTOS/timers.o
 .text.prvCheckForValidListAndQueue
                0x000000006000799c       0x6c ./amazon-freertos/FreeRTOS/timers.o
 .text.xTimerPendFunctionCallFromISR
                0x0000000060007a08       0x40 ./amazon-freertos/FreeRTOS/timers.o
                0x0000000060007a08                xTimerPendFunctionCallFromISR
 .text.__assertion_failed
                0x0000000060007a48       0x4c /Applications/MCUXpressoIDE_11.1.0_3209/ide/plugins/com.nxp.mcuxpresso.tools.macosx_11.1.0.201909161352/tools/bin/../lib/gcc/arm-none-eabi/8.3.1/../../../../arm-none-eabi/lib/thumb/v7e-m+dp/hard/libcr_nohost_nf.a(_cr_assert.o)
                0x0000000060007a48                __assertion_failed
 .text._Cwritebuf
                0x0000000060007a94       0x6c /Applications/MCUXpressoIDE_11.1.0_3209/ide/plugins/com.nxp.mcuxpresso.tools.macosx_11.1.0.201909161352/tools/bin/../lib/gcc/arm-none-eabi/8.3.1/../../../../arm-none-eabi/lib/thumb/v7e-m+dp/hard/libcr_c.a(_writebuf.o)
                0x0000000060007a94                _Cwritebuf
 .text.malloc   0x0000000060007b00       0xc8 /Applications/MCUXpressoIDE_11.1.0_3209/ide/plugins/com.nxp.mcuxpresso.tools.macosx_11.1.0.201909161352/tools/bin/../lib/gcc/arm-none-eabi/8.3.1/../../../../arm-none-eabi/lib/thumb/v7e-m+dp/hard/libcr_c.a(alloc.o)
                0x0000000060007b00                malloc
 .text._Csys_alloc
                0x0000000060007bc8       0x20 /Applications/MCUXpressoIDE_11.1.0_3209/ide/plugins/com.nxp.mcuxpresso.tools.macosx_11.1.0.201909161352/tools/bin/../lib/gcc/arm-none-eabi/8.3.1/../../../../arm-none-eabi/lib/thumb/v7e-m+dp/hard/libcr_c.a(alloc.o)
                0x0000000060007bc8                _Csys_alloc
 .text.fseek    0x0000000060007be8      0x100 /Applications/MCUXpressoIDE_11.1.0_3209/ide/plugins/com.nxp.mcuxpresso.tools.macosx_11.1.0.201909161352/tools/bin/../lib/gcc/arm-none-eabi/8.3.1/../../../../arm-none-eabi/lib/thumb/v7e-m+dp/hard/libcr_c.a(fseek.o)
                0x0000000060007be8                fseek
 .text.ftell    0x0000000060007ce8       0x48 /Applications/MCUXpressoIDE_11.1.0_3209/ide/plugins/com.nxp.mcuxpresso.tools.macosx_11.1.0.201909161352/tools/bin/../lib/gcc/arm-none-eabi/8.3.1/../../../../arm-none-eabi/lib/thumb/v7e-m+dp/hard/libcr_c.a(ftell.o)
                0x0000000060007ce8                ftell
 .text._initio  0x0000000060007d30       0x78 /Applications/MCUXpressoIDE_11.1.0_3209/ide/plugins/com.nxp.mcuxpresso.tools.macosx_11.1.0.201909161352/tools/bin/../lib/gcc/arm-none-eabi/8.3.1/../../../../arm-none-eabi/lib/thumb/v7e-m+dp/hard/libcr_c.a(initio.o)
                0x0000000060007d30                _initio
 .text.setvbuf  0x0000000060007da8       0x40 /Applications/MCUXpressoIDE_11.1.0_3209/ide/plugins/com.nxp.mcuxpresso.tools.macosx_11.1.0.201909161352/tools/bin/../lib/gcc/arm-none-eabi/8.3.1/../../../../arm-none-eabi/lib/thumb/v7e-m+dp/hard/libcr_c.a(setvbuf.o)
                0x0000000060007da8                setvbuf
 .text._sbrk    0x0000000060007de8       0x3c /Applications/MCUXpressoIDE_11.1.0_3209/ide/plugins/com.nxp.mcuxpresso.tools.macosx_11.1.0.201909161352/tools/bin/../lib/gcc/arm-none-eabi/8.3.1/../../../../arm-none-eabi/lib/thumb/v7e-m+dp/hard/libcr_c.a(_cr_sbrk.o)
                0x0000000060007de8                _sbrk
 .text.fflush   0x0000000060007e24       0x44 /Applications/MCUXpressoIDE_11.1.0_3209/ide/plugins/com.nxp.mcuxpresso.tools.macosx_11.1.0.201909161352/tools/bin/../lib/gcc/arm-none-eabi/8.3.1/../../../../arm-none-eabi/lib/thumb/v7e-m+dp/hard/libcr_c.a(fflush.o)
                0x0000000060007e24                fflush
 .text.__check_heap_overflow
                0x0000000060007e68       0x18 /Applications/MCUXpressoIDE_11.1.0_3209/ide/plugins/com.nxp.mcuxpresso.tools.macosx_11.1.0.201909161352/tools/bin/../lib/gcc/arm-none-eabi/8.3.1/../../../../arm-none-eabi/lib/thumb/v7e-m+dp/hard/libcr_c.a(_cr_check_heap.o)
                0x0000000060007e68                __check_heap_overflow
 .text.DbgConsole_PrintCallback
                0x0000000060007e80       0x64 ./utilities/fsl_debug_console.o
 .text.ConvertRadixNumToString
                0x0000000060007ee4      0x114 ./utilities/fsl_str.o
 .text.StrFormatPrintf
                0x0000000060007ff8      0x30c ./utilities/fsl_str.o
                0x0000000060007ff8                StrFormatPrintf
 .text.DMA0_DMA16_IRQHandler
                0x0000000060008304        0x8 ./startup/startup_mimxrt1052.o
                0x0000000060008304                DMA0_DMA16_IRQHandler
 .text.DMA1_DMA17_IRQHandler
                0x000000006000830c        0x8 ./startup/startup_mimxrt1052.o
                0x000000006000830c                DMA1_DMA17_IRQHandler
 .text.DMA2_DMA18_IRQHandler
                0x0000000060008314        0x8 ./startup/startup_mimxrt1052.o
                0x0000000060008314                DMA2_DMA18_IRQHandler
 .text.DMA3_DMA19_IRQHandler
                0x000000006000831c        0x8 ./startup/startup_mimxrt1052.o
                0x000000006000831c                DMA3_DMA19_IRQHandler
 .text.DMA4_DMA20_IRQHandler
                0x0000000060008324        0x8 ./startup/startup_mimxrt1052.o
                0x0000000060008324                DMA4_DMA20_IRQHandler
 .text.DMA5_DMA21_IRQHandler
                0x000000006000832c        0x8 ./startup/startup_mimxrt1052.o
                0x000000006000832c                DMA5_DMA21_IRQHandler
 .text.DMA6_DMA22_IRQHandler
                0x0000000060008334        0x8 ./startup/startup_mimxrt1052.o
                0x0000000060008334                DMA6_DMA22_IRQHandler
 .text.DMA7_DMA23_IRQHandler
                0x000000006000833c        0x8 ./startup/startup_mimxrt1052.o
                0x000000006000833c                DMA7_DMA23_IRQHandler
 .text.DMA8_DMA24_IRQHandler
                0x0000000060008344        0x8 ./startup/startup_mimxrt1052.o
                0x0000000060008344                DMA8_DMA24_IRQHandler
 .text.DMA9_DMA25_IRQHandler
                0x000000006000834c        0x8 ./startup/startup_mimxrt1052.o
                0x000000006000834c                DMA9_DMA25_IRQHandler
 .text.DMA10_DMA26_IRQHandler
                0x0000000060008354        0x8 ./startup/startup_mimxrt1052.o
                0x0000000060008354                DMA10_DMA26_IRQHandler
 .text.DMA11_DMA27_IRQHandler
                0x000000006000835c        0x8 ./startup/startup_mimxrt1052.o
                0x000000006000835c                DMA11_DMA27_IRQHandler
 .text.DMA12_DMA28_IRQHandler
                0x0000000060008364        0x8 ./startup/startup_mimxrt1052.o
                0x0000000060008364                DMA12_DMA28_IRQHandler
 .text.DMA13_DMA29_IRQHandler
                0x000000006000836c        0x8 ./startup/startup_mimxrt1052.o
                0x000000006000836c                DMA13_DMA29_IRQHandler
 .text.DMA14_DMA30_IRQHandler
                0x0000000060008374        0x8 ./startup/startup_mimxrt1052.o
                0x0000000060008374                DMA14_DMA30_IRQHandler
 .text.DMA15_DMA31_IRQHandler
                0x000000006000837c        0x8 ./startup/startup_mimxrt1052.o
                0x000000006000837c                DMA15_DMA31_IRQHandler
 .text.DMA_ERROR_IRQHandler
                0x0000000060008384        0x8 ./startup/startup_mimxrt1052.o
                0x0000000060008384                DMA_ERROR_IRQHandler
 .text.CTI0_ERROR_IRQHandler
                0x000000006000838c        0x8 ./startup/startup_mimxrt1052.o
                0x000000006000838c                CTI0_ERROR_IRQHandler
 .text.CTI1_ERROR_IRQHandler
                0x0000000060008394        0x8 ./startup/startup_mimxrt1052.o
                0x0000000060008394                CTI1_ERROR_IRQHandler
 .text.CORE_IRQHandler
                0x000000006000839c        0x8 ./startup/startup_mimxrt1052.o
                0x000000006000839c                CORE_IRQHandler
 .text.LPUART1_IRQHandler
                0x00000000600083a4        0x8 ./startup/startup_mimxrt1052.o
                0x00000000600083a4                LPUART1_IRQHandler
 .text.LPUART2_IRQHandler
                0x00000000600083ac        0x8 ./startup/startup_mimxrt1052.o
                0x00000000600083ac                LPUART2_IRQHandler
 .text.LPUART3_IRQHandler
                0x00000000600083b4        0x8 ./startup/startup_mimxrt1052.o
                0x00000000600083b4                LPUART3_IRQHandler
 .text.LPUART4_IRQHandler
                0x00000000600083bc        0x8 ./startup/startup_mimxrt1052.o
                0x00000000600083bc                LPUART4_IRQHandler
 .text.LPUART5_IRQHandler
                0x00000000600083c4        0x8 ./startup/startup_mimxrt1052.o
                0x00000000600083c4                LPUART5_IRQHandler
 .text.LPUART6_IRQHandler
                0x00000000600083cc        0x8 ./startup/startup_mimxrt1052.o
                0x00000000600083cc                LPUART6_IRQHandler
 .text.LPUART7_IRQHandler
                0x00000000600083d4        0x8 ./startup/startup_mimxrt1052.o
                0x00000000600083d4                LPUART7_IRQHandler
 .text.LPUART8_IRQHandler
                0x00000000600083dc        0x8 ./startup/startup_mimxrt1052.o
                0x00000000600083dc                LPUART8_IRQHandler
 .text.LPI2C1_IRQHandler
                0x00000000600083e4        0x8 ./startup/startup_mimxrt1052.o
                0x00000000600083e4                LPI2C1_IRQHandler
 .text.LPI2C2_IRQHandler
                0x00000000600083ec        0x8 ./startup/startup_mimxrt1052.o
                0x00000000600083ec                LPI2C2_IRQHandler
 .text.LPI2C3_IRQHandler
                0x00000000600083f4        0x8 ./startup/startup_mimxrt1052.o
                0x00000000600083f4                LPI2C3_IRQHandler
 .text.LPI2C4_IRQHandler
                0x00000000600083fc        0x8 ./startup/startup_mimxrt1052.o
                0x00000000600083fc                LPI2C4_IRQHandler
 .text.LPSPI1_IRQHandler
                0x0000000060008404        0x8 ./startup/startup_mimxrt1052.o
                0x0000000060008404                LPSPI1_IRQHandler
 .text.LPSPI2_IRQHandler
                0x000000006000840c        0x8 ./startup/startup_mimxrt1052.o
                0x000000006000840c                LPSPI2_IRQHandler
 .text.LPSPI3_IRQHandler
                0x0000000060008414        0x8 ./startup/startup_mimxrt1052.o
                0x0000000060008414                LPSPI3_IRQHandler
 .text.LPSPI4_IRQHandler
                0x000000006000841c        0x8 ./startup/startup_mimxrt1052.o
                0x000000006000841c                LPSPI4_IRQHandler
 .text.CAN1_IRQHandler
                0x0000000060008424        0x8 ./startup/startup_mimxrt1052.o
                0x0000000060008424                CAN1_IRQHandler
 .text.CAN2_IRQHandler
                0x000000006000842c        0x8 ./startup/startup_mimxrt1052.o
                0x000000006000842c                CAN2_IRQHandler
 .text.FLEXRAM_IRQHandler
                0x0000000060008434        0x8 ./startup/startup_mimxrt1052.o
                0x0000000060008434                FLEXRAM_IRQHandler
 .text.KPP_IRQHandler
                0x000000006000843c        0x8 ./startup/startup_mimxrt1052.o
                0x000000006000843c                KPP_IRQHandler
 .text.TSC_DIG_IRQHandler
                0x0000000060008444        0x8 ./startup/startup_mimxrt1052.o
                0x0000000060008444                TSC_DIG_IRQHandler
 .text.GPR_IRQ_IRQHandler
                0x000000006000844c        0x8 ./startup/startup_mimxrt1052.o
                0x000000006000844c                GPR_IRQ_IRQHandler
 .text.LCDIF_IRQHandler
                0x0000000060008454        0x8 ./startup/startup_mimxrt1052.o
                0x0000000060008454                LCDIF_IRQHandler
 .text.CSI_IRQHandler
                0x000000006000845c        0x8 ./startup/startup_mimxrt1052.o
                0x000000006000845c                CSI_IRQHandler
 .text.PXP_IRQHandler
                0x0000000060008464        0x8 ./startup/startup_mimxrt1052.o
                0x0000000060008464                PXP_IRQHandler
 .text.WDOG2_IRQHandler
                0x000000006000846c        0x8 ./startup/startup_mimxrt1052.o
                0x000000006000846c                WDOG2_IRQHandler
 .text.SNVS_HP_WRAPPER_IRQHandler
                0x0000000060008474        0x8 ./startup/startup_mimxrt1052.o
                0x0000000060008474                SNVS_HP_WRAPPER_IRQHandler
 .text.SNVS_HP_WRAPPER_TZ_IRQHandler
                0x000000006000847c        0x8 ./startup/startup_mimxrt1052.o
                0x000000006000847c                SNVS_HP_WRAPPER_TZ_IRQHandler
 .text.SNVS_LP_WRAPPER_IRQHandler
                0x0000000060008484        0x8 ./startup/startup_mimxrt1052.o
                0x0000000060008484                SNVS_LP_WRAPPER_IRQHandler
 .text.CSU_IRQHandler
                0x000000006000848c        0x8 ./startup/startup_mimxrt1052.o
                0x000000006000848c                CSU_IRQHandler
 .text.DCP_IRQHandler
                0x0000000060008494        0x8 ./startup/startup_mimxrt1052.o
                0x0000000060008494                DCP_IRQHandler
 .text.DCP_VMI_IRQHandler
                0x000000006000849c        0x8 ./startup/startup_mimxrt1052.o
                0x000000006000849c                DCP_VMI_IRQHandler
 .text.Reserved68_IRQHandler
                0x00000000600084a4        0x8 ./startup/startup_mimxrt1052.o
                0x00000000600084a4                Reserved68_IRQHandler
 .text.TRNG_IRQHandler
                0x00000000600084ac        0x8 ./startup/startup_mimxrt1052.o
                0x00000000600084ac                TRNG_IRQHandler
 .text.SJC_IRQHandler
                0x00000000600084b4        0x8 ./startup/startup_mimxrt1052.o
                0x00000000600084b4                SJC_IRQHandler
 .text.BEE_IRQHandler
                0x00000000600084bc        0x8 ./startup/startup_mimxrt1052.o
                0x00000000600084bc                BEE_IRQHandler
 .text.SAI1_IRQHandler
                0x00000000600084c4        0x8 ./startup/startup_mimxrt1052.o
                0x00000000600084c4                SAI1_IRQHandler
 .text.SAI2_IRQHandler
                0x00000000600084cc        0x8 ./startup/startup_mimxrt1052.o
                0x00000000600084cc                SAI2_IRQHandler
 .text.SAI3_RX_IRQHandler
                0x00000000600084d4        0x8 ./startup/startup_mimxrt1052.o
                0x00000000600084d4                SAI3_RX_IRQHandler
 .text.SAI3_TX_IRQHandler
                0x00000000600084dc        0x8 ./startup/startup_mimxrt1052.o
                0x00000000600084dc                SAI3_TX_IRQHandler
 .text.SPDIF_IRQHandler
                0x00000000600084e4        0x8 ./startup/startup_mimxrt1052.o
                0x00000000600084e4                SPDIF_IRQHandler
 .text.PMU_EVENT_IRQHandler
                0x00000000600084ec        0x8 ./startup/startup_mimxrt1052.o
                0x00000000600084ec                PMU_EVENT_IRQHandler
 .text.Reserved78_IRQHandler
                0x00000000600084f4        0x8 ./startup/startup_mimxrt1052.o
                0x00000000600084f4                Reserved78_IRQHandler
 .text.TEMP_LOW_HIGH_IRQHandler
                0x00000000600084fc        0x8 ./startup/startup_mimxrt1052.o
                0x00000000600084fc                TEMP_LOW_HIGH_IRQHandler
 .text.TEMP_PANIC_IRQHandler
                0x0000000060008504        0x8 ./startup/startup_mimxrt1052.o
                0x0000000060008504                TEMP_PANIC_IRQHandler
 .text.USB_PHY1_IRQHandler
                0x000000006000850c        0x8 ./startup/startup_mimxrt1052.o
                0x000000006000850c                USB_PHY1_IRQHandler
 .text.USB_PHY2_IRQHandler
                0x0000000060008514        0x8 ./startup/startup_mimxrt1052.o
                0x0000000060008514                USB_PHY2_IRQHandler
 .text.ADC1_IRQHandler
                0x000000006000851c        0x8 ./startup/startup_mimxrt1052.o
                0x000000006000851c                ADC1_IRQHandler
 .text.ADC2_IRQHandler
                0x0000000060008524        0x8 ./startup/startup_mimxrt1052.o
                0x0000000060008524                ADC2_IRQHandler
 .text.DCDC_IRQHandler
                0x000000006000852c        0x8 ./startup/startup_mimxrt1052.o
                0x000000006000852c                DCDC_IRQHandler
 .text.Reserved86_IRQHandler
                0x0000000060008534        0x8 ./startup/startup_mimxrt1052.o
                0x0000000060008534                Reserved86_IRQHandler
 .text.Reserved87_IRQHandler
                0x000000006000853c        0x8 ./startup/startup_mimxrt1052.o
                0x000000006000853c                Reserved87_IRQHandler
 .text.GPIO1_INT0_IRQHandler
                0x0000000060008544        0x8 ./startup/startup_mimxrt1052.o
                0x0000000060008544                GPIO1_INT0_IRQHandler
 .text.GPIO1_INT1_IRQHandler
                0x000000006000854c        0x8 ./startup/startup_mimxrt1052.o
                0x000000006000854c                GPIO1_INT1_IRQHandler
 .text.GPIO1_INT2_IRQHandler
                0x0000000060008554        0x8 ./startup/startup_mimxrt1052.o
                0x0000000060008554                GPIO1_INT2_IRQHandler
 .text.GPIO1_INT3_IRQHandler
                0x000000006000855c        0x8 ./startup/startup_mimxrt1052.o
                0x000000006000855c                GPIO1_INT3_IRQHandler
 .text.GPIO1_INT4_IRQHandler
                0x0000000060008564        0x8 ./startup/startup_mimxrt1052.o
                0x0000000060008564                GPIO1_INT4_IRQHandler
 .text.GPIO1_INT5_IRQHandler
                0x000000006000856c        0x8 ./startup/startup_mimxrt1052.o
                0x000000006000856c                GPIO1_INT5_IRQHandler
 .text.GPIO1_INT6_IRQHandler
                0x0000000060008574        0x8 ./startup/startup_mimxrt1052.o
                0x0000000060008574                GPIO1_INT6_IRQHandler
 .text.GPIO1_INT7_IRQHandler
                0x000000006000857c        0x8 ./startup/startup_mimxrt1052.o
                0x000000006000857c                GPIO1_INT7_IRQHandler
 .text.GPIO1_Combined_0_15_IRQHandler
                0x0000000060008584        0x8 ./startup/startup_mimxrt1052.o
                0x0000000060008584                GPIO1_Combined_0_15_IRQHandler
 .text.GPIO1_Combined_16_31_IRQHandler
                0x000000006000858c        0x8 ./startup/startup_mimxrt1052.o
                0x000000006000858c                GPIO1_Combined_16_31_IRQHandler
 .text.GPIO2_Combined_0_15_IRQHandler
                0x0000000060008594        0x8 ./startup/startup_mimxrt1052.o
                0x0000000060008594                GPIO2_Combined_0_15_IRQHandler
 .text.GPIO2_Combined_16_31_IRQHandler
                0x000000006000859c        0x8 ./startup/startup_mimxrt1052.o
                0x000000006000859c                GPIO2_Combined_16_31_IRQHandler
 .text.GPIO3_Combined_0_15_IRQHandler
                0x00000000600085a4        0x8 ./startup/startup_mimxrt1052.o
                0x00000000600085a4                GPIO3_Combined_0_15_IRQHandler
 .text.GPIO3_Combined_16_31_IRQHandler
                0x00000000600085ac        0x8 ./startup/startup_mimxrt1052.o
                0x00000000600085ac                GPIO3_Combined_16_31_IRQHandler
 .text.GPIO4_Combined_0_15_IRQHandler
                0x00000000600085b4        0x8 ./startup/startup_mimxrt1052.o
                0x00000000600085b4                GPIO4_Combined_0_15_IRQHandler
 .text.GPIO4_Combined_16_31_IRQHandler
                0x00000000600085bc        0x8 ./startup/startup_mimxrt1052.o
                0x00000000600085bc                GPIO4_Combined_16_31_IRQHandler
 .text.GPIO5_Combined_0_15_IRQHandler
                0x00000000600085c4        0x8 ./startup/startup_mimxrt1052.o
                0x00000000600085c4                GPIO5_Combined_0_15_IRQHandler
 .text.GPIO5_Combined_16_31_IRQHandler
                0x00000000600085cc        0x8 ./startup/startup_mimxrt1052.o
                0x00000000600085cc                GPIO5_Combined_16_31_IRQHandler
 .text.FLEXIO1_IRQHandler
                0x00000000600085d4        0x8 ./startup/startup_mimxrt1052.o
                0x00000000600085d4                FLEXIO1_IRQHandler
 .text.FLEXIO2_IRQHandler
                0x00000000600085dc        0x8 ./startup/startup_mimxrt1052.o
                0x00000000600085dc                FLEXIO2_IRQHandler
 .text.WDOG1_IRQHandler
                0x00000000600085e4        0x8 ./startup/startup_mimxrt1052.o
                0x00000000600085e4                WDOG1_IRQHandler
 .text.RTWDOG_IRQHandler
                0x00000000600085ec        0x8 ./startup/startup_mimxrt1052.o
                0x00000000600085ec                RTWDOG_IRQHandler
 .text.EWM_IRQHandler
                0x00000000600085f4        0x8 ./startup/startup_mimxrt1052.o
                0x00000000600085f4                EWM_IRQHandler
 .text.CCM_1_IRQHandler
                0x00000000600085fc        0x8 ./startup/startup_mimxrt1052.o
                0x00000000600085fc                CCM_1_IRQHandler
 .text.CCM_2_IRQHandler
                0x0000000060008604        0x8 ./startup/startup_mimxrt1052.o
                0x0000000060008604                CCM_2_IRQHandler
 .text.GPC_IRQHandler
                0x000000006000860c        0x8 ./startup/startup_mimxrt1052.o
                0x000000006000860c                GPC_IRQHandler
 .text.SRC_IRQHandler
                0x0000000060008614        0x8 ./startup/startup_mimxrt1052.o
                0x0000000060008614                SRC_IRQHandler
 .text.Reserved115_IRQHandler
                0x000000006000861c        0x8 ./startup/startup_mimxrt1052.o
                0x000000006000861c                Reserved115_IRQHandler
 .text.GPT1_IRQHandler
                0x0000000060008624        0x8 ./startup/startup_mimxrt1052.o
                0x0000000060008624                GPT1_IRQHandler
 .text.GPT2_IRQHandler
                0x000000006000862c        0x8 ./startup/startup_mimxrt1052.o
                0x000000006000862c                GPT2_IRQHandler
 .text.PWM1_0_IRQHandler
                0x0000000060008634        0x8 ./startup/startup_mimxrt1052.o
                0x0000000060008634                PWM1_0_IRQHandler
 .text.PWM1_1_IRQHandler
                0x000000006000863c        0x8 ./startup/startup_mimxrt1052.o
                0x000000006000863c                PWM1_1_IRQHandler
 .text.PWM1_2_IRQHandler
                0x0000000060008644        0x8 ./startup/startup_mimxrt1052.o
                0x0000000060008644                PWM1_2_IRQHandler
 .text.PWM1_3_IRQHandler
                0x000000006000864c        0x8 ./startup/startup_mimxrt1052.o
                0x000000006000864c                PWM1_3_IRQHandler
 .text.PWM1_FAULT_IRQHandler
                0x0000000060008654        0x8 ./startup/startup_mimxrt1052.o
                0x0000000060008654                PWM1_FAULT_IRQHandler
 .text.Reserved123_IRQHandler
                0x000000006000865c        0x8 ./startup/startup_mimxrt1052.o
                0x000000006000865c                Reserved123_IRQHandler
 .text.FLEXSPI_IRQHandler
                0x0000000060008664        0x8 ./startup/startup_mimxrt1052.o
                0x0000000060008664                FLEXSPI_IRQHandler
 .text.SEMC_IRQHandler
                0x000000006000866c        0x8 ./startup/startup_mimxrt1052.o
                0x000000006000866c                SEMC_IRQHandler
 .text.USDHC1_IRQHandler
                0x0000000060008674        0x8 ./startup/startup_mimxrt1052.o
                0x0000000060008674                USDHC1_IRQHandler
 .text.USDHC2_IRQHandler
                0x000000006000867c        0x8 ./startup/startup_mimxrt1052.o
                0x000000006000867c                USDHC2_IRQHandler
 .text.USB_OTG2_IRQHandler
                0x0000000060008684        0x8 ./startup/startup_mimxrt1052.o
                0x0000000060008684                USB_OTG2_IRQHandler
 .text.USB_OTG1_IRQHandler
                0x000000006000868c        0x8 ./startup/startup_mimxrt1052.o
                0x000000006000868c                USB_OTG1_IRQHandler
 .text.ENET_IRQHandler
                0x0000000060008694        0x8 ./startup/startup_mimxrt1052.o
                0x0000000060008694                ENET_IRQHandler
 .text.ENET_1588_Timer_IRQHandler
                0x000000006000869c        0x8 ./startup/startup_mimxrt1052.o
                0x000000006000869c                ENET_1588_Timer_IRQHandler
 .text.XBAR1_IRQ_0_1_IRQHandler
                0x00000000600086a4        0x8 ./startup/startup_mimxrt1052.o
                0x00000000600086a4                XBAR1_IRQ_0_1_IRQHandler
 .text.XBAR1_IRQ_2_3_IRQHandler
                0x00000000600086ac        0x8 ./startup/startup_mimxrt1052.o
                0x00000000600086ac                XBAR1_IRQ_2_3_IRQHandler
 .text.ADC_ETC_IRQ0_IRQHandler
                0x00000000600086b4        0x8 ./startup/startup_mimxrt1052.o
                0x00000000600086b4                ADC_ETC_IRQ0_IRQHandler
 .text.ADC_ETC_IRQ1_IRQHandler
                0x00000000600086bc        0x8 ./startup/startup_mimxrt1052.o
                0x00000000600086bc                ADC_ETC_IRQ1_IRQHandler
 .text.ADC_ETC_IRQ2_IRQHandler
                0x00000000600086c4        0x8 ./startup/startup_mimxrt1052.o
                0x00000000600086c4                ADC_ETC_IRQ2_IRQHandler
 .text.ADC_ETC_ERROR_IRQ_IRQHandler
                0x00000000600086cc        0x8 ./startup/startup_mimxrt1052.o
                0x00000000600086cc                ADC_ETC_ERROR_IRQ_IRQHandler
 .text.PIT_IRQHandler
                0x00000000600086d4        0x8 ./startup/startup_mimxrt1052.o
                0x00000000600086d4                PIT_IRQHandler
 .text.ACMP1_IRQHandler
                0x00000000600086dc        0x8 ./startup/startup_mimxrt1052.o
                0x00000000600086dc                ACMP1_IRQHandler
 .text.ACMP2_IRQHandler
                0x00000000600086e4        0x8 ./startup/startup_mimxrt1052.o
                0x00000000600086e4                ACMP2_IRQHandler
 .text.ACMP3_IRQHandler
                0x00000000600086ec        0x8 ./startup/startup_mimxrt1052.o
                0x00000000600086ec                ACMP3_IRQHandler
 .text.ACMP4_IRQHandler
                0x00000000600086f4        0x8 ./startup/startup_mimxrt1052.o
                0x00000000600086f4                ACMP4_IRQHandler
 .text.Reserved143_IRQHandler
                0x00000000600086fc        0x8 ./startup/startup_mimxrt1052.o
                0x00000000600086fc                Reserved143_IRQHandler
 .text.Reserved144_IRQHandler
                0x0000000060008704        0x8 ./startup/startup_mimxrt1052.o
                0x0000000060008704                Reserved144_IRQHandler
 .text.ENC1_IRQHandler
                0x000000006000870c        0x8 ./startup/startup_mimxrt1052.o
                0x000000006000870c                ENC1_IRQHandler
 .text.ENC2_IRQHandler
                0x0000000060008714        0x8 ./startup/startup_mimxrt1052.o
                0x0000000060008714                ENC2_IRQHandler
 .text.ENC3_IRQHandler
                0x000000006000871c        0x8 ./startup/startup_mimxrt1052.o
                0x000000006000871c                ENC3_IRQHandler
 .text.ENC4_IRQHandler
                0x0000000060008724        0x8 ./startup/startup_mimxrt1052.o
                0x0000000060008724                ENC4_IRQHandler
 .text.TMR1_IRQHandler
                0x000000006000872c        0x8 ./startup/startup_mimxrt1052.o
                0x000000006000872c                TMR1_IRQHandler
 .text.TMR2_IRQHandler
                0x0000000060008734        0x8 ./startup/startup_mimxrt1052.o
                0x0000000060008734                TMR2_IRQHandler
 .text.TMR3_IRQHandler
                0x000000006000873c        0x8 ./startup/startup_mimxrt1052.o
                0x000000006000873c                TMR3_IRQHandler
 .text.TMR4_IRQHandler
                0x0000000060008744        0x8 ./startup/startup_mimxrt1052.o
                0x0000000060008744                TMR4_IRQHandler
 .text.PWM2_0_IRQHandler
                0x000000006000874c        0x8 ./startup/startup_mimxrt1052.o
                0x000000006000874c                PWM2_0_IRQHandler
 .text.PWM2_1_IRQHandler
                0x0000000060008754        0x8 ./startup/startup_mimxrt1052.o
                0x0000000060008754                PWM2_1_IRQHandler
 .text.PWM2_2_IRQHandler
                0x000000006000875c        0x8 ./startup/startup_mimxrt1052.o
                0x000000006000875c                PWM2_2_IRQHandler
 .text.PWM2_3_IRQHandler
                0x0000000060008764        0x8 ./startup/startup_mimxrt1052.o
                0x0000000060008764                PWM2_3_IRQHandler
 .text.PWM2_FAULT_IRQHandler
                0x000000006000876c        0x8 ./startup/startup_mimxrt1052.o
                0x000000006000876c                PWM2_FAULT_IRQHandler
 .text.PWM3_0_IRQHandler
                0x0000000060008774        0x8 ./startup/startup_mimxrt1052.o
                0x0000000060008774                PWM3_0_IRQHandler
 .text.PWM3_1_IRQHandler
                0x000000006000877c        0x8 ./startup/startup_mimxrt1052.o
                0x000000006000877c                PWM3_1_IRQHandler
 .text.PWM3_2_IRQHandler
                0x0000000060008784        0x8 ./startup/startup_mimxrt1052.o
                0x0000000060008784                PWM3_2_IRQHandler
 .text.PWM3_3_IRQHandler
                0x000000006000878c        0x8 ./startup/startup_mimxrt1052.o
                0x000000006000878c                PWM3_3_IRQHandler
 .text.PWM3_FAULT_IRQHandler
                0x0000000060008794        0x8 ./startup/startup_mimxrt1052.o
                0x0000000060008794                PWM3_FAULT_IRQHandler
 .text.PWM4_0_IRQHandler
                0x000000006000879c        0x8 ./startup/startup_mimxrt1052.o
                0x000000006000879c                PWM4_0_IRQHandler
 .text.PWM4_1_IRQHandler
                0x00000000600087a4        0x8 ./startup/startup_mimxrt1052.o
                0x00000000600087a4                PWM4_1_IRQHandler
 .text.PWM4_2_IRQHandler
                0x00000000600087ac        0x8 ./startup/startup_mimxrt1052.o
                0x00000000600087ac                PWM4_2_IRQHandler
 .text.PWM4_3_IRQHandler
                0x00000000600087b4        0x8 ./startup/startup_mimxrt1052.o
                0x00000000600087b4                PWM4_3_IRQHandler
 .text.PWM4_FAULT_IRQHandler
                0x00000000600087bc        0x8 ./startup/startup_mimxrt1052.o
                0x00000000600087bc                PWM4_FAULT_IRQHandler
 .text.main     0x00000000600087c4       0x1e ./source/main.o
                0x00000000600087c4                main
 .text.HardFault_Handler
                0x00000000600087e2       0x2c ./source/semihost_hardfault.o
                0x00000000600087e2                HardFault_Handler
 .text.LPUART_EnableTx
                0x000000006000880e       0x38 ./drivers/freertos/fsl_lpuart_freertos.o
 .text.LPUART_EnableRx
                0x0000000060008846       0x38 ./drivers/freertos/fsl_lpuart_freertos.o
 .text.LPUART_RTOS_Send
                0x000000006000887e       0xaa ./drivers/freertos/fsl_lpuart_freertos.o
                0x000000006000887e                LPUART_RTOS_Send
 .text.LPUART_RTOS_Receive
                0x0000000060008928      0x13a ./drivers/freertos/fsl_lpuart_freertos.o
                0x0000000060008928                LPUART_RTOS_Receive
 .text.CLOCK_IsPllBypassed
                0x0000000060008a62       0x32 ./drivers/fsl_clock.o
 .text.CLOCK_IsPllEnabled
                0x0000000060008a94       0x3c ./drivers/fsl_clock.o
 .text.CLOCK_GetPllBypassRefClk
                0x0000000060008ad0       0x34 ./drivers/fsl_clock.o
 .text.CLOCK_EnableClock
                0x0000000060008b04       0x1e ./drivers/fsl_lpuart.o
 .text.EnableIRQ
                0x0000000060008b22       0x2c ./drivers/fsl_lpuart.o
 .text.LPUART_SoftwareReset
                0x0000000060008b4e       0x2c ./drivers/fsl_lpuart.o
 .text.LPUART_EnableInterrupts
                0x0000000060008b7a       0x52 ./drivers/fsl_lpuart.o
                0x0000000060008b7a                LPUART_EnableInterrupts
 .text.LPUART_DisableInterrupts
                0x0000000060008bcc       0x58 ./drivers/fsl_lpuart.o
                0x0000000060008bcc                LPUART_DisableInterrupts
 .text.LPUART_GetStatusFlags
                0x0000000060008c24       0x2c ./drivers/fsl_lpuart.o
                0x0000000060008c24                LPUART_GetStatusFlags
 .text.SystemInitHook
                0x0000000060008c50        0xe ./device/system_MIMXRT1052.o
                0x0000000060008c50                SystemInitHook
 .text.HAL_UartGetStatus
                0x0000000060008c5e       0x22 ./component/uart/lpuart_adapter.o
 .text.SerialManager_StartWriting
                0x0000000060008c80       0x46 ./component/serial_manager/serial_manager.o
 .text.SerialManager_WriteBlocking
                0x0000000060008cc6       0x20 ./component/serial_manager/serial_manager.o
                0x0000000060008cc6                SerialManager_WriteBlocking
 .text.BOARD_InitDebugConsole
                0x0000000060008ce6       0x22 ./board/board.o
                0x0000000060008ce6                BOARD_InitDebugConsole
 .text.CLOCK_DisableClock
                0x0000000060008d08       0x1e ./board/clock_config.o
 .text.CLOCK_SetPllBypass
                0x0000000060008d26       0x4e ./board/clock_config.o
 .text.IOMUXC_SetSaiMClkClockSource
                0x0000000060008d74       0x6c ./board/clock_config.o
 .text.CLOCK_EnableClock
                0x0000000060008de0       0x1e ./board/pin_mux.o
 .text.IOMUXC_SetPinMux
                0x0000000060008dfe       0x3a ./board/pin_mux.o
 .text.xEventGroupCreate
                0x0000000060008e38       0x2e ./amazon-freertos/FreeRTOS/event_groups.o
                0x0000000060008e38                xEventGroupCreate
 .text.xEventGroupClearBits
                0x0000000060008e66       0x6c ./amazon-freertos/FreeRTOS/event_groups.o
                0x0000000060008e66                xEventGroupClearBits
 .text.xEventGroupSetBits
                0x0000000060008ed2      0x112 ./amazon-freertos/FreeRTOS/event_groups.o
                0x0000000060008ed2                xEventGroupSetBits
 .text.vEventGroupDelete
                0x0000000060008fe4       0x60 ./amazon-freertos/FreeRTOS/event_groups.o
                0x0000000060008fe4                vEventGroupDelete
 .text.vEventGroupSetBitsCallback
                0x0000000060009044       0x1a ./amazon-freertos/FreeRTOS/event_groups.o
                0x0000000060009044                vEventGroupSetBitsCallback
 .text.prvTestWaitCondition
                0x000000006000905e       0x44 ./amazon-freertos/FreeRTOS/event_groups.o
 .text.vListInitialise
                0x00000000600090a2       0x40 ./amazon-freertos/FreeRTOS/list.o
                0x00000000600090a2                vListInitialise
 .text.vListInitialiseItem
                0x00000000600090e2       0x1a ./amazon-freertos/FreeRTOS/list.o
                0x00000000600090e2                vListInitialiseItem
 .text.vListInsertEnd
                0x00000000600090fc       0x48 ./amazon-freertos/FreeRTOS/list.o
                0x00000000600090fc                vListInsertEnd
 .text.vListInsert
                0x0000000060009144       0x72 ./amazon-freertos/FreeRTOS/list.o
                0x0000000060009144                vListInsert
 .text.uxListRemove
                0x00000000600091b6       0x54 ./amazon-freertos/FreeRTOS/list.o
                0x00000000600091b6                uxListRemove
 .text.xQueueGenericCreate
                0x000000006000920a       0x76 ./amazon-freertos/FreeRTOS/queue.o
                0x000000006000920a                xQueueGenericCreate
 .text.prvInitialiseNewQueue
                0x0000000060009280       0x46 ./amazon-freertos/FreeRTOS/queue.o
 .text.prvInitialiseMutex
                0x00000000600092c6       0x34 ./amazon-freertos/FreeRTOS/queue.o
 .text.xQueueCreateMutex
                0x00000000600092fa       0x30 ./amazon-freertos/FreeRTOS/queue.o
                0x00000000600092fa                xQueueCreateMutex
 .text.xQueueGenericSendFromISR
                0x000000006000932a      0x128 ./amazon-freertos/FreeRTOS/queue.o
                0x000000006000932a                xQueueGenericSendFromISR
 .text.vQueueDelete
                0x0000000060009452       0x3a ./amazon-freertos/FreeRTOS/queue.o
                0x0000000060009452                vQueueDelete
 .text.prvGetDisinheritPriorityAfterTimeout
                0x000000006000948c       0x30 ./amazon-freertos/FreeRTOS/queue.o
 .text.prvCopyDataToQueue
                0x00000000600094bc       0xd4 ./amazon-freertos/FreeRTOS/queue.o
 .text.prvCopyDataFromQueue
                0x0000000060009590       0x4c ./amazon-freertos/FreeRTOS/queue.o
 .text.prvUnlockQueue
                0x00000000600095dc       0xa4 ./amazon-freertos/FreeRTOS/queue.o
 .text.prvIsQueueEmpty
                0x0000000060009680       0x2c ./amazon-freertos/FreeRTOS/queue.o
 .text.prvIsQueueFull
                0x00000000600096ac       0x30 ./amazon-freertos/FreeRTOS/queue.o
 .text.vQueueWaitForMessageRestricted
                0x00000000600096dc       0x68 ./amazon-freertos/FreeRTOS/queue.o
                0x00000000600096dc                vQueueWaitForMessageRestricted
 .text.xTaskCreate
                0x0000000060009744       0x82 ./amazon-freertos/FreeRTOS/tasks.o
                0x0000000060009744                xTaskCreate
 .text.prvInitialiseNewTask
                0x00000000600097c6      0x14c ./amazon-freertos/FreeRTOS/tasks.o
 .text.prvDeleteTCB
                0x0000000060009912       0x20 ./amazon-freertos/FreeRTOS/tasks.o
 .text.prvTimerTask
                0x0000000060009932       0x24 ./amazon-freertos/FreeRTOS/timers.o
 .text.__main   0x0000000060009956        0xe /Applications/MCUXpressoIDE_11.1.0_3209/ide/plugins/com.nxp.mcuxpresso.tools.macosx_11.1.0.201909161352/tools/bin/../lib/gcc/arm-none-eabi/8.3.1/../../../../arm-none-eabi/lib/thumb/v7e-m+dp/hard/libcr_nohost_nf.a(_cr__main.o)
                0x0000000060009956                __main
 .text.__sys_appexit
                0x0000000060009964        0x2 /Applications/MCUXpressoIDE_11.1.0_3209/ide/plugins/com.nxp.mcuxpresso.tools.macosx_11.1.0.201909161352/tools/bin/../lib/gcc/arm-none-eabi/8.3.1/../../../../arm-none-eabi/lib/thumb/v7e-m+dp/hard/libcr_nohost_nf.a(__sys_appexit.o)
                0x0000000060009964                __exit
                0x0000000060009964                __sys_appexit
 .text.memcpy   0x0000000060009966        0x4 /Applications/MCUXpressoIDE_11.1.0_3209/ide/plugins/com.nxp.mcuxpresso.tools.macosx_11.1.0.201909161352/tools/bin/../lib/gcc/arm-none-eabi/8.3.1/../../../../arm-none-eabi/lib/thumb/v7e-m+dp/hard/libcr_c.a(memcpy.o)
                0x0000000060009966                memcpy
 .text.memset   0x000000006000996a        0x4 /Applications/MCUXpressoIDE_11.1.0_3209/ide/plugins/com.nxp.mcuxpresso.tools.macosx_11.1.0.201909161352/tools/bin/../lib/gcc/arm-none-eabi/8.3.1/../../../../arm-none-eabi/lib/thumb/v7e-m+dp/hard/libcr_c.a(memset.o)
                0x000000006000996a                memset
 .text._deferredlazyseek
                0x000000006000996e       0x40 /Applications/MCUXpressoIDE_11.1.0_3209/ide/plugins/com.nxp.mcuxpresso.tools.macosx_11.1.0.201909161352/tools/bin/../lib/gcc/arm-none-eabi/8.3.1/../../../../arm-none-eabi/lib/thumb/v7e-m+dp/hard/libcr_c.a(_deferredlazyseek.o)
                0x000000006000996e                _deferredlazyseek
 .text.__flsbuf
                0x00000000600099ae      0x140 /Applications/MCUXpressoIDE_11.1.0_3209/ide/plugins/com.nxp.mcuxpresso.tools.macosx_11.1.0.201909161352/tools/bin/../lib/gcc/arm-none-eabi/8.3.1/../../../../arm-none-eabi/lib/thumb/v7e-m+dp/hard/libcr_c.a(_deferredlazyseek.o)
                0x00000000600099ae                __flsbuf
 .text._fflush  0x0000000060009aee       0x52 /Applications/MCUXpressoIDE_11.1.0_3209/ide/plugins/com.nxp.mcuxpresso.tools.macosx_11.1.0.201909161352/tools/bin/../lib/gcc/arm-none-eabi/8.3.1/../../../../arm-none-eabi/lib/thumb/v7e-m+dp/hard/libcr_c.a(_fflush.o)
                0x0000000060009aee                _fflush
 .text.free     0x0000000060009b40       0x30 /Applications/MCUXpressoIDE_11.1.0_3209/ide/plugins/com.nxp.mcuxpresso.tools.macosx_11.1.0.201909161352/tools/bin/../lib/gcc/arm-none-eabi/8.3.1/../../../../arm-none-eabi/lib/thumb/v7e-m+dp/hard/libcr_c.a(alloc.o)
                0x0000000060009b40                free
 .text.fputs    0x0000000060009b70       0x2c /Applications/MCUXpressoIDE_11.1.0_3209/ide/plugins/com.nxp.mcuxpresso.tools.macosx_11.1.0.201909161352/tools/bin/../lib/gcc/arm-none-eabi/8.3.1/../../../../arm-none-eabi/lib/thumb/v7e-m+dp/hard/libcr_c.a(fputs.o)
                0x0000000060009b70                fputs
 .text.strlen   0x0000000060009b9c       0x4c /Applications/MCUXpressoIDE_11.1.0_3209/ide/plugins/com.nxp.mcuxpresso.tools.macosx_11.1.0.201909161352/tools/bin/../lib/gcc/arm-none-eabi/8.3.1/../../../../arm-none-eabi/lib/thumb/v7e-m+dp/hard/libcr_c.a(strlen.o)
                0x0000000060009b9c                strlen
 .text._fdopen  0x0000000060009be8       0x68 /Applications/MCUXpressoIDE_11.1.0_3209/ide/plugins/com.nxp.mcuxpresso.tools.macosx_11.1.0.201909161352/tools/bin/../lib/gcc/arm-none-eabi/8.3.1/../../../../arm-none-eabi/lib/thumb/v7e-m+dp/hard/libcr_c.a(_fdopen.o)
                0x0000000060009be8                _fdopen
 .text.fclose   0x0000000060009c50       0x58 /Applications/MCUXpressoIDE_11.1.0_3209/ide/plugins/com.nxp.mcuxpresso.tools.macosx_11.1.0.201909161352/tools/bin/../lib/gcc/arm-none-eabi/8.3.1/../../../../arm-none-eabi/lib/thumb/v7e-m+dp/hard/libcr_c.a(fclose.o)
                0x0000000060009c50                fclose
 .text.remove   0x0000000060009ca8       0x14 /Applications/MCUXpressoIDE_11.1.0_3209/ide/plugins/com.nxp.mcuxpresso.tools.macosx_11.1.0.201909161352/tools/bin/../lib/gcc/arm-none-eabi/8.3.1/../../../../arm-none-eabi/lib/thumb/v7e-m+dp/hard/libcr_c.a(remove.o)
                0x0000000060009ca8                remove
 .text._do_fflush
                0x0000000060009cbc       0x40 /Applications/MCUXpressoIDE_11.1.0_3209/ide/plugins/com.nxp.mcuxpresso.tools.macosx_11.1.0.201909161352/tools/bin/../lib/gcc/arm-none-eabi/8.3.1/../../../../arm-none-eabi/lib/thumb/v7e-m+dp/hard/libcr_c.a(_do_fflush.o)
                0x0000000060009cbc                _do_fflush
 .text.__aeabi_memcpy
                0x0000000060009cfc       0x34 /Applications/MCUXpressoIDE_11.1.0_3209/ide/plugins/com.nxp.mcuxpresso.tools.macosx_11.1.0.201909161352/tools/bin/../lib/gcc/arm-none-eabi/8.3.1/thumb/v7e-m+dp/hard/libcr_eabihelpers.a(memcpy.o)
                0x0000000060009cfc                __aeabi_memcpy
                0x0000000060009d06                __aeabi_memcpy4
                0x0000000060009d06                __aeabi_memcpy8
 .text.__aeabi_memset_lowlevel
                0x0000000060009d30       0x32 /Applications/MCUXpressoIDE_11.1.0_3209/ide/plugins/com.nxp.mcuxpresso.tools.macosx_11.1.0.201909161352/tools/bin/../lib/gcc/arm-none-eabi/8.3.1/thumb/v7e-m+dp/hard/libcr_eabihelpers.a(memcpy.o)
                0x0000000060009d30                __aeabi_lowlevel_memset
 .text.__sys_close
                0x0000000060009d62        0x6 /Applications/MCUXpressoIDE_11.1.0_3209/ide/plugins/com.nxp.mcuxpresso.tools.macosx_11.1.0.201909161352/tools/bin/../lib/gcc/arm-none-eabi/8.3.1/../../../../arm-none-eabi/lib/thumb/v7e-m+dp/hard/libcr_nohost_nf.a(__sys_close.o)
                0x0000000060009d62                __sys_close
 .text.__sys_flen
                0x0000000060009d68        0x6 /Applications/MCUXpressoIDE_11.1.0_3209/ide/plugins/com.nxp.mcuxpresso.tools.macosx_11.1.0.201909161352/tools/bin/../lib/gcc/arm-none-eabi/8.3.1/../../../../arm-none-eabi/lib/thumb/v7e-m+dp/hard/libcr_nohost_nf.a(__sys_flen.o)
                0x0000000060009d68                __sys_flen
 .text.__sys_istty
                0x0000000060009d6e        0x6 /Applications/MCUXpressoIDE_11.1.0_3209/ide/plugins/com.nxp.mcuxpresso.tools.macosx_11.1.0.201909161352/tools/bin/../lib/gcc/arm-none-eabi/8.3.1/../../../../arm-none-eabi/lib/thumb/v7e-m+dp/hard/libcr_nohost_nf.a(__sys_istty.o)
                0x0000000060009d6e                __sys_istty
 .text.__sys_remove
                0x0000000060009d74        0x6 /Applications/MCUXpressoIDE_11.1.0_3209/ide/plugins/com.nxp.mcuxpresso.tools.macosx_11.1.0.201909161352/tools/bin/../lib/gcc/arm-none-eabi/8.3.1/../../../../arm-none-eabi/lib/thumb/v7e-m+dp/hard/libcr_nohost_nf.a(__sys_remove.o)
                0x0000000060009d74                __sys_remove
 .text.__sys_seek
                0x0000000060009d7a        0x6 /Applications/MCUXpressoIDE_11.1.0_3209/ide/plugins/com.nxp.mcuxpresso.tools.macosx_11.1.0.201909161352/tools/bin/../lib/gcc/arm-none-eabi/8.3.1/../../../../arm-none-eabi/lib/thumb/v7e-m+dp/hard/libcr_nohost_nf.a(__sys_seek.o)
                0x0000000060009d7a                __sys_seek
 .text.__sys_tmpnam
                0x0000000060009d80        0x6 /Applications/MCUXpressoIDE_11.1.0_3209/ide/plugins/com.nxp.mcuxpresso.tools.macosx_11.1.0.201909161352/tools/bin/../lib/gcc/arm-none-eabi/8.3.1/../../../../arm-none-eabi/lib/thumb/v7e-m+dp/hard/libcr_nohost_nf.a(__sys_tmpnam.o)
                0x0000000060009d80                __sys_tmpnam
 .text.__sys_write
                0x0000000060009d86        0x4 /Applications/MCUXpressoIDE_11.1.0_3209/ide/plugins/com.nxp.mcuxpresso.tools.macosx_11.1.0.201909161352/tools/bin/../lib/gcc/arm-none-eabi/8.3.1/../../../../arm-none-eabi/lib/thumb/v7e-m+dp/hard/libcr_nohost_nf.a(__sys_write.o)
                0x0000000060009d86                __sys_write
 *(SORT_BY_ALIGNMENT(.rodata) SORT_BY_ALIGNMENT(.rodata.*) SORT_BY_ALIGNMENT(.constdata) SORT_BY_ALIGNMENT(.constdata.*))
 *fill*         0x0000000060009d8a        0x2 ff
 .rodata.dcd_data
                0x0000000060009d8c        0x1 ./xip/evkbimxrt1050_sdram_ini_dcd.o
                0x0000000060009d8c                dcd_data
 *fill*         0x0000000060009d8d        0x3 ff
 .rodata.DbgConsole_SendData.str1.4
                0x0000000060009d90       0x4d ./utilities/fsl_debug_console.o
 *fill*         0x0000000060009ddd        0x3 ff
 .rodata.DbgConsole_Init.str1.4
                0x0000000060009de0       0xcb ./utilities/fsl_debug_console.o
 *fill*         0x0000000060009eab        0x1 ff
 .rodata.str1.4
                0x0000000060009eac       0x61 ./source/lpuart.o
 *fill*         0x0000000060009f0d        0x3 ff
 .rodata.init_uart_tasks.str1.4
                0x0000000060009f10       0x83 ./source/lpuart.o
 *fill*         0x0000000060009f93        0x1 ff
 .rodata.CLOCK_InitExternalClk.str1.4
                0x0000000060009f94       0x22 ./drivers/fsl_clock.o
 *fill*         0x0000000060009fb6        0x2 ff
 .rodata        0x0000000060009fb8       0x10 ./drivers/fsl_clock.o
 .rodata.CLOCK_ControlGate.str1.4
                0x0000000060009fc8       0x1e ./drivers/fsl_lpuart.o
 *fill*         0x0000000060009fe6        0x2 ff
 .rodata.s_lpuartBases
                0x0000000060009fe8       0x24 ./drivers/fsl_lpuart.o
 .rodata.s_lpuartIRQ
                0x000000006000a00c       0x12 ./drivers/fsl_lpuart.o
 *fill*         0x000000006000a01e        0x2 ff
 .rodata.s_lpuartClock
                0x000000006000a020       0x12 ./drivers/fsl_lpuart.o
 *fill*         0x000000006000a032        0x2 ff
 .rodata.LPUART_GetInstance.str1.4
                0x000000006000a034       0x39 ./drivers/fsl_lpuart.o
 *fill*         0x000000006000a06d        0x3 ff
 .rodata.LPUART_TransferGetRxRingBufferLength.str1.4
                0x000000006000a070       0x1b ./drivers/fsl_lpuart.o
 *fill*         0x000000006000a08b        0x1 ff
 .rodata.LPUART_TransferIsRxRingBufferFull.str1.4
                0x000000006000a08c       0x1b ./drivers/fsl_lpuart.o
 *fill*         0x000000006000a0a7        0x1 ff
 .rodata.LPUART_WriteNonBlocking.str1.4
                0x000000006000a0a8       0x19 ./drivers/fsl_lpuart.o
 *fill*         0x000000006000a0c1        0x3 ff
 .rodata.LPUART_ReadNonBlocking.str1.4
                0x000000006000a0c4       0x19 ./drivers/fsl_lpuart.o
 *fill*         0x000000006000a0dd        0x3 ff
 .rodata.LPUART_Init.str1.4
                0x000000006000a0e0       0xef ./drivers/fsl_lpuart.o
 *fill*         0x000000006000a1cf        0x1 ff
 .rodata.LPUART_GetDefaultConfig.str1.4
                0x000000006000a1d0       0x1b ./drivers/fsl_lpuart.o
 *fill*         0x000000006000a1eb        0x1 ff
 .rodata.LPUART_WriteBlocking.str1.4
                0x000000006000a1ec       0x19 ./drivers/fsl_lpuart.o
 *fill*         0x000000006000a205        0x3 ff
 .rodata.LPUART_TransferCreateHandle.str1.4
                0x000000006000a208       0x1b ./drivers/fsl_lpuart.o
 *fill*         0x000000006000a223        0x1 ff
 .rodata.LPUART_TransferStartRingBuffer.str1.4
                0x000000006000a224       0x3c ./drivers/fsl_lpuart.o
 .rodata.LPUART_TransferSendNonBlocking.str1.4
                0x000000006000a260       0x7c ./drivers/fsl_lpuart.o
 .rodata.LPUART_TransferReceiveNonBlocking.str1.4
                0x000000006000a2dc       0x7c ./drivers/fsl_lpuart.o
 .rodata.LPUART_TransferAbortReceive.str1.4
                0x000000006000a358       0x1c ./drivers/fsl_lpuart.o
 .rodata.LPUART_TransferHandleIRQ.str1.4
                0x000000006000a374       0x1c ./drivers/fsl_lpuart.o
 .rodata.s_LpuartAdapterBase
                0x000000006000a390       0x24 ./component/uart/lpuart_adapter.o
 .rodata.HAL_UartInit.str1.4
                0x000000006000a3b4       0xe2 ./component/uart/lpuart_adapter.o
 *fill*         0x000000006000a496        0x2 ff
 .rodata.HAL_UartSendBlocking.str1.4
                0x000000006000a498       0x5f ./component/uart/lpuart_adapter.o
 *fill*         0x000000006000a4f7        0x1 ff
 .rodata.SerialManager_Write.str1.4
                0x000000006000a4f8       0x83 ./component/serial_manager/serial_manager.o
 *fill*         0x000000006000a57b        0x1 ff
 .rodata.SerialManager_Init.str1.4
                0x000000006000a57c       0x45 ./component/serial_manager/serial_manager.o
 *fill*         0x000000006000a5c1        0x3 ff
 .rodata.SerialManager_OpenWriteHandle.str1.4
                0x000000006000a5c4       0x4c ./component/serial_manager/serial_manager.o
 .rodata.SerialManager_OpenReadHandle.str1.4
                0x000000006000a610       0x4b ./component/serial_manager/serial_manager.o
 *fill*         0x000000006000a65b        0x1 ff
 .rodata.Serial_UartInit.str1.4
                0x000000006000a65c       0x4f ./component/serial_manager/serial_port_uart.o
 *fill*         0x000000006000a6ab        0x1 ff
 .rodata.Serial_UartWrite.str1.4
                0x000000006000a6ac       0x6d ./component/serial_manager/serial_port_uart.o
 *fill*         0x000000006000a719        0x3 ff
 .rodata.CLOCK_SetMux.str1.4
                0x000000006000a71c       0x3b ./board/clock_config.o
 *fill*         0x000000006000a757        0x1 ff
 .rodata.CLOCK_SetDiv.str1.4
                0x000000006000a758       0x3b ./board/clock_config.o
 *fill*         0x000000006000a793        0x1 ff
 .rodata.CLOCK_ControlGate.str1.4
                0x000000006000a794       0x28 ./board/clock_config.o
 .rodata.armPllConfig_BOARD_BootClockRUN
                0x000000006000a7bc        0x8 ./board/clock_config.o
                0x000000006000a7bc                armPllConfig_BOARD_BootClockRUN
 .rodata.sysPllConfig_BOARD_BootClockRUN
                0x000000006000a7c4       0x14 ./board/clock_config.o
                0x000000006000a7c4                sysPllConfig_BOARD_BootClockRUN
 .rodata.CLOCK_ControlGate.str1.4
                0x000000006000a7d8       0x28 ./board/pin_mux.o
 .rodata.vTaskStartScheduler.str1.4
                0x000000006000a7d8        0x5 ./amazon-freertos/FreeRTOS/tasks.o
 *fill*         0x000000006000a7dd        0x3 ff
 .rodata.xTimerCreateTimerTask.str1.4
                0x000000006000a7e0        0x8 ./amazon-freertos/FreeRTOS/timers.o
 .rodata.prvCheckForValidListAndQueue.str1.4
                0x000000006000a7e8        0x8 ./amazon-freertos/FreeRTOS/timers.o
                                          0x5 (size before relaxing)
 .rodata.__num_Ciob_streams
                0x000000006000a7f0        0x4 /Applications/MCUXpressoIDE_11.1.0_3209/ide/plugins/com.nxp.mcuxpresso.tools.macosx_11.1.0.201909161352/tools/bin/../lib/gcc/arm-none-eabi/8.3.1/../../../../arm-none-eabi/lib/thumb/v7e-m+dp/hard/libcr_nohost_nf.a(__ciob.o)
                0x000000006000a7f0                __num_Ciob_streams
 .rodata.__assertion_failed.str1.1
                0x000000006000a7f4       0x15 /Applications/MCUXpressoIDE_11.1.0_3209/ide/plugins/com.nxp.mcuxpresso.tools.macosx_11.1.0.201909161352/tools/bin/../lib/gcc/arm-none-eabi/8.3.1/../../../../arm-none-eabi/lib/thumb/v7e-m+dp/hard/libcr_nohost_nf.a(_cr_assert.o)
 .rodata._Csys_alloc.str1.1
                0x000000006000a809       0x18 /Applications/MCUXpressoIDE_11.1.0_3209/ide/plugins/com.nxp.mcuxpresso.tools.macosx_11.1.0.201909161352/tools/bin/../lib/gcc/arm-none-eabi/8.3.1/../../../../arm-none-eabi/lib/thumb/v7e-m+dp/hard/libcr_c.a(alloc.o)
 .rodata._initio.str1.1
                0x000000006000a821        0x4 /Applications/MCUXpressoIDE_11.1.0_3209/ide/plugins/com.nxp.mcuxpresso.tools.macosx_11.1.0.201909161352/tools/bin/../lib/gcc/arm-none-eabi/8.3.1/../../../../arm-none-eabi/lib/thumb/v7e-m+dp/hard/libcr_c.a(initio.o)
                0x000000006000a828                . = ALIGN (0x4)
 *fill*         0x000000006000a825        0x3 ff

.glue_7         0x000000006000a828        0x0
 .glue_7        0x000000006000a828        0x0 linker stubs

.glue_7t        0x000000006000a828        0x0
 .glue_7t       0x000000006000a828        0x0 linker stubs

.vfp11_veneer   0x000000006000a828        0x0
 .vfp11_veneer  0x000000006000a828        0x0 linker stubs

.v4_bx          0x000000006000a828        0x0