fsl_debug_console.c:292:10:DbgConsole_ReadOneCharacter	24	static
fsl_debug_console.c:358:5:DbgConsole_SendData	24	static
fsl_debug_console.c:425:5:DbgConsole_ReadLine	24	static
fsl_debug_console.c:477:5:DbgConsole_ReadCharacter	24	static
fsl_debug_console.c:505:13:DbgConsole_PrintCallback	32	static
fsl_debug_console.c:526:10:DbgConsole_Init	64	static
fsl_debug_console.c:630:10:DbgConsole_Deinit	8	static
fsl_debug_console.c:644:10:DbgConsole_Flush	4	static
fsl_debug_console.c:679:5:DbgConsole_Printf	152	static
fsl_debug_console.c:697:5:DbgConsole_Putchar	16	static
fsl_debug_console.c:704:5:DbgConsole_Scanf	40	static
fsl_debug_console.c:756:5:DbgConsole_Getchar	16	static
