core_cm7.h:1885:22:__NVIC_EnableIRQ	16	static
fsl_clock.h:955:20:CLOCK_ControlGate	32	static
fsl_clock.h:972:20:CLOCK_EnableClock	16	static
fsl_clock.h:982:20:CLOCK_DisableClock	16	static
fsl_common.h:414:28:EnableIRQ	16	static
fsl_lpuart.h:276:20:LPUART_SoftwareReset	16	static
fsl_lpuart.c:109:10:LPUART_GetInstance	24	static
fsl_lpuart.c:133:8:LPUART_TransferGetRxRingBufferLength	24	static
fsl_lpuart.c:151:13:LPUART_TransferIsRxRingBufferFull	24	static
fsl_lpuart.c:168:13:LPUART_WriteNonBlocking	32	static
fsl_lpuart.c:182:13:LPUART_ReadNonBlocking	40	static
fsl_lpuart.c:236:10:LPUART_Init	56	static
fsl_lpuart.c:452:6:LPUART_Deinit	24	static
fsl_lpuart.c:516:6:LPUART_GetDefaultConfig	16	static
fsl_lpuart.c:561:10:LPUART_SetBaudRate	56	static
fsl_lpuart.c:659:6:LPUART_EnableInterrupts	16	static
fsl_lpuart.c:683:6:LPUART_DisableInterrupts	16	static
fsl_lpuart.c:714:10:LPUART_GetEnabledInterrupts	24	static
fsl_lpuart.c:743:10:LPUART_GetStatusFlags	24	static
fsl_lpuart.c:774:10:LPUART_ClearStatusFlags	24	static
fsl_lpuart.c:829:6:LPUART_WriteBlocking	24	static
fsl_lpuart.c:859:10:LPUART_ReadBlocking	40	static
fsl_lpuart.c:939:6:LPUART_TransferCreateHandle	40	static
fsl_lpuart.c:1003:6:LPUART_TransferStartRingBuffer	24	static
fsl_lpuart.c:1029:6:LPUART_TransferStopRingBuffer	16	static
fsl_lpuart.c:1063:10:LPUART_TransferSendNonBlocking	32	static
fsl_lpuart.c:1102:6:LPUART_TransferAbortSend	16	static
fsl_lpuart.c:1125:10:LPUART_TransferGetSendCount	24	static
fsl_lpuart.c:1166:10:LPUART_TransferReceiveNonBlocking	56	static
fsl_lpuart.c:1291:6:LPUART_TransferAbortReceive	16	static
fsl_lpuart.c:1319:10:LPUART_TransferGetReceiveCount	24	static
fsl_lpuart.c:1342:6:LPUART_TransferHandleIRQ	40	static
fsl_lpuart.c:1558:6:LPUART_TransferHandleErrorIRQ	16	static
fsl_lpuart.c:1699:6:LPUART1_DriverIRQHandler	8	static
fsl_lpuart.c:1733:6:LPUART2_DriverIRQHandler	8	static
fsl_lpuart.c:1766:6:LPUART3_DriverIRQHandler	8	static
fsl_lpuart.c:1799:6:LPUART4_DriverIRQHandler	8	static
fsl_lpuart.c:1832:6:LPUART5_DriverIRQHandler	8	static
fsl_lpuart.c:1865:6:LPUART6_DriverIRQHandler	8	static
fsl_lpuart.c:1898:6:LPUART7_DriverIRQHandler	8	static
fsl_lpuart.c:1931:6:LPUART8_DriverIRQHandler	8	static
