fsl_clock.h:1007:24:CLOCK_GetOscFreq	4	static
fsl_clock.h:1106:24:CLOCK_GetRtcFreq	4	static
fsl_clock.h:1210:20:CLOCK_IsPllBypassed	16	static
fsl_clock.h:1224:20:CLOCK_IsPllEnabled	16	static
fsl_clock.h:1250:24:CLOCK_GetPllBypassRefClk	16	static
fsl_clock.c:70:17:CLOCK_GetPeriphClkFreq	16	static
fsl_clock.c:150:6:CLOCK_InitExternalClk	16	static
fsl_clock.c:174:6:CLOCK_DeinitExternalClk	4	static
fsl_clock.c:186:6:CLOCK_SwitchOsc	16	static
fsl_clock.c:197:6:CLOCK_InitRcOsc24M	4	static
fsl_clock.c:205:6:CLOCK_DeinitRcOsc24M	4	static
fsl_clock.c:215:10:CLOCK_GetAhbFreq	8	static
fsl_clock.c:225:10:CLOCK_GetSemcFreq	16	static
fsl_clock.c:259:10:CLOCK_GetIpgFreq	8	static
fsl_clock.c:269:10:CLOCK_GetPerClkFreq	16	static
fsl_clock.c:298:10:CLOCK_GetFreq	24	static
fsl_clock.c:394:6:CLOCK_EnableUsbhs0Clock	24	static
fsl_clock.c:419:6:CLOCK_EnableUsbhs1Clock	24	static
fsl_clock.c:442:6:CLOCK_EnableUsbhs0PhyPllClock	24	static
fsl_clock.c:466:6:CLOCK_DisableUsbhs0PhyPllClock	4	static
fsl_clock.c:479:6:CLOCK_InitArmPll	16	static
fsl_clock.c:500:6:CLOCK_DeinitArmPll	4	static
fsl_clock.c:512:6:CLOCK_InitSysPll	16	static
fsl_clock.c:542:6:CLOCK_DeinitSysPll	4	static
fsl_clock.c:554:6:CLOCK_InitUsb1Pll	16	static
fsl_clock.c:575:6:CLOCK_DeinitUsb1Pll	4	static
fsl_clock.c:587:6:CLOCK_InitUsb2Pll	16	static
fsl_clock.c:608:6:CLOCK_DeinitUsb2Pll	4	static
fsl_clock.c:620:6:CLOCK_InitAudioPll	24	static
fsl_clock.c:695:6:CLOCK_DeinitAudioPll	4	static
fsl_clock.c:707:6:CLOCK_InitVideoPll	24	static
fsl_clock.c:781:6:CLOCK_DeinitVideoPll	4	static
fsl_clock.c:793:6:CLOCK_InitEnetPll	24	static
fsl_clock.c:828:6:CLOCK_DeinitEnetPll	4	static
fsl_clock.c:841:10:CLOCK_GetPllFreq	64	static
fsl_clock.c:1038:6:CLOCK_InitSysPfd	24	static
fsl_clock.c:1060:6:CLOCK_DeinitSysPfd	16	static
fsl_clock.c:1075:6:CLOCK_InitUsb1Pfd	24	static
fsl_clock.c:1097:6:CLOCK_DeinitUsb1Pfd	16	static
fsl_clock.c:1110:10:CLOCK_GetSysPfdFreq	24	static
fsl_clock.c:1149:10:CLOCK_GetUsb1PfdFreq	24	static
fsl_clock.c:1189:6:CLOCK_EnableUsbhs1PhyPllClock	24	static
fsl_clock.c:1207:6:CLOCK_DisableUsbhs1PhyPllClock	4	static
