fsl_clock.h:1042:20:CLOCK_ControlGate	32	static
fsl_clock.h:1059:20:CLOCK_EnableClock	16	static
fsl_clock.h:1069:20:CLOCK_DisableClock	16	static
fsl_semc.h:764:24:SEMC_BuildNandIPCommand	16	static
fsl_semc.c:110:17:SEMC_GetInstance	24	static
fsl_semc.c:128:17:SEMC_CovertMemorySize	32	static
fsl_semc.c:148:16:SEMC_ConvertTiming	24	static
fsl_semc.c:166:17:SEMC_ConfigureIPCommand	16	static
fsl_semc.c:198:17:SEMC_IsIPCommandDone	16	static
fsl_semc.c:232:6:SEMC_GetDefaultConfig	24	static
fsl_semc.c:266:6:SEMC_Init	24	static
fsl_semc.c:309:6:SEMC_Deinit	16	static
fsl_semc.c:334:10:SEMC_ConfigureSDRAM	64	static
fsl_semc.c:442:10:SEMC_ConfigureNAND	48	static
fsl_semc.c:523:10:SEMC_ConfigureNOR	48	static
fsl_semc.c:648:10:SEMC_ConfigureSRAM	48	static
fsl_semc.c:761:10:SEMC_ConfigureDBI	48	static
fsl_semc.c:815:10:SEMC_SendIPCommand	40	static
fsl_semc.c:887:10:SEMC_IPCommandNandWrite	48	static
fsl_semc.c:935:10:SEMC_IPCommandNandRead	48	static
fsl_semc.c:983:10:SEMC_IPCommandNorRead	48	static
fsl_semc.c:1029:10:SEMC_IPCommandNorWrite	48	static
