fsl_clock.h:1092:24:CLOCK_GetOscFreq	4	static
fsl_clock.h:1191:24:CLOCK_GetRtcFreq	4	static
fsl_clock.h:1289:20:CLOCK_IsPllBypassed	16	static
fsl_clock.h:1303:20:CLOCK_IsPllEnabled	16	static
fsl_clock.h:1329:24:CLOCK_GetPllBypassRefClk	16	static
fsl_clock.c:78:17:CLOCK_GetPeriphClkFreq	16	static
fsl_clock.c:158:6:CLOCK_InitExternalClk	16	static
fsl_clock.c:182:6:CLOCK_DeinitExternalClk	4	static
fsl_clock.c:194:6:CLOCK_SwitchOsc	16	static
fsl_clock.c:209:6:CLOCK_InitRcOsc24M	4	static
fsl_clock.c:217:6:CLOCK_DeinitRcOsc24M	4	static
fsl_clock.c:227:10:CLOCK_GetAhbFreq	8	static
fsl_clock.c:237:10:CLOCK_GetSemcFreq	16	static
fsl_clock.c:271:10:CLOCK_GetIpgFreq	8	static
fsl_clock.c:281:10:CLOCK_GetPerClkFreq	16	static
fsl_clock.c:310:10:CLOCK_GetFreq	24	static
fsl_clock.c:406:6:CLOCK_EnableUsbhs0Clock	24	static
fsl_clock.c:433:6:CLOCK_EnableUsbhs1Clock	24	static
fsl_clock.c:458:6:CLOCK_EnableUsbhs0PhyPllClock	24	static
fsl_clock.c:482:6:CLOCK_DisableUsbhs0PhyPllClock	4	static
fsl_clock.c:495:6:CLOCK_InitArmPll	16	static
fsl_clock.c:516:6:CLOCK_DeinitArmPll	4	static
fsl_clock.c:528:6:CLOCK_InitSysPll	16	static
fsl_clock.c:558:6:CLOCK_DeinitSysPll	4	static
fsl_clock.c:570:6:CLOCK_InitUsb1Pll	16	static
fsl_clock.c:591:6:CLOCK_DeinitUsb1Pll	4	static
fsl_clock.c:603:6:CLOCK_InitUsb2Pll	16	static
fsl_clock.c:624:6:CLOCK_DeinitUsb2Pll	4	static
fsl_clock.c:636:6:CLOCK_InitAudioPll	24	static
fsl_clock.c:711:6:CLOCK_DeinitAudioPll	4	static
fsl_clock.c:723:6:CLOCK_InitVideoPll	24	static
fsl_clock.c:797:6:CLOCK_DeinitVideoPll	4	static
fsl_clock.c:809:6:CLOCK_InitEnetPll	24	static
fsl_clock.c:844:6:CLOCK_DeinitEnetPll	4	static
fsl_clock.c:857:10:CLOCK_GetPllFreq	56	static
fsl_clock.c:1075:6:CLOCK_InitSysPfd	24	static
fsl_clock.c:1098:6:CLOCK_DeinitSysPfd	16	static
fsl_clock.c:1113:6:CLOCK_InitUsb1Pfd	24	static
fsl_clock.c:1136:6:CLOCK_DeinitUsb1Pfd	16	static
fsl_clock.c:1149:10:CLOCK_GetSysPfdFreq	24	static
fsl_clock.c:1188:10:CLOCK_GetUsb1PfdFreq	24	static
fsl_clock.c:1228:6:CLOCK_EnableUsbhs1PhyPllClock	24	static
fsl_clock.c:1246:6:CLOCK_DisableUsbhs1PhyPllClock	4	static
