core_cm7.h:1902:22:__NVIC_EnableIRQ	16	static
fsl_clock.h:1042:20:CLOCK_ControlGate	32	static
fsl_clock.h:1059:20:CLOCK_EnableClock	16	static
fsl_clock.h:1069:20:CLOCK_DisableClock	16	static
fsl_common.h:484:28:EnableIRQ	16	static
fsl_lpspi.h:503:20:LPSPI_Enable	16	static
fsl_lpspi.h:529:24:LPSPI_GetStatusFlags	16	static
fsl_lpspi.h:549:23:LPSPI_GetRxFifoSize	16	static
fsl_lpspi.h:559:24:LPSPI_GetTxFifoCount	16	static
fsl_lpspi.h:569:24:LPSPI_GetRxFifoCount	16	static
fsl_lpspi.h:587:20:LPSPI_ClearStatusFlags	16	static
fsl_lpspi.h:614:20:LPSPI_EnableInterrupts	16	static
fsl_lpspi.h:629:20:LPSPI_DisableInterrupts	16	static
fsl_lpspi.h:732:20:LPSPI_SetMasterSlaveMode	16	static
fsl_lpspi.h:743:20:LPSPI_IsMaster	16	static
fsl_lpspi.h:755:20:LPSPI_FlushFifo	16	static
fsl_lpspi.h:771:20:LPSPI_SetFifoWatermarks	24	static
fsl_lpspi.h:916:20:LPSPI_WriteData	16	static
fsl_lpspi.h:930:24:LPSPI_ReadData	16	static
fsl_lpspi.c:145:10:LPSPI_GetInstance	24	static
fsl_lpspi.c:173:6:LPSPI_SetDummyData	24	static
fsl_lpspi.c:186:6:LPSPI_MasterInit	32	static
fsl_lpspi.c:249:6:LPSPI_MasterGetDefaultConfig	16	static
fsl_lpspi.c:279:6:LPSPI_SlaveInit	24	static
fsl_lpspi.c:326:6:LPSPI_SlaveGetDefaultConfig	16	static
fsl_lpspi.c:351:6:LPSPI_Reset	16	static
fsl_lpspi.c:367:6:LPSPI_Deinit	24	static
fsl_lpspi.c:385:13:LPSPI_SetOnePcsPolarity	24	static
fsl_lpspi.c:420:10:LPSPI_MasterSetBaudRate	64	static
fsl_lpspi.c:524:6:LPSPI_MasterSetDelayScaler	24	static
fsl_lpspi.c:575:10:LPSPI_MasterSetDelayTimes	112	static
fsl_lpspi.c:698:6:LPSPI_MasterTransferCreateHandle	24	static
fsl_lpspi.c:725:6:LPSPI_CheckTransferArgument	24	static
fsl_lpspi.c:791:10:LPSPI_MasterTransferBlocking	80	static
fsl_lpspi.c:1036:10:LPSPI_MasterTransferNonBlocking	56	static
fsl_lpspi.c:1200:13:LPSPI_MasterTransferFillUpTxFifo	40	static
fsl_lpspi.c:1268:13:LPSPI_MasterTransferComplete	24	static
fsl_lpspi.c:1293:10:LPSPI_MasterTransferGetCount	32	static
fsl_lpspi.c:1333:6:LPSPI_MasterTransferAbort	16	static
fsl_lpspi.c:1355:6:LPSPI_MasterTransferHandleIRQ	32	static
fsl_lpspi.c:1469:6:LPSPI_SlaveTransferCreateHandle	24	static
fsl_lpspi.c:1506:10:LPSPI_SlaveTransferNonBlocking	48	static
fsl_lpspi.c:1679:13:LPSPI_SlaveTransferFillUpTxFifo	32	static
fsl_lpspi.c:1711:13:LPSPI_SlaveTransferComplete	32	static
fsl_lpspi.c:1747:10:LPSPI_SlaveTransferGetCount	32	static
fsl_lpspi.c:1787:6:LPSPI_SlaveTransferAbort	16	static
fsl_lpspi.c:1809:6:LPSPI_SlaveTransferHandleIRQ	32	static
fsl_lpspi.c:1936:17:LPSPI_CombineWriteData	24	static
fsl_lpspi.c:2020:13:LPSPI_SeparateReadData	24	static
fsl_lpspi.c:2100:13:LPSPI_CommonIRQHandler	16	static
fsl_lpspi.c:2122:6:LPSPI1_DriverIRQHandler	8	static
fsl_lpspi.c:2130:6:LPSPI2_DriverIRQHandler	8	static
fsl_lpspi.c:2138:6:LPSPI3_DriverIRQHandler	8	static
fsl_lpspi.c:2146:6:LPSPI4_DriverIRQHandler	8	static
