core_cm7.h:1885:22:__NVIC_EnableIRQ	16	static
fsl_clock.h:955:20:CLOCK_ControlGate	32	static
fsl_clock.h:972:20:CLOCK_EnableClock	16	static
fsl_clock.h:982:20:CLOCK_DisableClock	16	static
fsl_common.h:414:28:EnableIRQ	16	static
fsl_lpspi.h:491:20:LPSPI_Enable	16	static
fsl_lpspi.h:517:24:LPSPI_GetStatusFlags	16	static
fsl_lpspi.h:537:24:LPSPI_GetRxFifoSize	16	static
fsl_lpspi.h:547:24:LPSPI_GetTxFifoCount	16	static
fsl_lpspi.h:557:24:LPSPI_GetRxFifoCount	16	static
fsl_lpspi.h:575:20:LPSPI_ClearStatusFlags	16	static
fsl_lpspi.h:602:20:LPSPI_EnableInterrupts	16	static
fsl_lpspi.h:617:20:LPSPI_DisableInterrupts	16	static
fsl_lpspi.h:720:20:LPSPI_SetMasterSlaveMode	16	static
fsl_lpspi.h:731:20:LPSPI_IsMaster	16	static
fsl_lpspi.h:743:20:LPSPI_FlushFifo	16	static
fsl_lpspi.h:759:20:LPSPI_SetFifoWatermarks	24	static
fsl_lpspi.h:904:20:LPSPI_WriteData	16	static
fsl_lpspi.h:918:24:LPSPI_ReadData	16	static
fsl_lpspi.c:145:10:LPSPI_GetInstance	24	static
fsl_lpspi.c:173:6:LPSPI_SetDummyData	24	static
fsl_lpspi.c:186:6:LPSPI_MasterInit	32	static
fsl_lpspi.c:248:6:LPSPI_MasterGetDefaultConfig	16	static
fsl_lpspi.c:278:6:LPSPI_SlaveInit	24	static
fsl_lpspi.c:325:6:LPSPI_SlaveGetDefaultConfig	16	static
fsl_lpspi.c:350:6:LPSPI_Reset	16	static
fsl_lpspi.c:366:6:LPSPI_Deinit	24	static
fsl_lpspi.c:384:13:LPSPI_SetOnePcsPolarity	24	static
fsl_lpspi.c:419:10:LPSPI_MasterSetBaudRate	64	static
fsl_lpspi.c:515:6:LPSPI_MasterSetDelayScaler	24	static
fsl_lpspi.c:566:10:LPSPI_MasterSetDelayTimes	104	static
fsl_lpspi.c:685:6:LPSPI_MasterTransferCreateHandle	24	static
fsl_lpspi.c:712:6:LPSPI_CheckTransferArgument	24	static
fsl_lpspi.c:778:10:LPSPI_MasterTransferBlocking	80	static
fsl_lpspi.c:960:10:LPSPI_MasterTransferNonBlocking	48	static
fsl_lpspi.c:1109:13:LPSPI_MasterTransferFillUpTxFifo	24	static
fsl_lpspi.c:1169:13:LPSPI_MasterTransferComplete	24	static
fsl_lpspi.c:1194:10:LPSPI_MasterTransferGetCount	32	static
fsl_lpspi.c:1234:6:LPSPI_MasterTransferAbort	16	static
fsl_lpspi.c:1256:6:LPSPI_MasterTransferHandleIRQ	24	static
fsl_lpspi.c:1365:6:LPSPI_SlaveTransferCreateHandle	24	static
fsl_lpspi.c:1402:10:LPSPI_SlaveTransferNonBlocking	48	static
fsl_lpspi.c:1563:13:LPSPI_SlaveTransferFillUpTxFifo	24	static
fsl_lpspi.c:1592:13:LPSPI_SlaveTransferComplete	32	static
fsl_lpspi.c:1628:10:LPSPI_SlaveTransferGetCount	32	static
fsl_lpspi.c:1668:6:LPSPI_SlaveTransferAbort	16	static
fsl_lpspi.c:1690:6:LPSPI_SlaveTransferHandleIRQ	24	static
fsl_lpspi.c:1811:17:LPSPI_CombineWriteData	32	static
fsl_lpspi.c:1895:13:LPSPI_SeparateReadData	24	static
fsl_lpspi.c:1975:13:LPSPI_CommonIRQHandler	16	static
fsl_lpspi.c:2001:6:LPSPI1_DriverIRQHandler	8	static
fsl_lpspi.c:2009:6:LPSPI2_DriverIRQHandler	8	static
fsl_lpspi.c:2017:6:LPSPI3_DriverIRQHandler	8	static
fsl_lpspi.c:2025:6:LPSPI4_DriverIRQHandler	8	static
