core_cm7.h:1885:22:__NVIC_EnableIRQ	16	static
fsl_clock.h:955:20:CLOCK_ControlGate	32	static
fsl_clock.h:972:20:CLOCK_EnableClock	16	static
fsl_clock.h:982:20:CLOCK_DisableClock	16	static
fsl_common.h:414:28:EnableIRQ	16	static
fsl_lpi2c.h:492:20:LPI2C_MasterReset	16	static
fsl_lpi2c.h:504:20:LPI2C_MasterEnable	16	static
fsl_lpi2c.h:526:24:LPI2C_MasterGetStatusFlags	16	static
fsl_lpi2c.h:551:20:LPI2C_MasterClearStatusFlags	16	static
fsl_lpi2c.h:571:20:LPI2C_MasterEnableInterrupts	16	static
fsl_lpi2c.h:586:20:LPI2C_MasterDisableInterrupts	16	static
fsl_lpi2c.h:598:24:LPI2C_MasterGetEnabledInterrupts	16	static
fsl_lpi2c.h:658:20:LPI2C_MasterSetWatermarks	24	static
fsl_lpi2c.h:672:20:LPI2C_MasterGetFifoCounts	24	static
fsl_lpi2c.h:975:20:LPI2C_SlaveReset	16	static
fsl_lpi2c.h:1009:24:LPI2C_SlaveGetStatusFlags	16	static
fsl_lpi2c.h:1031:20:LPI2C_SlaveClearStatusFlags	16	static
fsl_lpi2c.h:1051:20:LPI2C_SlaveEnableInterrupts	16	static
fsl_lpi2c.h:1066:20:LPI2C_SlaveDisableInterrupts	16	static
fsl_lpi2c.c:157:10:LPI2C_GetInstance	24	static
fsl_lpi2c.c:179:17:LPI2C_GetCyclesForWidth	32	static
fsl_lpi2c.c:217:10:LPI2C_MasterCheckAndClearError	24	static
fsl_lpi2c.c:267:17:LPI2C_MasterWaitForTxReady	32	static
fsl_lpi2c.c:315:10:LPI2C_CheckForBusyBus	24	static
fsl_lpi2c.c:350:6:LPI2C_MasterGetDefaultConfig	16	static
fsl_lpi2c.c:383:6:LPI2C_MasterInit	48	static
fsl_lpi2c.c:471:6:LPI2C_MasterDeinit	24	static
fsl_lpi2c.c:496:6:LPI2C_MasterConfigureDataMatch	24	static
fsl_lpi2c.c:527:6:LPI2C_MasterSetBaudRate	64	static
fsl_lpi2c.c:622:10:LPI2C_MasterStart	24	static
fsl_lpi2c.c:663:10:LPI2C_MasterStop	24	static
fsl_lpi2c.c:723:10:LPI2C_MasterReceive	40	static
fsl_lpi2c.c:801:10:LPI2C_MasterSend	32	static
fsl_lpi2c.c:839:10:LPI2C_MasterTransferBlocking	48	static
fsl_lpi2c.c:950:6:LPI2C_MasterTransferCreateHandle	32	static
fsl_lpi2c.c:994:17:LPI2C_RunTransferStateMachine	56	static
fsl_lpi2c.c:1161:13:LPI2C_InitTransferStateMachine	40	static
fsl_lpi2c.c:1237:10:LPI2C_MasterTransferNonBlocking	40	static
fsl_lpi2c.c:1289:10:LPI2C_MasterTransferGetCount	40	static
fsl_lpi2c.c:1352:6:LPI2C_MasterTransferAbort	16	static
fsl_lpi2c.c:1377:6:LPI2C_MasterTransferHandleIRQ	32	static
fsl_lpi2c.c:1446:6:LPI2C_SlaveGetDefaultConfig	16	static
fsl_lpi2c.c:1482:6:LPI2C_SlaveInit	40	static
fsl_lpi2c.c:1533:6:LPI2C_SlaveDeinit	24	static
fsl_lpi2c.c:1560:17:LPI2C_SlaveCheckAndClearError	24	static
fsl_lpi2c.c:1596:10:LPI2C_SlaveSend	40	static
fsl_lpi2c.c:1671:10:LPI2C_SlaveReceive	40	static
fsl_lpi2c.c:1753:6:LPI2C_SlaveTransferCreateHandle	32	static
fsl_lpi2c.c:1810:10:LPI2C_SlaveTransferNonBlocking	32	static
fsl_lpi2c.c:1862:10:LPI2C_SlaveTransferGetCount	24	static
fsl_lpi2c.c:1892:6:LPI2C_SlaveTransferAbort	16	static
fsl_lpi2c.c:1920:6:LPI2C_SlaveTransferHandleIRQ	24	static
fsl_lpi2c.c:2069:13:LPI2C_CommonIRQHandler	16	static
fsl_lpi2c.c:2101:6:LPI2C1_DriverIRQHandler	8	static
fsl_lpi2c.c:2109:6:LPI2C2_DriverIRQHandler	8	static
fsl_lpi2c.c:2117:6:LPI2C3_DriverIRQHandler	8	static
fsl_lpi2c.c:2125:6:LPI2C4_DriverIRQHandler	8	static
