fsl_clock.h:969:20:CLOCK_SetMux	24	static
fsl_clock.h:1006:20:CLOCK_SetDiv	24	static
fsl_clock.h:1042:20:CLOCK_ControlGate	32	static
fsl_clock.h:1069:20:CLOCK_DisableClock	16	static
fsl_clock.h:1201:20:CLOCK_SetXtalFreq	16	static
fsl_clock.h:1211:20:CLOCK_SetRtcXtalFreq	16	static
fsl_clock.h:1268:20:CLOCK_SetPllBypass	24	static
fsl_iomuxc.h:1145:20:IOMUXC_EnableMode	24	static
fsl_iomuxc.h:1168:20:IOMUXC_SetSaiMClkClockSource	24	static
fsl_iomuxc.h:1228:20:IOMUXC_MQSConfig	24	static
clock_config.c:49:6:BOARD_InitBootClocks	8	static
clock_config.c:159:6:BOARD_BootClockRUN	8	static
