tasks.c:747:13:xTaskCreate	56	static
tasks.c:838:13:prvInitialiseNewTask	40	static
tasks.c:1082:13:prvAddNewTaskToReadyList	16	static
tasks.c:1167:7:vTaskDelete	24	static
tasks.c:1259:7:vTaskDelayUntil	48	static
tasks.c:1343:7:vTaskDelay	24	static
tasks.c:1388:13:eTaskGetState	40	static
tasks.c:1480:14:uxTaskPriorityGet	24	static
tasks.c:1502:14:uxTaskPriorityGetFromISR	40	static
tasks.c:1542:7:vTaskPrioritySet	40	static
tasks.c:1706:7:vTaskSuspend	24	static
tasks.c:1807:20:prvTaskIsTaskSuspended	32	static
tasks.c:1853:7:vTaskResume	24	static
tasks.c:1907:13:xTaskResumeFromISR	48	static
tasks.c:1977:6:vTaskStartScheduler	32	static
tasks.c:2099:6:vTaskEndScheduler	16	static
tasks.c:2110:6:vTaskSuspendAll	4	static
tasks.c:2183:12:xTaskResumeAll	24	static
tasks.c:2293:12:xTaskGetTickCount	16	static
tasks.c:2308:12:xTaskGetTickCountFromISR	16	static
tasks.c:2339:13:uxTaskGetNumberOfTasks	4	static
tasks.c:2347:7:pcTaskGetName	24	static
tasks.c:2494:14:uxTaskGetSystemState	32	static
tasks.c:2674:12:xTaskIncrementTick	32	static
tasks.c:2938:6:vTaskSwitchContext	32	static
tasks.c:3011:6:vTaskPlaceOnEventList	24	static
tasks.c:3028:6:vTaskPlaceOnUnorderedEventList	32	static
tasks.c:3054:7:vTaskPlaceOnEventListRestricted	32	static
tasks.c:3085:12:xTaskRemoveFromEventList	32	static
tasks.c:3153:6:vTaskRemoveFromUnorderedEventList	32	static
tasks.c:3187:6:vTaskSetTimeOutState	24	static
tasks.c:3199:6:vTaskInternalSetTimeOutState	16	static
tasks.c:3207:12:xTaskCheckForTimeOut	40	static
tasks.c:3270:6:vTaskMissedYield	4	static
tasks.c:3278:14:uxTaskGetTaskNumber	24	static
tasks.c:3301:7:vTaskSetTaskNumber	24	static
tasks.c:3325:8:prvIdleTask	16	static
tasks.c:3484:7:vTaskSetThreadLocalStoragePointer	32	static
tasks.c:3500:8:pvTaskGetThreadLocalStoragePointer	24	static
tasks.c:3537:13:prvInitialiseTaskLists	16	static
tasks.c:3569:13:prvCheckTasksWaitingTermination	16	static
tasks.c:3600:7:vTaskGetInfo	32	static
tasks.c:3696:21:prvListTasksWithinSingleList	48	static
tasks.c:3729:32:prvTaskCheckFreeStackSpace	24	static
tasks.c:3777:14:prvDeleteTCB	16	static
tasks.c:3831:13:prvResetNextTaskUnblockTime	16	static
tasks.c:3857:15:xTaskGetCurrentTaskHandle	16	static
tasks.c:3874:13:xTaskGetSchedulerState	16	static
tasks.c:3902:13:xTaskPriorityInherit	24	static
tasks.c:3989:13:xTaskPriorityDisinherit	32	static
tasks.c:4069:7:vTaskPriorityDisinheritAfterTimeout	40	static
tasks.c:4484:12:uxTaskResetEventItemValue	16	static
tasks.c:4500:15:pvTaskIncrementMutexHeldCount	4	static
tasks.c:4517:11:ulTaskNotifyTake	24	static
tasks.c:4585:13:xTaskNotifyWait	32	static
tasks.c:4665:13:xTaskGenericNotify	48	static
tasks.c:4779:13:xTaskGenericNotifyFromISR	64	static
tasks.c:4908:7:vTaskNotifyGiveFromISR	48	static
tasks.c:4995:13:xTaskNotifyStateClear	24	static
tasks.c:5025:13:prvAddCurrentTaskToDelayedList	24	static
