Archive member included to satisfy reference by file (symbol)

/Applications/MCUXpressoIDE_11.1.0_3209/ide/plugins/com.nxp.mcuxpresso.tools.macosx_11.1.0.201909161352/tools/bin/../lib/gcc/arm-none-eabi/8.3.1/../../../../arm-none-eabi/lib/thumb/v7e-m+dp/hard/libcr_nohost_nf.a(_cr__main.o)
                              ./startup/startup_mimxrt1052.o (__main)
/Applications/MCUXpressoIDE_11.1.0_3209/ide/plugins/com.nxp.mcuxpresso.tools.macosx_11.1.0.201909161352/tools/bin/../lib/gcc/arm-none-eabi/8.3.1/../../../../arm-none-eabi/lib/thumb/v7e-m+dp/hard/libcr_nohost_nf.a(_cr_assert.o)
                              ./utilities/fsl_debug_console.o (__assertion_failed)
/Applications/MCUXpressoIDE_11.1.0_3209/ide/plugins/com.nxp.mcuxpresso.tools.macosx_11.1.0.201909161352/tools/bin/../lib/gcc/arm-none-eabi/8.3.1/../../../../arm-none-eabi/lib/thumb/v7e-m+dp/hard/libcr_nohost_nf.a(__ciob.o)
                              /Applications/MCUXpressoIDE_11.1.0_3209/ide/plugins/com.nxp.mcuxpresso.tools.macosx_11.1.0.201909161352/tools/bin/../lib/gcc/arm-none-eabi/8.3.1/../../../../arm-none-eabi/lib/thumb/v7e-m+dp/hard/libcr_nohost_nf.a(_cr_assert.o) (__Ciob)
/Applications/MCUXpressoIDE_11.1.0_3209/ide/plugins/com.nxp.mcuxpresso.tools.macosx_11.1.0.201909161352/tools/bin/../lib/gcc/arm-none-eabi/8.3.1/../../../../arm-none-eabi/lib/thumb/v7e-m+dp/hard/libcr_nohost_nf.a(__sys_appexit.o)
                              /Applications/MCUXpressoIDE_11.1.0_3209/ide/plugins/com.nxp.mcuxpresso.tools.macosx_11.1.0.201909161352/tools/bin/../lib/gcc/arm-none-eabi/8.3.1/../../../../arm-none-eabi/lib/thumb/v7e-m+dp/hard/libcr_nohost_nf.a(_cr_assert.o) (__sys_appexit)
/Applications/MCUXpressoIDE_11.1.0_3209/ide/plugins/com.nxp.mcuxpresso.tools.macosx_11.1.0.201909161352/tools/bin/../lib/gcc/arm-none-eabi/8.3.1/../../../../arm-none-eabi/lib/thumb/v7e-m+dp/hard/libcr_c.a(memcpy.o)
                              ./amazon-freertos/FreeRTOS/queue.o (memcpy)
/Applications/MCUXpressoIDE_11.1.0_3209/ide/plugins/com.nxp.mcuxpresso.tools.macosx_11.1.0.201909161352/tools/bin/../lib/gcc/arm-none-eabi/8.3.1/../../../../arm-none-eabi/lib/thumb/v7e-m+dp/hard/libcr_c.a(memset.o)
                              ./utilities/fsl_debug_console.o (memset)
/Applications/MCUXpressoIDE_11.1.0_3209/ide/plugins/com.nxp.mcuxpresso.tools.macosx_11.1.0.201909161352/tools/bin/../lib/gcc/arm-none-eabi/8.3.1/../../../../arm-none-eabi/lib/thumb/v7e-m+dp/hard/libcr_c.a(_deferredlazyseek.o)
                              /Applications/MCUXpressoIDE_11.1.0_3209/ide/plugins/com.nxp.mcuxpresso.tools.macosx_11.1.0.201909161352/tools/bin/../lib/gcc/arm-none-eabi/8.3.1/../../../../arm-none-eabi/lib/thumb/v7e-m+dp/hard/libcr_nohost_nf.a(_cr_assert.o) (__flsbuf)
/Applications/MCUXpressoIDE_11.1.0_3209/ide/plugins/com.nxp.mcuxpresso.tools.macosx_11.1.0.201909161352/tools/bin/../lib/gcc/arm-none-eabi/8.3.1/../../../../arm-none-eabi/lib/thumb/v7e-m+dp/hard/libcr_c.a(_fflush.o)
                              /Applications/MCUXpressoIDE_11.1.0_3209/ide/plugins/com.nxp.mcuxpresso.tools.macosx_11.1.0.201909161352/tools/bin/../lib/gcc/arm-none-eabi/8.3.1/../../../../arm-none-eabi/lib/thumb/v7e-m+dp/hard/libcr_c.a(_deferredlazyseek.o) (_fflush)
/Applications/MCUXpressoIDE_11.1.0_3209/ide/plugins/com.nxp.mcuxpresso.tools.macosx_11.1.0.201909161352/tools/bin/../lib/gcc/arm-none-eabi/8.3.1/../../../../arm-none-eabi/lib/thumb/v7e-m+dp/hard/libcr_c.a(_writebuf.o)
                              /Applications/MCUXpressoIDE_11.1.0_3209/ide/plugins/com.nxp.mcuxpresso.tools.macosx_11.1.0.201909161352/tools/bin/../lib/gcc/arm-none-eabi/8.3.1/../../../../arm-none-eabi/lib/thumb/v7e-m+dp/hard/libcr_c.a(_deferredlazyseek.o) (_Cwritebuf)
/Applications/MCUXpressoIDE_11.1.0_3209/ide/plugins/com.nxp.mcuxpresso.tools.macosx_11.1.0.201909161352/tools/bin/../lib/gcc/arm-none-eabi/8.3.1/../../../../arm-none-eabi/lib/thumb/v7e-m+dp/hard/libcr_c.a(alloc.o)
                              ./drivers/fsl_common.o (malloc)
/Applications/MCUXpressoIDE_11.1.0_3209/ide/plugins/com.nxp.mcuxpresso.tools.macosx_11.1.0.201909161352/tools/bin/../lib/gcc/arm-none-eabi/8.3.1/../../../../arm-none-eabi/lib/thumb/v7e-m+dp/hard/libcr_c.a(fputs.o)
                              /Applications/MCUXpressoIDE_11.1.0_3209/ide/plugins/com.nxp.mcuxpresso.tools.macosx_11.1.0.201909161352/tools/bin/../lib/gcc/arm-none-eabi/8.3.1/../../../../arm-none-eabi/lib/thumb/v7e-m+dp/hard/libcr_nohost_nf.a(_cr_assert.o) (fputs)
/Applications/MCUXpressoIDE_11.1.0_3209/ide/plugins/com.nxp.mcuxpresso.tools.macosx_11.1.0.201909161352/tools/bin/../lib/gcc/arm-none-eabi/8.3.1/../../../../arm-none-eabi/lib/thumb/v7e-m+dp/hard/libcr_c.a(fseek.o)
                              /Applications/MCUXpressoIDE_11.1.0_3209/ide/plugins/com.nxp.mcuxpresso.tools.macosx_11.1.0.201909161352/tools/bin/../lib/gcc/arm-none-eabi/8.3.1/../../../../arm-none-eabi/lib/thumb/v7e-m+dp/hard/libcr_c.a(_deferredlazyseek.o) (fseek)
[...]
Memory Configuration

Name             Origin             Length             Attributes
BOARD_FLASH      0x0000000060000000 0x0000000004000000 xr
SRAM_DTC         0x0000000020000000 0x0000000000020000 xrw
SRAM_ITC         0x0000000000000000 0x0000000000020000 xrw
SRAM_OC          0x0000000020200000 0x0000000000040000 xrw
BOARD_SDRAM      0x0000000080000000 0x0000000002000000 xrw
*default*        0x0000000000000000 0xffffffffffffffff

Linker script and memory map

LOAD ./xip/evkbimxrt1050_flexspi_nor_config.o
LOAD ./xip/evkbimxrt1050_sdram_ini_dcd.o
LOAD ./xip/fsl_flexspi_nor_boot.o
LOAD ./utilities/fsl_assert.o
LOAD ./utilities/fsl_debug_console.o
LOAD ./utilities/fsl_str.o
LOAD ./startup/startup_mimxrt1052.o
LOAD ./source/lpuart.o
LOAD ./source/main.o
LOAD ./source/semihost_hardfault.o
LOAD ./drivers/freertos/fsl_lpuart_freertos.o
LOAD ./drivers/fsl_clock.o
LOAD ./drivers/fsl_common.o
LOAD ./drivers/fsl_gpio.o
LOAD ./drivers/fsl_lpi2c.o
LOAD ./drivers/fsl_lpspi.o
LOAD ./drivers/fsl_lpuart.o
LOAD ./drivers/fsl_semc.o
LOAD ./device/system_MIMXRT1052.o
LOAD ./component/uart/lpuart_adapter.o
LOAD ./component/serial_manager/serial_manager.o
LOAD ./component/serial_manager/serial_port_uart.o
LOAD ./component/lists/generic_list.o
LOAD ./board/board.o
LOAD ./board/clock_config.o
LOAD ./board/peripherals.o
LOAD ./board/pin_mux.o
LOAD ./amazon-freertos/FreeRTOS/portable/fsl_tickless_systick.o
LOAD ./amazon-freertos/FreeRTOS/portable/heap_4.o
LOAD ./amazon-freertos/FreeRTOS/portable/port.o
LOAD ./amazon-freertos/FreeRTOS/event_groups.o
LOAD ./amazon-freertos/FreeRTOS/list.o
LOAD ./amazon-freertos/FreeRTOS/queue.o
LOAD ./amazon-freertos/FreeRTOS/stream_buffer.o
LOAD ./amazon-freertos/FreeRTOS/tasks.o
LOAD ./amazon-freertos/FreeRTOS/timers.o
START GROUP
LOAD /Applications/MCUXpressoIDE_11.1.0_3209/ide/plugins/com.nxp.mcuxpresso.tools.macosx_11.1.0.201909161352/tools/bin/../lib/gcc/arm-none-eabi/8.3.1/../../../../arm-none-eabi/lib/thumb/v7e-m+dp/hard/libcr_nohost_nf.a
LOAD /Applications/MCUXpressoIDE_11.1.0_3209/ide/plugins/com.nxp.mcuxpresso.tools.macosx_11.1.0.201909161352/tools/bin/../lib/gcc/arm-none-eabi/8.3.1/../../../../arm-none-eabi/lib/thumb/v7e-m+dp/hard/libcr_c.a
LOAD /Applications/MCUXpressoIDE_11.1.0_3209/ide/plugins/com.nxp.mcuxpresso.tools.macosx_11.1.0.201909161352/tools/bin/../lib/gcc/arm-none-eabi/8.3.1/thumb/v7e-m+dp/hard/libcr_eabihelpers.a
LOAD /Applications/MCUXpressoIDE_11.1.0_3209/ide/plugins/com.nxp.mcuxpresso.tools.macosx_11.1.0.201909161352/tools/bin/../lib/gcc/arm-none-eabi/8.3.1/thumb/v7e-m+dp/hard/libgcc.a
END GROUP
                0x0000000060000000                __base_BOARD_FLASH = 0x60000000
                0x0000000060000000                __base_Flash = 0x60000000
                0x0000000064000000                __top_BOARD_FLASH = 0x64000000
                0x0000000064000000                __top_Flash = 0x64000000
                0x0000000020000000                __base_SRAM_DTC = 0x20000000
                0x0000000020000000                __base_RAM = 0x20000000
                0x0000000020020000                __top_SRAM_DTC = 0x20020000
                0x0000000020020000                __top_RAM = 0x20020000
                0x0000000000000000                __base_SRAM_ITC = 0x0
                0x0000000000000000                __base_RAM2 = 0x0
                0x0000000000020000                __top_SRAM_ITC = 0x20000
                0x0000000000020000                __top_RAM2 = 0x20000
                0x0000000020200000                __base_SRAM_OC = 0x20200000
                0x0000000020200000                __base_RAM3 = 0x20200000
                0x0000000020240000                __top_SRAM_OC = 0x20240000
                0x0000000020240000                __top_RAM3 = 0x20240000
                0x0000000080000000                __base_BOARD_SDRAM = 0x80000000
                0x0000000080000000                __base_RAM4 = 0x80000000
                0x0000000082000000                __top_BOARD_SDRAM = 0x82000000
                0x0000000082000000                __top_RAM4 = 0x82000000

.boot_hdr       0x0000000060000000     0x2000
 FILL mask 0xff
                0x0000000060000000                __boot_hdr_start__ = ABSOLUTE (.)
 *(SORT_BY_ALIGNMENT(.boot_hdr.conf))
 .boot_hdr.conf
                0x0000000060000000      0x200 ./xip/evkbimxrt1050_flexspi_nor_config.o
                0x0000000060000000                hyperflash_config
                0x0000000000001000                . = 0x1000
 *fill*         0x0000000060000200      0xe00 ff
 *(SORT_BY_ALIGNMENT(.boot_hdr.ivt))
 .boot_hdr.ivt  0x0000000060001000       0x20 ./xip/fsl_flexspi_nor_boot.o
                0x0000000060001000                image_vector_table
                0x0000000000001020                . = 0x1020
 *(SORT_BY_ALIGNMENT(.boot_hdr.boot_data))
 .boot_hdr.boot_data
                0x0000000060001020       0x10 ./xip/fsl_flexspi_nor_boot.o
                0x0000000060001020                boot_data
                0x0000000000001030                . = 0x1030
 *(SORT_BY_ALIGNMENT(.boot_hdr.dcd_data))
                0x0000000060001030                __boot_hdr_end__ = ABSOLUTE (.)
                0x0000000000002000                . = 0x2000
 *fill*         0x0000000060001030      0xfd0 ff

.text           0x0000000060002000     0x8c24
 FILL mask 0xff
                0x0000000060002000                __vectors_start__ = ABSOLUTE (.)
 *(SORT_BY_ALIGNMENT(.isr_vector))
 .isr_vector    0x0000000060002000      0x2a0 ./startup/startup_mimxrt1052.o
                0x0000000060002000                __Vectors
                0x0000000060002000                g_pfnVectors
                0x00000000600022a0                . = ALIGN (0x4)
                0x00000000600022a0                __section_table_start = .
                0x00000000600022a0                __data_section_table = .
                0x00000000600022a0        0x4 LONG 0x6000ac24 LOADADDR (.data)
                0x00000000600022a4        0x4 LONG 0x20000000 ADDR (.data)
                0x00000000600022a8        0x4 LONG 0x70 SIZEOF (.data)
                0x00000000600022ac        0x4 LONG 0x6000ac24 LOADADDR (.data_RAM2)
                0x00000000600022b0        0x4 LONG 0x0 ADDR (.data_RAM2)
                0x00000000600022b4        0x4 LONG 0x0 SIZEOF (.data_RAM2)
                0x00000000600022b8        0x4 LONG 0x6000ac24 LOADADDR (.data_RAM3)
                0x00000000600022bc        0x4 LONG 0x20200000 ADDR (.data_RAM3)
                0x00000000600022c0        0x4 LONG 0x0 SIZEOF (.data_RAM3)
                0x00000000600022c4        0x4 LONG 0x6000ac24 LOADADDR (.data_RAM4)
                0x00000000600022c8        0x4 LONG 0x80000000 ADDR (.data_RAM4)
                0x00000000600022cc        0x4 LONG 0x0 SIZEOF (.data_RAM4)
                0x00000000600022d0                __data_section_table_end = .
                0x00000000600022d0                __bss_section_table = .
                0x00000000600022d0        0x4 LONG 0x20000070 ADDR (.bss)
                0x00000000600022d4        0x4 LONG 0x2c74 SIZEOF (.bss)
                0x00000000600022d8        0x4 LONG 0x0 ADDR (.bss_RAM2)
                0x00000000600022dc        0x4 LONG 0x0 SIZEOF (.bss_RAM2)
                0x00000000600022e0        0x4 LONG 0x20200000 ADDR (.bss_RAM3)
                0x00000000600022e4        0x4 LONG 0x0 SIZEOF (.bss_RAM3)
                0x00000000600022e8        0x4 LONG 0x80000000 ADDR (.bss_RAM4)
                0x00000000600022ec        0x4 LONG 0x0 SIZEOF (.bss_RAM4)
                0x00000000600022f0                __bss_section_table_end = .
                0x00000000600022f0                __section_table_end = .
 *(SORT_BY_ALIGNMENT(.after_vectors*))
 .after_vectors.reset
                0x00000000600022f0       0x4c ./startup/startup_mimxrt1052.o
                0x00000000600022f0                ResetISR
 .after_vectors.init_data
                0x000000006000233c       0x1e ./startup/startup_mimxrt1052.o
                0x000000006000233c                data_init
 .after_vectors.init_bss
                0x000000006000235a       0x12 ./startup/startup_mimxrt1052.o
                0x000000006000235a                bss_init
 .after_vectors
                0x000000006000236c        0xc ./startup/startup_mimxrt1052.o
                0x000000006000236c                NMI_Handler
                0x0000000060002376                Reserved87_DriverIRQHandler
                0x0000000060002376                KPP_DriverIRQHandler
                0x0000000060002376                LCDIF_DriverIRQHandler
                0x0000000060002376                SAI3_RX_DriverIRQHandler
                0x0000000060002376                CCM_2_DriverIRQHandler
                0x0000000060002376                PIT_DriverIRQHandler
                0x0000000060002376                PMU_EVENT_DriverIRQHandler
                0x0000000060002376                PWM4_FAULT_DriverIRQHandler
                0x0000000060002376                DMA13_DMA29_DriverIRQHandler
                0x0000000060002376                FLEXRAM_DriverIRQHandler
                0x0000000060002376                SEMC_DriverIRQHandler
                0x0000000060002376                SPDIF_DriverIRQHandler
                0x0000000060002376                PWM4_3_DriverIRQHandler
                0x0000000060002376                USB_PHY1_DriverIRQHandler
                0x0000000060002376                GPIO3_Combined_0_15_DriverIRQHandler
                0x0000000060002376                DMA7_DMA23_DriverIRQHandler
                0x0000000060002376                BEE_DriverIRQHandler
                0x0000000060002376                GPR_IRQ_DriverIRQHandler
                0x0000000060002376                PWM2_FAULT_DriverIRQHandler
                0x0000000060002376                PWM3_1_DriverIRQHandler
                0x0000000060002376                DMA14_DMA30_DriverIRQHandler
                0x0000000060002376                TMR1_DriverIRQHandler
                0x0000000060002376                TRNG_DriverIRQHandler
                0x0000000060002376                PWM3_2_DriverIRQHandler
                0x0000000060002376                ENET_1588_Timer_DriverIRQHandler
                0x0000000060002376                FLEXIO2_DriverIRQHandler
                0x0000000060002376                GPIO2_Combined_16_31_DriverIRQHandler
                0x0000000060002376                Reserved143_DriverIRQHandler
                0x0000000060002376                PWM4_1_DriverIRQHandler
                0x0000000060002376                PWM3_3_DriverIRQHandler
                0x0000000060002376                DMA0_DMA16_DriverIRQHandler
                0x0000000060002376                IntDefaultHandler
                0x0000000060002376                DMA2_DMA18_DriverIRQHandler
                0x0000000060002376                SRC_DriverIRQHandler
                0x0000000060002376                GPIO1_INT4_DriverIRQHandler
                0x0000000060002376                Reserved144_DriverIRQHandler
                0x0000000060002376                USDHC1_DriverIRQHandler
                0x0000000060002376                ENC3_DriverIRQHandler
                0x0000000060002376                PWM3_FAULT_DriverIRQHandler
                0x0000000060002376                EWM_DriverIRQHandler
                0x0000000060002376                TSC_DIG_DriverIRQHandler
                0x0000000060002376                WDOG1_DriverIRQHandler
                0x0000000060002376                FLEXIO1_DriverIRQHandler
                0x0000000060002376                ENET_DriverIRQHandler
                0x0000000060002376                Reserved78_DriverIRQHandler
                0x0000000060002376                TMR4_DriverIRQHandler
                0x0000000060002376                ENC2_DriverIRQHandler
                0x0000000060002376                ADC_ETC_IRQ2_DriverIRQHandler
                0x0000000060002376                GPIO1_Combined_16_31_DriverIRQHandler
                0x0000000060002376                GPIO1_INT7_DriverIRQHandler
                0x0000000060002376                SAI1_DriverIRQHandler
                0x0000000060002376                DCDC_DriverIRQHandler
                0x0000000060002376                DMA12_DMA28_DriverIRQHandler
                0x0000000060002376                PWM4_0_DriverIRQHandler
                0x0000000060002376                ADC_ETC_ERROR_IRQ_DriverIRQHandler
                0x0000000060002376                ACMP2_DriverIRQHandler
                0x0000000060002376                GPIO5_Combined_0_15_DriverIRQHandler
                0x0000000060002376                GPIO1_INT0_DriverIRQHandler
                0x0000000060002376                GPIO1_INT2_DriverIRQHandler
                0x0000000060002376                RTWDOG_DriverIRQHandler
                0x0000000060002376                FLEXSPI_DriverIRQHandler
                0x0000000060002376                GPT2_DriverIRQHandler
                0x0000000060002376                USB_PHY2_DriverIRQHandler
                0x0000000060002376                DMA10_DMA26_DriverIRQHandler
                0x0000000060002376                PWM2_1_DriverIRQHandler
                0x0000000060002376                PWM1_1_DriverIRQHandler
                0x0000000060002376                PXP_DriverIRQHandler
                0x0000000060002376                ADC1_DriverIRQHandler
                0x0000000060002376                PWM1_0_DriverIRQHandler
                0x0000000060002376                SJC_DriverIRQHandler
                0x0000000060002376                DMA1_DMA17_DriverIRQHandler
                0x0000000060002376                ENC1_DriverIRQHandler
                0x0000000060002376                ENC4_DriverIRQHandler
                0x0000000060002376                CAN2_DriverIRQHandler
                0x0000000060002376                DCP_DriverIRQHandler
                0x0000000060002376                CTI0_ERROR_DriverIRQHandler
                0x0000000060002376                DMA8_DMA24_DriverIRQHandler
                0x0000000060002376                GPT1_DriverIRQHandler
                0x0000000060002376                ACMP3_DriverIRQHandler
                0x0000000060002376                DMA6_DMA22_DriverIRQHandler
                0x0000000060002376                CSU_DriverIRQHandler
                0x0000000060002376                GPIO1_INT5_DriverIRQHandler
                0x0000000060002376                TMR3_DriverIRQHandler
                0x0000000060002376                TMR2_DriverIRQHandler
                0x0000000060002376                CTI1_ERROR_DriverIRQHandler
                0x0000000060002376                GPIO1_Combined_0_15_DriverIRQHandler
                0x0000000060002376                USDHC2_DriverIRQHandler
                0x0000000060002376                PWM4_2_DriverIRQHandler
                0x0000000060002376                SAI2_DriverIRQHandler
                0x0000000060002376                CORE_DriverIRQHandler
                0x0000000060002376                DMA11_DMA27_DriverIRQHandler
                0x0000000060002376                CSI_DriverIRQHandler
                0x0000000060002376                PWM2_3_DriverIRQHandler
                0x0000000060002376                XBAR1_IRQ_2_3_DriverIRQHandler
                0x0000000060002376                SNVS_HP_WRAPPER_TZ_DriverIRQHandler
                0x0000000060002376                GPIO3_Combined_16_31_DriverIRQHandler
                0x0000000060002376                PWM1_FAULT_DriverIRQHandler
                0x0000000060002376                PWM2_2_DriverIRQHandler
                0x0000000060002376                DMA4_DMA20_DriverIRQHandler
                0x0000000060002376                DMA9_DMA25_DriverIRQHandler
                0x0000000060002376                SNVS_HP_WRAPPER_DriverIRQHandler
                0x0000000060002376                XBAR1_IRQ_0_1_DriverIRQHandler
                0x0000000060002376                ADC_ETC_IRQ1_DriverIRQHandler
                0x0000000060002376                DMA3_DMA19_DriverIRQHandler
                0x0000000060002376                GPIO1_INT3_DriverIRQHandler
                0x0000000060002376                DCP_VMI_DriverIRQHandler
                0x0000000060002376                GPC_DriverIRQHandler
                0x0000000060002376                Reserved123_DriverIRQHandler
                0x0000000060002376                GPIO2_Combined_0_15_DriverIRQHandler
                0x0000000060002376                PWM1_2_DriverIRQHandler
                0x0000000060002376                USB_OTG1_DriverIRQHandler
                0x0000000060002376                TEMP_LOW_HIGH_DriverIRQHandler
                0x0000000060002376                SAI3_TX_DriverIRQHandler
                0x0000000060002376                WDOG2_DriverIRQHandler
                0x0000000060002376                Reserved68_DriverIRQHandler
                0x0000000060002376                PWM3_0_DriverIRQHandler
                0x0000000060002376                GPIO4_Combined_0_15_DriverIRQHandler
                0x0000000060002376                GPIO4_Combined_16_31_DriverIRQHandler
                0x0000000060002376                GPIO5_Combined_16_31_DriverIRQHandler
                0x0000000060002376                DMA5_DMA21_DriverIRQHandler
                0x0000000060002376                CCM_1_DriverIRQHandler
                0x0000000060002376                ADC2_DriverIRQHandler
                0x0000000060002376                Reserved115_DriverIRQHandler
                0x0000000060002376                TEMP_PANIC_DriverIRQHandler
                0x0000000060002376                DMA15_DMA31_DriverIRQHandler
                0x0000000060002376                PWM1_3_DriverIRQHandler
                0x0000000060002376                ACMP1_DriverIRQHandler
                0x0000000060002376                Reserved86_DriverIRQHandler
                0x0000000060002376                DMA_ERROR_DriverIRQHandler
                0x0000000060002376                ADC_ETC_IRQ0_DriverIRQHandler
                0x0000000060002376                CAN1_DriverIRQHandler
                0x0000000060002376                GPIO1_INT6_DriverIRQHandler
                0x0000000060002376                GPIO1_INT1_DriverIRQHandler
                0x0000000060002376                PWM2_0_DriverIRQHandler
                0x0000000060002376                SNVS_LP_WRAPPER_DriverIRQHandler
                0x0000000060002376                ACMP4_DriverIRQHandler
                0x0000000060002376                USB_OTG2_DriverIRQHandler
 *(SORT_BY_ALIGNMENT(.text*))
 *fill*         0x0000000060002378        0x8 ff
 .text.SVC_Handler
                0x0000000060002380       0x28 ./amazon-freertos/FreeRTOS/portable/port.o
                0x0000000060002380                SVC_Handler
 *fill*         0x00000000600023a8        0x8 ff
 .text.PendSV_Handler
                0x00000000600023b0       0x68 ./amazon-freertos/FreeRTOS/portable/port.o
                0x00000000600023b0                PendSV_Handler
 .text.DbgConsole_SendData
                0x0000000060002418       0x58 ./utilities/fsl_debug_console.o
                0x0000000060002418                DbgConsole_SendData
 .text.DbgConsole_Init
                0x0000000060002470       0xf8 ./utilities/fsl_debug_console.o
                0x0000000060002470                DbgConsole_Init
 .text.DbgConsole_Printf
                0x0000000060002568       0x64 ./utilities/fsl_debug_console.o
                0x0000000060002568                DbgConsole_Printf
 .text.__NVIC_SetPriority
                0x00000000600025cc       0x54 ./source/lpuart.o
 .text.init_uart_tasks
                0x0000000060002620       0xc0 ./source/lpuart.o
                0x0000000060002620                init_uart_tasks
 .text.uart3_task
                0x00000000600026e0       0xe4 ./source/lpuart.o
                0x00000000600026e0                uart3_task
 .text.uart6_task
                0x00000000600027c4       0xe4 ./source/lpuart.o
                0x00000000600027c4                uart6_task
 .text.uart8_task
                0x00000000600028a8       0xe4 ./source/lpuart.o
                0x00000000600028a8                uart8_task
 .text.LPUART_RTOS_Callback
                0x000000006000298c       0xc4 ./drivers/freertos/fsl_lpuart_freertos.o
 .text.LPUART_RTOS_Init
                0x0000000060002a50      0x188 ./drivers/freertos/fsl_lpuart_freertos.o
                0x0000000060002a50                LPUART_RTOS_Init
 .text.CLOCK_GetOscFreq
                0x0000000060002bd8       0x30 ./drivers/fsl_clock.o
 .text.CLOCK_InitExternalClk
                0x0000000060002c08       0x6c ./drivers/fsl_clock.o
                0x0000000060002c08                CLOCK_InitExternalClk
 .text.CLOCK_SwitchOsc
                0x0000000060002c74       0x34 ./drivers/fsl_clock.o
                0x0000000060002c74                CLOCK_SwitchOsc
 .text.CLOCK_InitRcOsc24M
                0x0000000060002ca8       0x24 ./drivers/fsl_clock.o
                0x0000000060002ca8                CLOCK_InitRcOsc24M
 .text.CLOCK_InitArmPll
                0x0000000060002ccc       0x68 ./drivers/fsl_clock.o
                0x0000000060002ccc                CLOCK_InitArmPll
 .text.CLOCK_InitSysPll
                0x0000000060002d34       0x9c ./drivers/fsl_clock.o
                0x0000000060002d34                CLOCK_InitSysPll
 .text.CLOCK_DeinitUsb2Pll
                0x0000000060002dd0       0x18 ./drivers/fsl_clock.o
                0x0000000060002dd0                CLOCK_DeinitUsb2Pll
 .text.CLOCK_DeinitAudioPll
                0x0000000060002de8       0x1c ./drivers/fsl_clock.o
                0x0000000060002de8                CLOCK_DeinitAudioPll
 .text.CLOCK_DeinitVideoPll
                0x0000000060002e04       0x1c ./drivers/fsl_clock.o
                0x0000000060002e04                CLOCK_DeinitVideoPll
 .text.CLOCK_DeinitEnetPll
                0x0000000060002e20       0x1c ./drivers/fsl_clock.o
                0x0000000060002e20                CLOCK_DeinitEnetPll
 .text.CLOCK_GetPllFreq
                0x0000000060002e3c      0x300 ./drivers/fsl_clock.o
                0x0000000060002e3c                CLOCK_GetPllFreq
 .text.CLOCK_InitSysPfd
                0x000000006000313c       0x64 ./drivers/fsl_clock.o
                0x000000006000313c                CLOCK_InitSysPfd
 .text.LPI2C_CommonIRQHandler
                0x00000000600031a0       0x70 ./drivers/fsl_lpi2c.o
 .text.LPI2C1_DriverIRQHandler
                0x0000000060003210       0x14 ./drivers/fsl_lpi2c.o
                0x0000000060003210                LPI2C1_DriverIRQHandler
 .text.LPI2C2_DriverIRQHandler
                0x0000000060003224       0x14 ./drivers/fsl_lpi2c.o
                0x0000000060003224                LPI2C2_DriverIRQHandler
 .text.LPI2C3_DriverIRQHandler
                0x0000000060003238       0x14 ./drivers/fsl_lpi2c.o
                0x0000000060003238                LPI2C3_DriverIRQHandler
 .text.LPI2C4_DriverIRQHandler
                0x000000006000324c       0x14 ./drivers/fsl_lpi2c.o
                0x000000006000324c                LPI2C4_DriverIRQHandler
 .text.LPSPI_CommonIRQHandler
                0x0000000060003260       0x3c ./drivers/fsl_lpspi.o
 .text.LPSPI1_DriverIRQHandler
                0x000000006000329c       0x30 ./drivers/fsl_lpspi.o
                0x000000006000329c                LPSPI1_DriverIRQHandler
 .text.LPSPI2_DriverIRQHandler
                0x00000000600032cc       0x30 ./drivers/fsl_lpspi.o
                0x00000000600032cc                LPSPI2_DriverIRQHandler
 .text.LPSPI3_DriverIRQHandler
                0x00000000600032fc       0x30 ./drivers/fsl_lpspi.o
                0x00000000600032fc                LPSPI3_DriverIRQHandler
 .text.LPSPI4_DriverIRQHandler
                0x000000006000332c       0x30 ./drivers/fsl_lpspi.o
                0x000000006000332c                LPSPI4_DriverIRQHandler
 .text.__NVIC_EnableIRQ
                0x000000006000335c       0x3c ./drivers/fsl_lpuart.o
 .text.CLOCK_ControlGate
                0x0000000060003398       0x64 ./drivers/fsl_lpuart.o
 .text.LPUART_GetInstance
                0x00000000600033fc       0x4c ./drivers/fsl_lpuart.o
                0x00000000600033fc                LPUART_GetInstance
 .text.LPUART_TransferGetRxRingBufferLength
                0x0000000060003448       0x60 ./drivers/fsl_lpuart.o
                0x0000000060003448                LPUART_TransferGetRxRingBufferLength
 .text.LPUART_TransferIsRxRingBufferFull
                0x00000000600034a8       0x44 ./drivers/fsl_lpuart.o
 .text.LPUART_WriteNonBlocking
                0x00000000600034ec       0x48 ./drivers/fsl_lpuart.o
 .text.LPUART_ReadNonBlocking
                0x0000000060003534       0x98 ./drivers/fsl_lpuart.o
 .text.LPUART_Init
                0x00000000600035cc      0x304 ./drivers/fsl_lpuart.o
                0x00000000600035cc                LPUART_Init
 .text.LPUART_GetDefaultConfig
                0x00000000600038d0       0x88 ./drivers/fsl_lpuart.o
                0x00000000600038d0                LPUART_GetDefaultConfig
 .text.LPUART_GetEnabledInterrupts
                0x0000000060003958       0x44 ./drivers/fsl_lpuart.o
                0x0000000060003958                LPUART_GetEnabledInterrupts
 .text.LPUART_ClearStatusFlags
                0x000000006000399c       0xa4 ./drivers/fsl_lpuart.o
                0x000000006000399c                LPUART_ClearStatusFlags
 .text.LPUART_WriteBlocking
                0x0000000060003a40       0x4c ./drivers/fsl_lpuart.o
                0x0000000060003a40                LPUART_WriteBlocking
 .text.LPUART_TransferCreateHandle
                0x0000000060003a8c       0xc0 ./drivers/fsl_lpuart.o
                0x0000000060003a8c                LPUART_TransferCreateHandle
 .text.LPUART_TransferStartRingBuffer
                0x0000000060003b4c       0x58 ./drivers/fsl_lpuart.o
                0x0000000060003b4c                LPUART_TransferStartRingBuffer
 .text.LPUART_TransferSendNonBlocking
                0x0000000060003ba4       0x9c ./drivers/fsl_lpuart.o
                0x0000000060003ba4                LPUART_TransferSendNonBlocking
 .text.LPUART_TransferReceiveNonBlocking
                0x0000000060003c40      0x198 ./drivers/fsl_lpuart.o
                0x0000000060003c40                LPUART_TransferReceiveNonBlocking
 .text.LPUART_TransferAbortReceive
                0x0000000060003dd8       0x44 ./drivers/fsl_lpuart.o
                0x0000000060003dd8                LPUART_TransferAbortReceive
 .text.LPUART_TransferHandleIRQ
                0x0000000060003e1c      0x390 ./drivers/fsl_lpuart.o
                0x0000000060003e1c                LPUART_TransferHandleIRQ
 .text.LPUART1_DriverIRQHandler
                0x00000000600041ac       0x24 ./drivers/fsl_lpuart.o
                0x00000000600041ac                LPUART1_DriverIRQHandler
 .text.LPUART2_DriverIRQHandler
                0x00000000600041d0       0x24 ./drivers/fsl_lpuart.o
                0x00000000600041d0                LPUART2_DriverIRQHandler
 .text.LPUART3_DriverIRQHandler
                0x00000000600041f4       0x24 ./drivers/fsl_lpuart.o
                0x00000000600041f4                LPUART3_DriverIRQHandler
 .text.LPUART4_DriverIRQHandler
                0x0000000060004218       0x24 ./drivers/fsl_lpuart.o
                0x0000000060004218                LPUART4_DriverIRQHandler
 .text.LPUART5_DriverIRQHandler
                0x000000006000423c       0x24 ./drivers/fsl_lpuart.o
                0x000000006000423c                LPUART5_DriverIRQHandler
 .text.LPUART6_DriverIRQHandler
                0x0000000060004260       0x24 ./drivers/fsl_lpuart.o
                0x0000000060004260                LPUART6_DriverIRQHandler
 .text.LPUART7_DriverIRQHandler
                0x0000000060004284       0x24 ./drivers/fsl_lpuart.o
                0x0000000060004284                LPUART7_DriverIRQHandler
 .text.LPUART8_DriverIRQHandler
                0x00000000600042a8       0x24 ./drivers/fsl_lpuart.o
                0x00000000600042a8                LPUART8_DriverIRQHandler
 .text.SCB_EnableICache
                0x00000000600042cc       0x40 ./device/system_MIMXRT1052.o
 .text.SCB_EnableDCache
                0x000000006000430c       0x80 ./device/system_MIMXRT1052.o
 .text.SystemInit
                0x000000006000438c       0xf4 ./device/system_MIMXRT1052.o
                0x000000006000438c                SystemInit
 .text.HAL_UartInit
                0x0000000060004480      0x100 ./component/uart/lpuart_adapter.o
                0x0000000060004480                HAL_UartInit
 .text.HAL_UartSendBlocking
                0x0000000060004580       0x64 ./component/uart/lpuart_adapter.o
                0x0000000060004580                HAL_UartSendBlocking
 .text.SerialManager_Write
                0x00000000600045e4       0x6c ./component/serial_manager/serial_manager.o
 .text.SerialManager_Init
                0x0000000060004650       0x74 ./component/serial_manager/serial_manager.o
                0x0000000060004650                SerialManager_Init
 .text.SerialManager_OpenWriteHandle
                0x00000000600046c4       0x58 ./component/serial_manager/serial_manager.o
                0x00000000600046c4                SerialManager_OpenWriteHandle
 .text.SerialManager_OpenReadHandle
                0x000000006000471c       0x60 ./component/serial_manager/serial_manager.o
                0x000000006000471c                SerialManager_OpenReadHandle
 .text.Serial_UartInit
                0x000000006000477c       0x80 ./component/serial_manager/serial_port_uart.o
                0x000000006000477c                Serial_UartInit
 .text.Serial_UartWrite
                0x00000000600047fc       0x58 ./component/serial_manager/serial_port_uart.o
                0x00000000600047fc                Serial_UartWrite
 .text.ARM_MPU_Enable
                0x0000000060004854       0x3c ./board/board.o
 .text.ARM_MPU_Disable
                0x0000000060004890       0x38 ./board/board.o
 .text.SCB_EnableICache
                0x00000000600048c8       0x40 ./board/board.o
 .text.SCB_DisableICache
                0x0000000060004908       0x38 ./board/board.o
 .text.SCB_EnableDCache
                0x0000000060004940       0x80 ./board/board.o
 .text.SCB_DisableDCache
                0x00000000600049c0       0x68 ./board/board.o
 .text.CLOCK_GetMux
                0x0000000060004a28       0x44 ./board/board.o
 .text.CLOCK_GetDiv
                0x0000000060004a6c       0x44 ./board/board.o
 .text.CLOCK_GetOscFreq
                0x0000000060004ab0       0x30 ./board/board.o
 .text.BOARD_DebugConsoleSrcFreq
                0x0000000060004ae0       0x64 ./board/board.o
                0x0000000060004ae0                BOARD_DebugConsoleSrcFreq
 .text.BOARD_ConfigMPU
                0x0000000060004b44       0xec ./board/board.o
                0x0000000060004b44                BOARD_ConfigMPU
 .text.CLOCK_SetMux
                0x0000000060004c30       0x9c ./board/clock_config.o
 .text.CLOCK_SetDiv
                0x0000000060004ccc       0x9c ./board/clock_config.o
 .text.CLOCK_ControlGate
                0x0000000060004d68       0x64 ./board/clock_config.o
 .text.CLOCK_SetXtalFreq
                0x0000000060004dcc       0x20 ./board/clock_config.o
 .text.CLOCK_SetRtcXtalFreq
                0x0000000060004dec       0x20 ./board/clock_config.o
 .text.IOMUXC_EnableMode
                0x0000000060004e0c       0x48 ./board/clock_config.o
 .text.IOMUXC_MQSConfig
                0x0000000060004e54       0x44 ./board/clock_config.o
 .text.BOARD_BootClockRUN
                0x0000000060004e98      0x628 ./board/clock_config.o
                0x0000000060004e98                BOARD_BootClockRUN
 .text.CLOCK_ControlGate
                0x00000000600054c0       0x64 ./board/pin_mux.o
 .text.BOARD_InitPins
                0x0000000060005524      0x39c ./board/pin_mux.o
                0x0000000060005524                BOARD_InitPins
 .text.vPortSetupTimerInterrupt
                0x00000000600058c0       0x48 ./amazon-freertos/FreeRTOS/portable/fsl_tickless_systick.o
                0x00000000600058c0                vPortSetupTimerInterrupt
 .text.pvPortMalloc
                0x0000000060005908      0x184 ./amazon-freertos/FreeRTOS/portable/heap_4.o
                0x0000000060005908                pvPortMalloc
 .text.vPortFree
                0x0000000060005a8c       0xb0 ./amazon-freertos/FreeRTOS/portable/heap_4.o
                0x0000000060005a8c                vPortFree
 .text.prvHeapInit
                0x0000000060005b3c       0xc4 ./amazon-freertos/FreeRTOS/portable/heap_4.o
 .text.prvInsertBlockIntoFreeList
                0x0000000060005c00       0xb4 ./amazon-freertos/FreeRTOS/portable/heap_4.o
 .text.pxPortInitialiseStack
                0x0000000060005cb4       0x68 ./amazon-freertos/FreeRTOS/portable/port.o
                0x0000000060005cb4                pxPortInitialiseStack
 .text.prvTaskExitError
                0x0000000060005d1c       0x54 ./amazon-freertos/FreeRTOS/portable/port.o
 .text.prvPortStartFirstTask
                0x0000000060005d70       0x28 ./amazon-freertos/FreeRTOS/portable/port.o
 .text.xPortStartScheduler
                0x0000000060005d98      0x13c ./amazon-freertos/FreeRTOS/portable/port.o
                0x0000000060005d98                xPortStartScheduler
 .text.vPortEnterCritical
                0x0000000060005ed4       0x5c ./amazon-freertos/FreeRTOS/portable/port.o
                0x0000000060005ed4                vPortEnterCritical
 .text.vPortExitCritical
                0x0000000060005f30       0x50 ./amazon-freertos/FreeRTOS/portable/port.o
                0x0000000060005f30                vPortExitCritical
 .text.SysTick_Handler
                0x0000000060005f80       0x40 ./amazon-freertos/FreeRTOS/portable/port.o
                0x0000000060005f80                SysTick_Handler
 .text.vPortEnableVFP
                0x0000000060005fc0       0x14 ./amazon-freertos/FreeRTOS/portable/port.o
 .text.vPortValidateInterruptPriority
                0x0000000060005fd4       0x7c ./amazon-freertos/FreeRTOS/portable/port.o
                0x0000000060005fd4                vPortValidateInterruptPriority
 .text.xEventGroupWaitBits
                0x0000000060006050      0x194 ./amazon-freertos/FreeRTOS/event_groups.o
                0x0000000060006050                xEventGroupWaitBits
 .text.xEventGroupSetBitsFromISR
                0x00000000600061e4       0x28 ./amazon-freertos/FreeRTOS/event_groups.o
                0x00000000600061e4                xEventGroupSetBitsFromISR
 .text.xQueueGenericReset
                0x000000006000620c       0xd0 ./amazon-freertos/FreeRTOS/queue.o
                0x000000006000620c                xQueueGenericReset
 .text.xQueueGenericSend
                0x00000000600062dc      0x1f4 ./amazon-freertos/FreeRTOS/queue.o
                0x00000000600062dc                xQueueGenericSend
 .text.xQueueReceive
                0x00000000600064d0      0x1b8 ./amazon-freertos/FreeRTOS/queue.o
                0x00000000600064d0                xQueueReceive
 .text.xQueueSemaphoreTake
                0x0000000060006688      0x210 ./amazon-freertos/FreeRTOS/queue.o
                0x0000000060006688                xQueueSemaphoreTake
 .text.vQueueAddToRegistry
                0x0000000060006898       0x50 ./amazon-freertos/FreeRTOS/queue.o
                0x0000000060006898                vQueueAddToRegistry
 .text.vQueueUnregisterQueue
                0x00000000600068e8       0x54 ./amazon-freertos/FreeRTOS/queue.o
                0x00000000600068e8                vQueueUnregisterQueue
 .text.prvAddNewTaskToReadyList
                0x000000006000693c       0xdc ./amazon-freertos/FreeRTOS/tasks.o
 .text.vTaskStartScheduler
                0x0000000060006a18       0x98 ./amazon-freertos/FreeRTOS/tasks.o
                0x0000000060006a18                vTaskStartScheduler
 .text.vTaskSuspendAll
                0x0000000060006ab0       0x1c ./amazon-freertos/FreeRTOS/tasks.o
                0x0000000060006ab0                vTaskSuspendAll
 .text.xTaskResumeAll
                0x0000000060006acc      0x138 ./amazon-freertos/FreeRTOS/tasks.o
                0x0000000060006acc                xTaskResumeAll
 .text.xTaskGetTickCount
                0x0000000060006c04       0x20 ./amazon-freertos/FreeRTOS/tasks.o
                0x0000000060006c04                xTaskGetTickCount
 .text.xTaskIncrementTick
                0x0000000060006c24      0x150 ./amazon-freertos/FreeRTOS/tasks.o
                0x0000000060006c24                xTaskIncrementTick
 .text.vTaskSwitchContext
                0x0000000060006d74       0xb4 ./amazon-freertos/FreeRTOS/tasks.o
                0x0000000060006d74                vTaskSwitchContext
 .text.vTaskPlaceOnEventList
                0x0000000060006e28       0x48 ./amazon-freertos/FreeRTOS/tasks.o
                0x0000000060006e28                vTaskPlaceOnEventList
 .text.vTaskPlaceOnUnorderedEventList
                0x0000000060006e70       0x74 ./amazon-freertos/FreeRTOS/tasks.o
                0x0000000060006e70                vTaskPlaceOnUnorderedEventList
 .text.vTaskPlaceOnEventListRestricted
                0x0000000060006ee4       0x54 ./amazon-freertos/FreeRTOS/tasks.o
                0x0000000060006ee4                vTaskPlaceOnEventListRestricted
 .text.xTaskRemoveFromEventList
                0x0000000060006f38       0xc4 ./amazon-freertos/FreeRTOS/tasks.o
                0x0000000060006f38                xTaskRemoveFromEventList
 .text.vTaskRemoveFromUnorderedEventList
                0x0000000060006ffc       0xc0 ./amazon-freertos/FreeRTOS/tasks.o
                0x0000000060006ffc                vTaskRemoveFromUnorderedEventList
 .text.vTaskInternalSetTimeOutState
                0x00000000600070bc       0x2c ./amazon-freertos/FreeRTOS/tasks.o
                0x00000000600070bc                vTaskInternalSetTimeOutState
 .text.xTaskCheckForTimeOut
                0x00000000600070e8       0xc0 ./amazon-freertos/FreeRTOS/tasks.o
                0x00000000600070e8                xTaskCheckForTimeOut
 .text.vTaskMissedYield
                0x00000000600071a8       0x18 ./amazon-freertos/FreeRTOS/tasks.o
                0x00000000600071a8                vTaskMissedYield
 .text.prvIdleTask
                0x00000000600071c0       0x30 ./amazon-freertos/FreeRTOS/tasks.o
 .text.prvInitialiseTaskLists
                0x00000000600071f0       0x80 ./amazon-freertos/FreeRTOS/tasks.o
 .text.prvCheckTasksWaitingTermination
                0x0000000060007270       0x58 ./amazon-freertos/FreeRTOS/tasks.o
 .text.prvResetNextTaskUnblockTime
                0x00000000600072c8       0x40 ./amazon-freertos/FreeRTOS/tasks.o
 .text.xTaskGetSchedulerState
                0x0000000060007308       0x3c ./amazon-freertos/FreeRTOS/tasks.o
                0x0000000060007308                xTaskGetSchedulerState
 .text.xTaskPriorityInherit
                0x0000000060007344      0x100 ./amazon-freertos/FreeRTOS/tasks.o
                0x0000000060007344                xTaskPriorityInherit
 .text.xTaskPriorityDisinherit
                0x0000000060007444      0x108 ./amazon-freertos/FreeRTOS/tasks.o
                0x0000000060007444                xTaskPriorityDisinherit
 .text.vTaskPriorityDisinheritAfterTimeout
                0x000000006000754c      0x130 ./amazon-freertos/FreeRTOS/tasks.o
                0x000000006000754c                vTaskPriorityDisinheritAfterTimeout
 .text.uxTaskResetEventItemValue
                0x000000006000767c       0x30 ./amazon-freertos/FreeRTOS/tasks.o
                0x000000006000767c                uxTaskResetEventItemValue
 .text.pvTaskIncrementMutexHeldCount
                0x00000000600076ac       0x28 ./amazon-freertos/FreeRTOS/tasks.o
                0x00000000600076ac                pvTaskIncrementMutexHeldCount
 .text.prvAddCurrentTaskToDelayedList
                0x00000000600076d4       0xcc ./amazon-freertos/FreeRTOS/tasks.o
 .text.xTimerCreateTimerTask
                0x00000000600077a0       0x60 ./amazon-freertos/FreeRTOS/timers.o
                0x00000000600077a0                xTimerCreateTimerTask
 .text.xTimerGenericCommand
                0x0000000060007800       0x98 ./amazon-freertos/FreeRTOS/timers.o
                0x0000000060007800                xTimerGenericCommand
 .text.prvProcessExpiredTimer
                0x0000000060007898       0x80 ./amazon-freertos/FreeRTOS/timers.o
 .text.prvProcessTimerOrBlockTask
                0x0000000060007918       0x9c ./amazon-freertos/FreeRTOS/timers.o
 .text.prvGetNextExpireTime
                0x00000000600079b4       0x48 ./amazon-freertos/FreeRTOS/timers.o
 .text.prvSampleTimeNow
                0x00000000600079fc       0x40 ./amazon-freertos/FreeRTOS/timers.o
 .text.prvInsertTimerInActiveList
                0x0000000060007a3c       0x84 ./amazon-freertos/FreeRTOS/timers.o
 .text.prvProcessReceivedCommands
                0x0000000060007ac0      0x154 ./amazon-freertos/FreeRTOS/timers.o
 .text.prvSwitchTimerLists
                0x0000000060007c14       0xc0 ./amazon-freertos/FreeRTOS/timers.o
 .text.prvCheckForValidListAndQueue
                0x0000000060007cd4       0x6c ./amazon-freertos/FreeRTOS/timers.o
 .text.xTimerPendFunctionCallFromISR
                0x0000000060007d40       0x40 ./amazon-freertos/FreeRTOS/timers.o
                0x0000000060007d40                xTimerPendFunctionCallFromISR
 .text.__assertion_failed
                0x0000000060007d80       0x4c /Applications/MCUXpressoIDE_11.1.0_3209/ide/plugins/com.nxp.mcuxpresso.tools.macosx_11.1.0.201909161352/tools/bin/../lib/gcc/arm-none-eabi/8.3.1/../../../../arm-none-eabi/lib/thumb/v7e-m+dp/hard/libcr_nohost_nf.a(_cr_assert.o)
                0x0000000060007d80                __assertion_failed
 .text._Cwritebuf
                0x0000000060007dcc       0x6c /Applications/MCUXpressoIDE_11.1.0_3209/ide/plugins/com.nxp.mcuxpresso.tools.macosx_11.1.0.201909161352/tools/bin/../lib/gcc/arm-none-eabi/8.3.1/../../../../arm-none-eabi/lib/thumb/v7e-m+dp/hard/libcr_c.a(_writebuf.o)
                0x0000000060007dcc                _Cwritebuf
 .text.malloc   0x0000000060007e38       0xc8 /Applications/MCUXpressoIDE_11.1.0_3209/ide/plugins/com.nxp.mcuxpresso.tools.macosx_11.1.0.201909161352/tools/bin/../lib/gcc/arm-none-eabi/8.3.1/../../../../arm-none-eabi/lib/thumb/v7e-m+dp/hard/libcr_c.a(alloc.o)
                0x0000000060007e38                malloc
 .text._Csys_alloc
                0x0000000060007f00       0x20 /Applications/MCUXpressoIDE_11.1.0_3209/ide/plugins/com.nxp.mcuxpresso.tools.macosx_11.1.0.201909161352/tools/bin/../lib/gcc/arm-none-eabi/8.3.1/../../../../arm-none-eabi/lib/thumb/v7e-m+dp/hard/libcr_c.a(alloc.o)
                0x0000000060007f00                _Csys_alloc
 .text.fseek    0x0000000060007f20      0x100 /Applications/MCUXpressoIDE_11.1.0_3209/ide/plugins/com.nxp.mcuxpresso.tools.macosx_11.1.0.201909161352/tools/bin/../lib/gcc/arm-none-eabi/8.3.1/../../../../arm-none-eabi/lib/thumb/v7e-m+dp/hard/libcr_c.a(fseek.o)
                0x0000000060007f20                fseek
 .text.ftell    0x0000000060008020       0x48 /Applications/MCUXpressoIDE_11.1.0_3209/ide/plugins/com.nxp.mcuxpresso.tools.macosx_11.1.0.201909161352/tools/bin/../lib/gcc/arm-none-eabi/8.3.1/../../../../arm-none-eabi/lib/thumb/v7e-m+dp/hard/libcr_c.a(ftell.o)
                0x0000000060008020                ftell
 .text._initio  0x0000000060008068       0x78 /Applications/MCUXpressoIDE_11.1.0_3209/ide/plugins/com.nxp.mcuxpresso.tools.macosx_11.1.0.201909161352/tools/bin/../lib/gcc/arm-none-eabi/8.3.1/../../../../arm-none-eabi/lib/thumb/v7e-m+dp/hard/libcr_c.a(initio.o)
                0x0000000060008068                _initio
 .text.setvbuf  0x00000000600080e0       0x40 /Applications/MCUXpressoIDE_11.1.0_3209/ide/plugins/com.nxp.mcuxpresso.tools.macosx_11.1.0.201909161352/tools/bin/../lib/gcc/arm-none-eabi/8.3.1/../../../../arm-none-eabi/lib/thumb/v7e-m+dp/hard/libcr_c.a(setvbuf.o)
                0x00000000600080e0                setvbuf
 .text._sbrk    0x0000000060008120       0x3c /Applications/MCUXpressoIDE_11.1.0_3209/ide/plugins/com.nxp.mcuxpresso.tools.macosx_11.1.0.201909161352/tools/bin/../lib/gcc/arm-none-eabi/8.3.1/../../../../arm-none-eabi/lib/thumb/v7e-m+dp/hard/libcr_c.a(_cr_sbrk.o)
                0x0000000060008120                _sbrk
 .text.fflush   0x000000006000815c       0x44 /Applications/MCUXpressoIDE_11.1.0_3209/ide/plugins/com.nxp.mcuxpresso.tools.macosx_11.1.0.201909161352/tools/bin/../lib/gcc/arm-none-eabi/8.3.1/../../../../arm-none-eabi/lib/thumb/v7e-m+dp/hard/libcr_c.a(fflush.o)
                0x000000006000815c                fflush
 .text.__check_heap_overflow
                0x00000000600081a0       0x18 /Applications/MCUXpressoIDE_11.1.0_3209/ide/plugins/com.nxp.mcuxpresso.tools.macosx_11.1.0.201909161352/tools/bin/../lib/gcc/arm-none-eabi/8.3.1/../../../../arm-none-eabi/lib/thumb/v7e-m+dp/hard/libcr_c.a(_cr_check_heap.o)
                0x00000000600081a0                __check_heap_overflow
 .text.DbgConsole_PrintCallback
                0x00000000600081b8       0x64 ./utilities/fsl_debug_console.o
 .text.ConvertRadixNumToString
                0x000000006000821c      0x114 ./utilities/fsl_str.o
 .text.StrFormatPrintf
                0x0000000060008330      0x30c ./utilities/fsl_str.o
                0x0000000060008330                StrFormatPrintf
 .text.DMA0_DMA16_IRQHandler
                0x000000006000863c        0x8 ./startup/startup_mimxrt1052.o
                0x000000006000863c                DMA0_DMA16_IRQHandler
 .text.DMA1_DMA17_IRQHandler
                0x0000000060008644        0x8 ./startup/startup_mimxrt1052.o
                0x0000000060008644                DMA1_DMA17_IRQHandler
 .text.DMA2_DMA18_IRQHandler
                0x000000006000864c        0x8 ./startup/startup_mimxrt1052.o
                0x000000006000864c                DMA2_DMA18_IRQHandler
 .text.DMA3_DMA19_IRQHandler
                0x0000000060008654        0x8 ./startup/startup_mimxrt1052.o
                0x0000000060008654                DMA3_DMA19_IRQHandler
 .text.DMA4_DMA20_IRQHandler
                0x000000006000865c        0x8 ./startup/startup_mimxrt1052.o
                0x000000006000865c                DMA4_DMA20_IRQHandler
 .text.DMA5_DMA21_IRQHandler
                0x0000000060008664        0x8 ./startup/startup_mimxrt1052.o
                0x0000000060008664                DMA5_DMA21_IRQHandler
 .text.DMA6_DMA22_IRQHandler
                0x000000006000866c        0x8 ./startup/startup_mimxrt1052.o
                0x000000006000866c                DMA6_DMA22_IRQHandler
 .text.DMA7_DMA23_IRQHandler
                0x0000000060008674        0x8 ./startup/startup_mimxrt1052.o
                0x0000000060008674                DMA7_DMA23_IRQHandler
 .text.DMA8_DMA24_IRQHandler
                0x000000006000867c        0x8 ./startup/startup_mimxrt1052.o
                0x000000006000867c                DMA8_DMA24_IRQHandler
 .text.DMA9_DMA25_IRQHandler
                0x0000000060008684        0x8 ./startup/startup_mimxrt1052.o
                0x0000000060008684                DMA9_DMA25_IRQHandler
 .text.DMA10_DMA26_IRQHandler
                0x000000006000868c        0x8 ./startup/startup_mimxrt1052.o
                0x000000006000868c                DMA10_DMA26_IRQHandler
 .text.DMA11_DMA27_IRQHandler
                0x0000000060008694        0x8 ./startup/startup_mimxrt1052.o
                0x0000000060008694                DMA11_DMA27_IRQHandler
 .text.DMA12_DMA28_IRQHandler
                0x000000006000869c        0x8 ./startup/startup_mimxrt1052.o
                0x000000006000869c                DMA12_DMA28_IRQHandler
 .text.DMA13_DMA29_IRQHandler
                0x00000000600086a4        0x8 ./startup/startup_mimxrt1052.o
                0x00000000600086a4                DMA13_DMA29_IRQHandler
 .text.DMA14_DMA30_IRQHandler
                0x00000000600086ac        0x8 ./startup/startup_mimxrt1052.o
                0x00000000600086ac                DMA14_DMA30_IRQHandler
 .text.DMA15_DMA31_IRQHandler
                0x00000000600086b4        0x8 ./startup/startup_mimxrt1052.o
                0x00000000600086b4                DMA15_DMA31_IRQHandler
 .text.DMA_ERROR_IRQHandler
                0x00000000600086bc        0x8 ./startup/startup_mimxrt1052.o
                0x00000000600086bc                DMA_ERROR_IRQHandler
 .text.CTI0_ERROR_IRQHandler
                0x00000000600086c4        0x8 ./startup/startup_mimxrt1052.o
                0x00000000600086c4                CTI0_ERROR_IRQHandler
 .text.CTI1_ERROR_IRQHandler
                0x00000000600086cc        0x8 ./startup/startup_mimxrt1052.o
                0x00000000600086cc                CTI1_ERROR_IRQHandler
 .text.CORE_IRQHandler
                0x00000000600086d4        0x8 ./startup/startup_mimxrt1052.o
                0x00000000600086d4                CORE_IRQHandler
 .text.LPUART1_IRQHandler
                0x00000000600086dc        0x8 ./startup/startup_mimxrt1052.o
                0x00000000600086dc                LPUART1_IRQHandler
 .text.LPUART2_IRQHandler
                0x00000000600086e4        0x8 ./startup/startup_mimxrt1052.o
                0x00000000600086e4                LPUART2_IRQHandler
 .text.LPUART3_IRQHandler
                0x00000000600086ec        0x8 ./startup/startup_mimxrt1052.o
                0x00000000600086ec                LPUART3_IRQHandler
 .text.LPUART4_IRQHandler
                0x00000000600086f4        0x8 ./startup/startup_mimxrt1052.o
                0x00000000600086f4                LPUART4_IRQHandler
 .text.LPUART5_IRQHandler
                0x00000000600086fc        0x8 ./startup/startup_mimxrt1052.o
                0x00000000600086fc                LPUART5_IRQHandler
 .text.LPUART6_IRQHandler
                0x0000000060008704        0x8 ./startup/startup_mimxrt1052.o
                0x0000000060008704                LPUART6_IRQHandler
 .text.LPUART7_IRQHandler
                0x000000006000870c        0x8 ./startup/startup_mimxrt1052.o
                0x000000006000870c                LPUART7_IRQHandler
 .text.LPUART8_IRQHandler
                0x0000000060008714        0x8 ./startup/startup_mimxrt1052.o
                0x0000000060008714                LPUART8_IRQHandler
 .text.LPI2C1_IRQHandler
                0x000000006000871c        0x8 ./startup/startup_mimxrt1052.o
                0x000000006000871c                LPI2C1_IRQHandler
 .text.LPI2C2_IRQHandler
                0x0000000060008724        0x8 ./startup/startup_mimxrt1052.o
                0x0000000060008724                LPI2C2_IRQHandler
 .text.LPI2C3_IRQHandler
                0x000000006000872c        0x8 ./startup/startup_mimxrt1052.o
                0x000000006000872c                LPI2C3_IRQHandler
 .text.LPI2C4_IRQHandler
                0x0000000060008734        0x8 ./startup/startup_mimxrt1052.o
                0x0000000060008734                LPI2C4_IRQHandler
 .text.LPSPI1_IRQHandler
                0x000000006000873c        0x8 ./startup/startup_mimxrt1052.o
                0x000000006000873c                LPSPI1_IRQHandler
 .text.LPSPI2_IRQHandler
                0x0000000060008744        0x8 ./startup/startup_mimxrt1052.o
                0x0000000060008744                LPSPI2_IRQHandler
 .text.LPSPI3_IRQHandler
                0x000000006000874c        0x8 ./startup/startup_mimxrt1052.o
                0x000000006000874c                LPSPI3_IRQHandler
 .text.LPSPI4_IRQHandler
                0x0000000060008754        0x8 ./startup/startup_mimxrt1052.o
                0x0000000060008754                LPSPI4_IRQHandler
 .text.CAN1_IRQHandler
                0x000000006000875c        0x8 ./startup/startup_mimxrt1052.o
                0x000000006000875c                CAN1_IRQHandler
 .text.CAN2_IRQHandler
                0x0000000060008764        0x8 ./startup/startup_mimxrt1052.o
                0x0000000060008764                CAN2_IRQHandler
 .text.FLEXRAM_IRQHandler
                0x000000006000876c        0x8 ./startup/startup_mimxrt1052.o
                0x000000006000876c                FLEXRAM_IRQHandler
 .text.KPP_IRQHandler
                0x0000000060008774        0x8 ./startup/startup_mimxrt1052.o
                0x0000000060008774                KPP_IRQHandler
 .text.TSC_DIG_IRQHandler
                0x000000006000877c        0x8 ./startup/startup_mimxrt1052.o
                0x000000006000877c                TSC_DIG_IRQHandler
 .text.GPR_IRQ_IRQHandler
                0x0000000060008784        0x8 ./startup/startup_mimxrt1052.o
                0x0000000060008784                GPR_IRQ_IRQHandler
 .text.LCDIF_IRQHandler
                0x000000006000878c        0x8 ./startup/startup_mimxrt1052.o
                0x000000006000878c                LCDIF_IRQHandler
 .text.CSI_IRQHandler
                0x0000000060008794        0x8 ./startup/startup_mimxrt1052.o
                0x0000000060008794                CSI_IRQHandler
 .text.PXP_IRQHandler
                0x000000006000879c        0x8 ./startup/startup_mimxrt1052.o
                0x000000006000879c                PXP_IRQHandler
 .text.WDOG2_IRQHandler
                0x00000000600087a4        0x8 ./startup/startup_mimxrt1052.o
                0x00000000600087a4                WDOG2_IRQHandler
 .text.SNVS_HP_WRAPPER_IRQHandler
                0x00000000600087ac        0x8 ./startup/startup_mimxrt1052.o
                0x00000000600087ac                SNVS_HP_WRAPPER_IRQHandler
 .text.SNVS_HP_WRAPPER_TZ_IRQHandler
                0x00000000600087b4        0x8 ./startup/startup_mimxrt1052.o
                0x00000000600087b4                SNVS_HP_WRAPPER_TZ_IRQHandler
 .text.SNVS_LP_WRAPPER_IRQHandler
                0x00000000600087bc        0x8 ./startup/startup_mimxrt1052.o
                0x00000000600087bc                SNVS_LP_WRAPPER_IRQHandler
 .text.CSU_IRQHandler
                0x00000000600087c4        0x8 ./startup/startup_mimxrt1052.o
                0x00000000600087c4                CSU_IRQHandler
 .text.DCP_IRQHandler
                0x00000000600087cc        0x8 ./startup/startup_mimxrt1052.o
                0x00000000600087cc                DCP_IRQHandler
 .text.DCP_VMI_IRQHandler
                0x00000000600087d4        0x8 ./startup/startup_mimxrt1052.o
                0x00000000600087d4                DCP_VMI_IRQHandler
 .text.Reserved68_IRQHandler
                0x00000000600087dc        0x8 ./startup/startup_mimxrt1052.o
                0x00000000600087dc                Reserved68_IRQHandler
 .text.TRNG_IRQHandler
                0x00000000600087e4        0x8 ./startup/startup_mimxrt1052.o
                0x00000000600087e4                TRNG_IRQHandler
 .text.SJC_IRQHandler
                0x00000000600087ec        0x8 ./startup/startup_mimxrt1052.o
                0x00000000600087ec                SJC_IRQHandler
 .text.BEE_IRQHandler
                0x00000000600087f4        0x8 ./startup/startup_mimxrt1052.o
                0x00000000600087f4                BEE_IRQHandler
 .text.SAI1_IRQHandler
                0x00000000600087fc        0x8 ./startup/startup_mimxrt1052.o
                0x00000000600087fc                SAI1_IRQHandler
 .text.SAI2_IRQHandler
                0x0000000060008804        0x8 ./startup/startup_mimxrt1052.o
                0x0000000060008804                SAI2_IRQHandler
 .text.SAI3_RX_IRQHandler
                0x000000006000880c        0x8 ./startup/startup_mimxrt1052.o
                0x000000006000880c                SAI3_RX_IRQHandler
 .text.SAI3_TX_IRQHandler
                0x0000000060008814        0x8 ./startup/startup_mimxrt1052.o
                0x0000000060008814                SAI3_TX_IRQHandler
 .text.SPDIF_IRQHandler
                0x000000006000881c        0x8 ./startup/startup_mimxrt1052.o
                0x000000006000881c                SPDIF_IRQHandler
 .text.PMU_EVENT_IRQHandler
                0x0000000060008824        0x8 ./startup/startup_mimxrt1052.o
                0x0000000060008824                PMU_EVENT_IRQHandler
 .text.Reserved78_IRQHandler
                0x000000006000882c        0x8 ./startup/startup_mimxrt1052.o
                0x000000006000882c                Reserved78_IRQHandler
 .text.TEMP_LOW_HIGH_IRQHandler
                0x0000000060008834        0x8 ./startup/startup_mimxrt1052.o
                0x0000000060008834                TEMP_LOW_HIGH_IRQHandler
 .text.TEMP_PANIC_IRQHandler
                0x000000006000883c        0x8 ./startup/startup_mimxrt1052.o
                0x000000006000883c                TEMP_PANIC_IRQHandler
 .text.USB_PHY1_IRQHandler
                0x0000000060008844        0x8 ./startup/startup_mimxrt1052.o
                0x0000000060008844                USB_PHY1_IRQHandler
 .text.USB_PHY2_IRQHandler
                0x000000006000884c        0x8 ./startup/startup_mimxrt1052.o
                0x000000006000884c                USB_PHY2_IRQHandler
 .text.ADC1_IRQHandler
                0x0000000060008854        0x8 ./startup/startup_mimxrt1052.o
                0x0000000060008854                ADC1_IRQHandler
 .text.ADC2_IRQHandler
                0x000000006000885c        0x8 ./startup/startup_mimxrt1052.o
                0x000000006000885c                ADC2_IRQHandler
 .text.DCDC_IRQHandler
                0x0000000060008864        0x8 ./startup/startup_mimxrt1052.o
                0x0000000060008864                DCDC_IRQHandler
 .text.Reserved86_IRQHandler
                0x000000006000886c        0x8 ./startup/startup_mimxrt1052.o
                0x000000006000886c                Reserved86_IRQHandler
 .text.Reserved87_IRQHandler
                0x0000000060008874        0x8 ./startup/startup_mimxrt1052.o
                0x0000000060008874                Reserved87_IRQHandler
 .text.GPIO1_INT0_IRQHandler
                0x000000006000887c        0x8 ./startup/startup_mimxrt1052.o
                0x000000006000887c                GPIO1_INT0_IRQHandler
 .text.GPIO1_INT1_IRQHandler
                0x0000000060008884        0x8 ./startup/startup_mimxrt1052.o
                0x0000000060008884                GPIO1_INT1_IRQHandler
 .text.GPIO1_INT2_IRQHandler
                0x000000006000888c        0x8 ./startup/startup_mimxrt1052.o
                0x000000006000888c                GPIO1_INT2_IRQHandler
 .text.GPIO1_INT3_IRQHandler
                0x0000000060008894        0x8 ./startup/startup_mimxrt1052.o
                0x0000000060008894                GPIO1_INT3_IRQHandler
 .text.GPIO1_INT4_IRQHandler
                0x000000006000889c        0x8 ./startup/startup_mimxrt1052.o
                0x000000006000889c                GPIO1_INT4_IRQHandler
 .text.GPIO1_INT5_IRQHandler
                0x00000000600088a4        0x8 ./startup/startup_mimxrt1052.o
                0x00000000600088a4                GPIO1_INT5_IRQHandler
 .text.GPIO1_INT6_IRQHandler
                0x00000000600088ac        0x8 ./startup/startup_mimxrt1052.o
                0x00000000600088ac                GPIO1_INT6_IRQHandler
 .text.GPIO1_INT7_IRQHandler
                0x00000000600088b4        0x8 ./startup/startup_mimxrt1052.o
                0x00000000600088b4                GPIO1_INT7_IRQHandler
 .text.GPIO1_Combined_0_15_IRQHandler
                0x00000000600088bc        0x8 ./startup/startup_mimxrt1052.o
                0x00000000600088bc                GPIO1_Combined_0_15_IRQHandler
 .text.GPIO1_Combined_16_31_IRQHandler
                0x00000000600088c4        0x8 ./startup/startup_mimxrt1052.o
                0x00000000600088c4                GPIO1_Combined_16_31_IRQHandler
 .text.GPIO2_Combined_0_15_IRQHandler
                0x00000000600088cc        0x8 ./startup/startup_mimxrt1052.o
                0x00000000600088cc                GPIO2_Combined_0_15_IRQHandler
 .text.GPIO2_Combined_16_31_IRQHandler
                0x00000000600088d4        0x8 ./startup/startup_mimxrt1052.o
                0x00000000600088d4                GPIO2_Combined_16_31_IRQHandler
 .text.GPIO3_Combined_0_15_IRQHandler
                0x00000000600088dc        0x8 ./startup/startup_mimxrt1052.o
                0x00000000600088dc                GPIO3_Combined_0_15_IRQHandler
 .text.GPIO3_Combined_16_31_IRQHandler
                0x00000000600088e4        0x8 ./startup/startup_mimxrt1052.o
                0x00000000600088e4                GPIO3_Combined_16_31_IRQHandler
 .text.GPIO4_Combined_0_15_IRQHandler
                0x00000000600088ec        0x8 ./startup/startup_mimxrt1052.o
                0x00000000600088ec                GPIO4_Combined_0_15_IRQHandler
 .text.GPIO4_Combined_16_31_IRQHandler
                0x00000000600088f4        0x8 ./startup/startup_mimxrt1052.o
                0x00000000600088f4                GPIO4_Combined_16_31_IRQHandler
 .text.GPIO5_Combined_0_15_IRQHandler
                0x00000000600088fc        0x8 ./startup/startup_mimxrt1052.o
                0x00000000600088fc                GPIO5_Combined_0_15_IRQHandler
 .text.GPIO5_Combined_16_31_IRQHandler
                0x0000000060008904        0x8 ./startup/startup_mimxrt1052.o
                0x0000000060008904                GPIO5_Combined_16_31_IRQHandler
 .text.FLEXIO1_IRQHandler
                0x000000006000890c        0x8 ./startup/startup_mimxrt1052.o
                0x000000006000890c                FLEXIO1_IRQHandler
 .text.FLEXIO2_IRQHandler
                0x0000000060008914        0x8 ./startup/startup_mimxrt1052.o
                0x0000000060008914                FLEXIO2_IRQHandler
 .text.WDOG1_IRQHandler
                0x000000006000891c        0x8 ./startup/startup_mimxrt1052.o
                0x000000006000891c                WDOG1_IRQHandler
 .text.RTWDOG_IRQHandler
                0x0000000060008924        0x8 ./startup/startup_mimxrt1052.o
                0x0000000060008924                RTWDOG_IRQHandler
 .text.EWM_IRQHandler
                0x000000006000892c        0x8 ./startup/startup_mimxrt1052.o
                0x000000006000892c                EWM_IRQHandler
 .text.CCM_1_IRQHandler
                0x0000000060008934        0x8 ./startup/startup_mimxrt1052.o
                0x0000000060008934                CCM_1_IRQHandler
 .text.CCM_2_IRQHandler
                0x000000006000893c        0x8 ./startup/startup_mimxrt1052.o
                0x000000006000893c                CCM_2_IRQHandler
 .text.GPC_IRQHandler
                0x0000000060008944        0x8 ./startup/startup_mimxrt1052.o
                0x0000000060008944                GPC_IRQHandler
 .text.SRC_IRQHandler
                0x000000006000894c        0x8 ./startup/startup_mimxrt1052.o
                0x000000006000894c                SRC_IRQHandler
 .text.Reserved115_IRQHandler
                0x0000000060008954        0x8 ./startup/startup_mimxrt1052.o
                0x0000000060008954                Reserved115_IRQHandler
 .text.GPT1_IRQHandler
                0x000000006000895c        0x8 ./startup/startup_mimxrt1052.o
                0x000000006000895c                GPT1_IRQHandler
 .text.GPT2_IRQHandler
                0x0000000060008964        0x8 ./startup/startup_mimxrt1052.o
                0x0000000060008964                GPT2_IRQHandler
 .text.PWM1_0_IRQHandler
                0x000000006000896c        0x8 ./startup/startup_mimxrt1052.o
                0x000000006000896c                PWM1_0_IRQHandler
 .text.PWM1_1_IRQHandler
                0x0000000060008974        0x8 ./startup/startup_mimxrt1052.o
                0x0000000060008974                PWM1_1_IRQHandler
 .text.PWM1_2_IRQHandler
                0x000000006000897c        0x8 ./startup/startup_mimxrt1052.o
                0x000000006000897c                PWM1_2_IRQHandler
 .text.PWM1_3_IRQHandler
                0x0000000060008984        0x8 ./startup/startup_mimxrt1052.o
                0x0000000060008984                PWM1_3_IRQHandler
 .text.PWM1_FAULT_IRQHandler
                0x000000006000898c        0x8 ./startup/startup_mimxrt1052.o
                0x000000006000898c                PWM1_FAULT_IRQHandler
 .text.Reserved123_IRQHandler
                0x0000000060008994        0x8 ./startup/startup_mimxrt1052.o
                0x0000000060008994                Reserved123_IRQHandler
 .text.FLEXSPI_IRQHandler
                0x000000006000899c        0x8 ./startup/startup_mimxrt1052.o
                0x000000006000899c                FLEXSPI_IRQHandler
 .text.SEMC_IRQHandler
                0x00000000600089a4        0x8 ./startup/startup_mimxrt1052.o
                0x00000000600089a4                SEMC_IRQHandler
 .text.USDHC1_IRQHandler
                0x00000000600089ac        0x8 ./startup/startup_mimxrt1052.o
                0x00000000600089ac                USDHC1_IRQHandler
 .text.USDHC2_IRQHandler
                0x00000000600089b4        0x8 ./startup/startup_mimxrt1052.o
                0x00000000600089b4                USDHC2_IRQHandler
 .text.USB_OTG2_IRQHandler
                0x00000000600089bc        0x8 ./startup/startup_mimxrt1052.o
                0x00000000600089bc                USB_OTG2_IRQHandler
 .text.USB_OTG1_IRQHandler
                0x00000000600089c4        0x8 ./startup/startup_mimxrt1052.o
                0x00000000600089c4                USB_OTG1_IRQHandler
 .text.ENET_IRQHandler
                0x00000000600089cc        0x8 ./startup/startup_mimxrt1052.o
                0x00000000600089cc                ENET_IRQHandler
 .text.ENET_1588_Timer_IRQHandler
                0x00000000600089d4        0x8 ./startup/startup_mimxrt1052.o
                0x00000000600089d4                ENET_1588_Timer_IRQHandler
 .text.XBAR1_IRQ_0_1_IRQHandler
                0x00000000600089dc        0x8 ./startup/startup_mimxrt1052.o
                0x00000000600089dc                XBAR1_IRQ_0_1_IRQHandler
 .text.XBAR1_IRQ_2_3_IRQHandler
                0x00000000600089e4        0x8 ./startup/startup_mimxrt1052.o
                0x00000000600089e4                XBAR1_IRQ_2_3_IRQHandler
 .text.ADC_ETC_IRQ0_IRQHandler
                0x00000000600089ec        0x8 ./startup/startup_mimxrt1052.o
                0x00000000600089ec                ADC_ETC_IRQ0_IRQHandler
 .text.ADC_ETC_IRQ1_IRQHandler
                0x00000000600089f4        0x8 ./startup/startup_mimxrt1052.o
                0x00000000600089f4                ADC_ETC_IRQ1_IRQHandler
 .text.ADC_ETC_IRQ2_IRQHandler
                0x00000000600089fc        0x8 ./startup/startup_mimxrt1052.o
                0x00000000600089fc                ADC_ETC_IRQ2_IRQHandler
 .text.ADC_ETC_ERROR_IRQ_IRQHandler
                0x0000000060008a04        0x8 ./startup/startup_mimxrt1052.o
                0x0000000060008a04                ADC_ETC_ERROR_IRQ_IRQHandler
 .text.PIT_IRQHandler
                0x0000000060008a0c        0x8 ./startup/startup_mimxrt1052.o
                0x0000000060008a0c                PIT_IRQHandler
 .text.ACMP1_IRQHandler
                0x0000000060008a14        0x8 ./startup/startup_mimxrt1052.o
                0x0000000060008a14                ACMP1_IRQHandler
 .text.ACMP2_IRQHandler
                0x0000000060008a1c        0x8 ./startup/startup_mimxrt1052.o
                0x0000000060008a1c                ACMP2_IRQHandler
 .text.ACMP3_IRQHandler
                0x0000000060008a24        0x8 ./startup/startup_mimxrt1052.o
                0x0000000060008a24                ACMP3_IRQHandler
 .text.ACMP4_IRQHandler
                0x0000000060008a2c        0x8 ./startup/startup_mimxrt1052.o
                0x0000000060008a2c                ACMP4_IRQHandler
 .text.Reserved143_IRQHandler
                0x0000000060008a34        0x8 ./startup/startup_mimxrt1052.o
                0x0000000060008a34                Reserved143_IRQHandler
 .text.Reserved144_IRQHandler
                0x0000000060008a3c        0x8 ./startup/startup_mimxrt1052.o
                0x0000000060008a3c                Reserved144_IRQHandler
 .text.ENC1_IRQHandler
                0x0000000060008a44        0x8 ./startup/startup_mimxrt1052.o
                0x0000000060008a44                ENC1_IRQHandler
 .text.ENC2_IRQHandler
                0x0000000060008a4c        0x8 ./startup/startup_mimxrt1052.o
                0x0000000060008a4c                ENC2_IRQHandler
 .text.ENC3_IRQHandler
                0x0000000060008a54        0x8 ./startup/startup_mimxrt1052.o
                0x0000000060008a54                ENC3_IRQHandler
 .text.ENC4_IRQHandler
                0x0000000060008a5c        0x8 ./startup/startup_mimxrt1052.o
                0x0000000060008a5c                ENC4_IRQHandler
 .text.TMR1_IRQHandler
                0x0000000060008a64        0x8 ./startup/startup_mimxrt1052.o
                0x0000000060008a64                TMR1_IRQHandler
 .text.TMR2_IRQHandler
                0x0000000060008a6c        0x8 ./startup/startup_mimxrt1052.o
                0x0000000060008a6c                TMR2_IRQHandler
 .text.TMR3_IRQHandler
                0x0000000060008a74        0x8 ./startup/startup_mimxrt1052.o
                0x0000000060008a74                TMR3_IRQHandler
 .text.TMR4_IRQHandler
                0x0000000060008a7c        0x8 ./startup/startup_mimxrt1052.o
                0x0000000060008a7c                TMR4_IRQHandler
 .text.PWM2_0_IRQHandler
                0x0000000060008a84        0x8 ./startup/startup_mimxrt1052.o
                0x0000000060008a84                PWM2_0_IRQHandler
 .text.PWM2_1_IRQHandler
                0x0000000060008a8c        0x8 ./startup/startup_mimxrt1052.o
                0x0000000060008a8c                PWM2_1_IRQHandler
 .text.PWM2_2_IRQHandler
                0x0000000060008a94        0x8 ./startup/startup_mimxrt1052.o
                0x0000000060008a94                PWM2_2_IRQHandler
 .text.PWM2_3_IRQHandler
                0x0000000060008a9c        0x8 ./startup/startup_mimxrt1052.o
                0x0000000060008a9c                PWM2_3_IRQHandler
 .text.PWM2_FAULT_IRQHandler
                0x0000000060008aa4        0x8 ./startup/startup_mimxrt1052.o
                0x0000000060008aa4                PWM2_FAULT_IRQHandler
 .text.PWM3_0_IRQHandler
                0x0000000060008aac        0x8 ./startup/startup_mimxrt1052.o
                0x0000000060008aac                PWM3_0_IRQHandler
 .text.PWM3_1_IRQHandler
                0x0000000060008ab4        0x8 ./startup/startup_mimxrt1052.o
                0x0000000060008ab4                PWM3_1_IRQHandler
 .text.PWM3_2_IRQHandler
                0x0000000060008abc        0x8 ./startup/startup_mimxrt1052.o
                0x0000000060008abc                PWM3_2_IRQHandler
 .text.PWM3_3_IRQHandler
                0x0000000060008ac4        0x8 ./startup/startup_mimxrt1052.o
                0x0000000060008ac4                PWM3_3_IRQHandler
 .text.PWM3_FAULT_IRQHandler
                0x0000000060008acc        0x8 ./startup/startup_mimxrt1052.o
                0x0000000060008acc                PWM3_FAULT_IRQHandler
 .text.PWM4_0_IRQHandler
                0x0000000060008ad4        0x8 ./startup/startup_mimxrt1052.o
                0x0000000060008ad4                PWM4_0_IRQHandler
 .text.PWM4_1_IRQHandler
                0x0000000060008adc        0x8 ./startup/startup_mimxrt1052.o
                0x0000000060008adc                PWM4_1_IRQHandler
 .text.PWM4_2_IRQHandler
                0x0000000060008ae4        0x8 ./startup/startup_mimxrt1052.o
                0x0000000060008ae4                PWM4_2_IRQHandler
 .text.PWM4_3_IRQHandler
                0x0000000060008aec        0x8 ./startup/startup_mimxrt1052.o
                0x0000000060008aec                PWM4_3_IRQHandler
 .text.PWM4_FAULT_IRQHandler
                0x0000000060008af4        0x8 ./startup/startup_mimxrt1052.o
                0x0000000060008af4                PWM4_FAULT_IRQHandler
 .text.main     0x0000000060008afc       0x1e ./source/main.o
                0x0000000060008afc                main
 .text.HardFault_Handler
                0x0000000060008b1a       0x2c ./source/semihost_hardfault.o
                0x0000000060008b1a                HardFault_Handler
 .text.LPUART_EnableTx
                0x0000000060008b46       0x38 ./drivers/freertos/fsl_lpuart_freertos.o
 .text.LPUART_EnableRx
                0x0000000060008b7e       0x38 ./drivers/freertos/fsl_lpuart_freertos.o
 .text.LPUART_RTOS_Send
                0x0000000060008bb6       0xaa ./drivers/freertos/fsl_lpuart_freertos.o
                0x0000000060008bb6                LPUART_RTOS_Send
 .text.LPUART_RTOS_Receive
                0x0000000060008c60      0x13a ./drivers/freertos/fsl_lpuart_freertos.o
                0x0000000060008c60                LPUART_RTOS_Receive
 .text.CLOCK_IsPllBypassed
                0x0000000060008d9a       0x32 ./drivers/fsl_clock.o
 .text.CLOCK_IsPllEnabled
                0x0000000060008dcc       0x3c ./drivers/fsl_clock.o
 .text.CLOCK_GetPllBypassRefClk
                0x0000000060008e08       0x34 ./drivers/fsl_clock.o
 .text.LPSPI_IsMaster
                0x0000000060008e3c       0x26 ./drivers/fsl_lpspi.o
 .text.CLOCK_EnableClock
                0x0000000060008e62       0x1e ./drivers/fsl_lpuart.o
 .text.EnableIRQ
                0x0000000060008e80       0x2c ./drivers/fsl_lpuart.o
 .text.LPUART_SoftwareReset
                0x0000000060008eac       0x2c ./drivers/fsl_lpuart.o
 .text.LPUART_EnableInterrupts
                0x0000000060008ed8       0x52 ./drivers/fsl_lpuart.o
                0x0000000060008ed8                LPUART_EnableInterrupts
 .text.LPUART_DisableInterrupts
                0x0000000060008f2a       0x58 ./drivers/fsl_lpuart.o
                0x0000000060008f2a                LPUART_DisableInterrupts
 .text.LPUART_GetStatusFlags
                0x0000000060008f82       0x2c ./drivers/fsl_lpuart.o
                0x0000000060008f82                LPUART_GetStatusFlags
 .text.SystemInitHook
                0x0000000060008fae        0xe ./device/system_MIMXRT1052.o
                0x0000000060008fae                SystemInitHook
 .text.HAL_UartGetStatus
                0x0000000060008fbc       0x22 ./component/uart/lpuart_adapter.o
 .text.SerialManager_StartWriting
                0x0000000060008fde       0x46 ./component/serial_manager/serial_manager.o
 .text.SerialManager_WriteBlocking
                0x0000000060009024       0x20 ./component/serial_manager/serial_manager.o
                0x0000000060009024                SerialManager_WriteBlocking
 .text.BOARD_InitDebugConsole
                0x0000000060009044       0x22 ./board/board.o
                0x0000000060009044                BOARD_InitDebugConsole
 .text.CLOCK_DisableClock
                0x0000000060009066       0x1e ./board/clock_config.o
 .text.CLOCK_SetPllBypass
                0x0000000060009084       0x4e ./board/clock_config.o
 .text.IOMUXC_SetSaiMClkClockSource
                0x00000000600090d2       0x6c ./board/clock_config.o
 .text.CLOCK_EnableClock
                0x000000006000913e       0x1e ./board/pin_mux.o
 .text.IOMUXC_SetPinMux
                0x000000006000915c       0x3a ./board/pin_mux.o
 .text.xEventGroupCreate
                0x0000000060009196       0x2e ./amazon-freertos/FreeRTOS/event_groups.o
                0x0000000060009196                xEventGroupCreate
 .text.xEventGroupClearBits
                0x00000000600091c4       0x6c ./amazon-freertos/FreeRTOS/event_groups.o
                0x00000000600091c4                xEventGroupClearBits
 .text.xEventGroupSetBits
                0x0000000060009230      0x112 ./amazon-freertos/FreeRTOS/event_groups.o
                0x0000000060009230                xEventGroupSetBits
 .text.vEventGroupDelete
                0x0000000060009342       0x60 ./amazon-freertos/FreeRTOS/event_groups.o
                0x0000000060009342                vEventGroupDelete
 .text.vEventGroupSetBitsCallback
                0x00000000600093a2       0x1a ./amazon-freertos/FreeRTOS/event_groups.o
                0x00000000600093a2                vEventGroupSetBitsCallback
 .text.prvTestWaitCondition
                0x00000000600093bc       0x44 ./amazon-freertos/FreeRTOS/event_groups.o
 .text.vListInitialise
                0x0000000060009400       0x40 ./amazon-freertos/FreeRTOS/list.o
                0x0000000060009400                vListInitialise
 .text.vListInitialiseItem
                0x0000000060009440       0x1a ./amazon-freertos/FreeRTOS/list.o
                0x0000000060009440                vListInitialiseItem
 .text.vListInsertEnd
                0x000000006000945a       0x48 ./amazon-freertos/FreeRTOS/list.o
                0x000000006000945a                vListInsertEnd
 .text.vListInsert
                0x00000000600094a2       0x72 ./amazon-freertos/FreeRTOS/list.o
                0x00000000600094a2                vListInsert
 .text.uxListRemove
                0x0000000060009514       0x54 ./amazon-freertos/FreeRTOS/list.o
                0x0000000060009514                uxListRemove
 .text.xQueueGenericCreate
                0x0000000060009568       0x76 ./amazon-freertos/FreeRTOS/queue.o
                0x0000000060009568                xQueueGenericCreate
 .text.prvInitialiseNewQueue
                0x00000000600095de       0x46 ./amazon-freertos/FreeRTOS/queue.o
 .text.prvInitialiseMutex
                0x0000000060009624       0x34 ./amazon-freertos/FreeRTOS/queue.o
 .text.xQueueCreateMutex
                0x0000000060009658       0x30 ./amazon-freertos/FreeRTOS/queue.o
                0x0000000060009658                xQueueCreateMutex
 .text.xQueueGenericSendFromISR
                0x0000000060009688      0x128 ./amazon-freertos/FreeRTOS/queue.o
                0x0000000060009688                xQueueGenericSendFromISR
 .text.vQueueDelete
                0x00000000600097b0       0x3a ./amazon-freertos/FreeRTOS/queue.o
                0x00000000600097b0                vQueueDelete
 .text.prvGetDisinheritPriorityAfterTimeout
                0x00000000600097ea       0x30 ./amazon-freertos/FreeRTOS/queue.o
 .text.prvCopyDataToQueue
                0x000000006000981a       0xd4 ./amazon-freertos/FreeRTOS/queue.o
 .text.prvCopyDataFromQueue
                0x00000000600098ee       0x4c ./amazon-freertos/FreeRTOS/queue.o
 .text.prvUnlockQueue
                0x000000006000993a       0xa4 ./amazon-freertos/FreeRTOS/queue.o
 .text.prvIsQueueEmpty
                0x00000000600099de       0x2c ./amazon-freertos/FreeRTOS/queue.o
 .text.prvIsQueueFull
                0x0000000060009a0a       0x30 ./amazon-freertos/FreeRTOS/queue.o
 .text.vQueueWaitForMessageRestricted
                0x0000000060009a3a       0x68 ./amazon-freertos/FreeRTOS/queue.o
                0x0000000060009a3a                vQueueWaitForMessageRestricted
 .text.xTaskCreate
                0x0000000060009aa2       0x82 ./amazon-freertos/FreeRTOS/tasks.o
                0x0000000060009aa2                xTaskCreate
 .text.prvInitialiseNewTask
                0x0000000060009b24      0x14c ./amazon-freertos/FreeRTOS/tasks.o
 .text.prvDeleteTCB
                0x0000000060009c70       0x20 ./amazon-freertos/FreeRTOS/tasks.o
 .text.prvTimerTask
                0x0000000060009c90       0x24 ./amazon-freertos/FreeRTOS/timers.o
 .text.__main   0x0000000060009cb4        0xe /Applications/MCUXpressoIDE_11.1.0_3209/ide/plugins/com.nxp.mcuxpresso.tools.macosx_11.1.0.201909161352/tools/bin/../lib/gcc/arm-none-eabi/8.3.1/../../../../arm-none-eabi/lib/thumb/v7e-m+dp/hard/libcr_nohost_nf.a(_cr__main.o)
                0x0000000060009cb4                __main
 .text.__sys_appexit
                0x0000000060009cc2        0x2 /Applications/MCUXpressoIDE_11.1.0_3209/ide/plugins/com.nxp.mcuxpresso.tools.macosx_11.1.0.201909161352/tools/bin/../lib/gcc/arm-none-eabi/8.3.1/../../../../arm-none-eabi/lib/thumb/v7e-m+dp/hard/libcr_nohost_nf.a(__sys_appexit.o)
                0x0000000060009cc2                __exit
                0x0000000060009cc2                __sys_appexit
 .text.memcpy   0x0000000060009cc4        0x4 /Applications/MCUXpressoIDE_11.1.0_3209/ide/plugins/com.nxp.mcuxpresso.tools.macosx_11.1.0.201909161352/tools/bin/../lib/gcc/arm-none-eabi/8.3.1/../../../../arm-none-eabi/lib/thumb/v7e-m+dp/hard/libcr_c.a(memcpy.o)
                0x0000000060009cc4                memcpy
 .text.memset   0x0000000060009cc8        0x4 /Applications/MCUXpressoIDE_11.1.0_3209/ide/plugins/com.nxp.mcuxpresso.tools.macosx_11.1.0.201909161352/tools/bin/../lib/gcc/arm-none-eabi/8.3.1/../../../../arm-none-eabi/lib/thumb/v7e-m+dp/hard/libcr_c.a(memset.o)
                0x0000000060009cc8                memset
 .text._deferredlazyseek
                0x0000000060009ccc       0x40 /Applications/MCUXpressoIDE_11.1.0_3209/ide/plugins/com.nxp.mcuxpresso.tools.macosx_11.1.0.201909161352/tools/bin/../lib/gcc/arm-none-eabi/8.3.1/../../../../arm-none-eabi/lib/thumb/v7e-m+dp/hard/libcr_c.a(_deferredlazyseek.o)
                0x0000000060009ccc                _deferredlazyseek
 .text.__flsbuf
                0x0000000060009d0c      0x140 /Applications/MCUXpressoIDE_11.1.0_3209/ide/plugins/com.nxp.mcuxpresso.tools.macosx_11.1.0.201909161352/tools/bin/../lib/gcc/arm-none-eabi/8.3.1/../../../../arm-none-eabi/lib/thumb/v7e-m+dp/hard/libcr_c.a(_deferredlazyseek.o)
                0x0000000060009d0c                __flsbuf
 .text._fflush  0x0000000060009e4c       0x52 /Applications/MCUXpressoIDE_11.1.0_3209/ide/plugins/com.nxp.mcuxpresso.tools.macosx_11.1.0.201909161352/tools/bin/../lib/gcc/arm-none-eabi/8.3.1/../../../../arm-none-eabi/lib/thumb/v7e-m+dp/hard/libcr_c.a(_fflush.o)
                0x0000000060009e4c                _fflush
 .text.free     0x0000000060009e9e       0x30 /Applications/MCUXpressoIDE_11.1.0_3209/ide/plugins/com.nxp.mcuxpresso.tools.macosx_11.1.0.201909161352/tools/bin/../lib/gcc/arm-none-eabi/8.3.1/../../../../arm-none-eabi/lib/thumb/v7e-m+dp/hard/libcr_c.a(alloc.o)
                0x0000000060009e9e                free
 .text.fputs    0x0000000060009ece       0x2c /Applications/MCUXpressoIDE_11.1.0_3209/ide/plugins/com.nxp.mcuxpresso.tools.macosx_11.1.0.201909161352/tools/bin/../lib/gcc/arm-none-eabi/8.3.1/../../../../arm-none-eabi/lib/thumb/v7e-m+dp/hard/libcr_c.a(fputs.o)
                0x0000000060009ece                fputs
 .text.strlen   0x0000000060009efa       0x4c /Applications/MCUXpressoIDE_11.1.0_3209/ide/plugins/com.nxp.mcuxpresso.tools.macosx_11.1.0.201909161352/tools/bin/../lib/gcc/arm-none-eabi/8.3.1/../../../../arm-none-eabi/lib/thumb/v7e-m+dp/hard/libcr_c.a(strlen.o)
                0x0000000060009efa                strlen
 .text._fdopen  0x0000000060009f46       0x68 /Applications/MCUXpressoIDE_11.1.0_3209/ide/plugins/com.nxp.mcuxpresso.tools.macosx_11.1.0.201909161352/tools/bin/../lib/gcc/arm-none-eabi/8.3.1/../../../../arm-none-eabi/lib/thumb/v7e-m+dp/hard/libcr_c.a(_fdopen.o)
                0x0000000060009f46                _fdopen
 .text.fclose   0x0000000060009fae       0x58 /Applications/MCUXpressoIDE_11.1.0_3209/ide/plugins/com.nxp.mcuxpresso.tools.macosx_11.1.0.201909161352/tools/bin/../lib/gcc/arm-none-eabi/8.3.1/../../../../arm-none-eabi/lib/thumb/v7e-m+dp/hard/libcr_c.a(fclose.o)
                0x0000000060009fae                fclose
 .text.remove   0x000000006000a006       0x14 /Applications/MCUXpressoIDE_11.1.0_3209/ide/plugins/com.nxp.mcuxpresso.tools.macosx_11.1.0.201909161352/tools/bin/../lib/gcc/arm-none-eabi/8.3.1/../../../../arm-none-eabi/lib/thumb/v7e-m+dp/hard/libcr_c.a(remove.o)
                0x000000006000a006                remove
 .text._do_fflush
                0x000000006000a01a       0x40 /Applications/MCUXpressoIDE_11.1.0_3209/ide/plugins/com.nxp.mcuxpresso.tools.macosx_11.1.0.201909161352/tools/bin/../lib/gcc/arm-none-eabi/8.3.1/../../../../arm-none-eabi/lib/thumb/v7e-m+dp/hard/libcr_c.a(_do_fflush.o)
                0x000000006000a01a                _do_fflush
 .text.__aeabi_memcpy
                0x000000006000a05a       0x34 /Applications/MCUXpressoIDE_11.1.0_3209/ide/plugins/com.nxp.mcuxpresso.tools.macosx_11.1.0.201909161352/tools/bin/../lib/gcc/arm-none-eabi/8.3.1/thumb/v7e-m+dp/hard/libcr_eabihelpers.a(memcpy.o)
                0x000000006000a05a                __aeabi_memcpy
                0x000000006000a064                __aeabi_memcpy4
                0x000000006000a064                __aeabi_memcpy8
 .text.__aeabi_memset_lowlevel
                0x000000006000a08e       0x32 /Applications/MCUXpressoIDE_11.1.0_3209/ide/plugins/com.nxp.mcuxpresso.tools.macosx_11.1.0.201909161352/tools/bin/../lib/gcc/arm-none-eabi/8.3.1/thumb/v7e-m+dp/hard/libcr_eabihelpers.a(memcpy.o)
                0x000000006000a08e                __aeabi_lowlevel_memset
 .text.__sys_close
                0x000000006000a0c0        0x6 /Applications/MCUXpressoIDE_11.1.0_3209/ide/plugins/com.nxp.mcuxpresso.tools.macosx_11.1.0.201909161352/tools/bin/../lib/gcc/arm-none-eabi/8.3.1/../../../../arm-none-eabi/lib/thumb/v7e-m+dp/hard/libcr_nohost_nf.a(__sys_close.o)
                0x000000006000a0c0                __sys_close
 .text.__sys_flen
                0x000000006000a0c6        0x6 /Applications/MCUXpressoIDE_11.1.0_3209/ide/plugins/com.nxp.mcuxpresso.tools.macosx_11.1.0.201909161352/tools/bin/../lib/gcc/arm-none-eabi/8.3.1/../../../../arm-none-eabi/lib/thumb/v7e-m+dp/hard/libcr_nohost_nf.a(__sys_flen.o)
                0x000000006000a0c6                __sys_flen
 .text.__sys_istty
                0x000000006000a0cc        0x6 /Applications/MCUXpressoIDE_11.1.0_3209/ide/plugins/com.nxp.mcuxpresso.tools.macosx_11.1.0.201909161352/tools/bin/../lib/gcc/arm-none-eabi/8.3.1/../../../../arm-none-eabi/lib/thumb/v7e-m+dp/hard/libcr_nohost_nf.a(__sys_istty.o)
                0x000000006000a0cc                __sys_istty
 .text.__sys_remove
                0x000000006000a0d2        0x6 /Applications/MCUXpressoIDE_11.1.0_3209/ide/plugins/com.nxp.mcuxpresso.tools.macosx_11.1.0.201909161352/tools/bin/../lib/gcc/arm-none-eabi/8.3.1/../../../../arm-none-eabi/lib/thumb/v7e-m+dp/hard/libcr_nohost_nf.a(__sys_remove.o)
                0x000000006000a0d2                __sys_remove
 .text.__sys_seek
                0x000000006000a0d8        0x6 /Applications/MCUXpressoIDE_11.1.0_3209/ide/plugins/com.nxp.mcuxpresso.tools.macosx_11.1.0.201909161352/tools/bin/../lib/gcc/arm-none-eabi/8.3.1/../../../../arm-none-eabi/lib/thumb/v7e-m+dp/hard/libcr_nohost_nf.a(__sys_seek.o)
                0x000000006000a0d8                __sys_seek
 .text.__sys_tmpnam
                0x000000006000a0de        0x6 /Applications/MCUXpressoIDE_11.1.0_3209/ide/plugins/com.nxp.mcuxpresso.tools.macosx_11.1.0.201909161352/tools/bin/../lib/gcc/arm-none-eabi/8.3.1/../../../../arm-none-eabi/lib/thumb/v7e-m+dp/hard/libcr_nohost_nf.a(__sys_tmpnam.o)
                0x000000006000a0de                __sys_tmpnam
 .text.__sys_write
                0x000000006000a0e4        0x4 /Applications/MCUXpressoIDE_11.1.0_3209/ide/plugins/com.nxp.mcuxpresso.tools.macosx_11.1.0.201909161352/tools/bin/../lib/gcc/arm-none-eabi/8.3.1/../../../../arm-none-eabi/lib/thumb/v7e-m+dp/hard/libcr_nohost_nf.a(__sys_write.o)
                0x000000006000a0e4                __sys_write
 *(SORT_BY_ALIGNMENT(.rodata) SORT_BY_ALIGNMENT(.rodata.*) SORT_BY_ALIGNMENT(.constdata) SORT_BY_ALIGNMENT(.constdata.*))
 .rodata.dcd_data
                0x000000006000a0e8        0x1 ./xip/evkbimxrt1050_sdram_ini_dcd.o
                0x000000006000a0e8                dcd_data
 *fill*         0x000000006000a0e9        0x3 ff
 .rodata.DbgConsole_SendData.str1.4
                0x000000006000a0ec       0x4d ./utilities/fsl_debug_console.o
 *fill*         0x000000006000a139        0x3 ff
 .rodata.DbgConsole_Init.str1.4
                0x000000006000a13c       0xcb ./utilities/fsl_debug_console.o
 *fill*         0x000000006000a207        0x1 ff
 .rodata.str1.4
                0x000000006000a208       0x61 ./source/lpuart.o
 *fill*         0x000000006000a269        0x3 ff
 .rodata.init_uart_tasks.str1.4
                0x000000006000a26c       0x83 ./source/lpuart.o
 *fill*         0x000000006000a2ef        0x1 ff
 .rodata.CLOCK_InitExternalClk.str1.4
                0x000000006000a2f0       0x22 ./drivers/fsl_clock.o
 *fill*         0x000000006000a312        0x2 ff
 .rodata        0x000000006000a314       0x10 ./drivers/fsl_clock.o
 .rodata.LPSPI1_DriverIRQHandler.str1.4
                0x000000006000a324       0x25 ./drivers/fsl_lpspi.o
 *fill*         0x000000006000a349        0x3 ff
 .rodata.LPSPI2_DriverIRQHandler.str1.4
                0x000000006000a34c       0x25 ./drivers/fsl_lpspi.o
 *fill*         0x000000006000a371        0x3 ff
 .rodata.LPSPI3_DriverIRQHandler.str1.4
                0x000000006000a374       0x25 ./drivers/fsl_lpspi.o
 *fill*         0x000000006000a399        0x3 ff
 .rodata.LPSPI4_DriverIRQHandler.str1.4
                0x000000006000a39c       0x25 ./drivers/fsl_lpspi.o
 *fill*         0x000000006000a3c1        0x3 ff
 .rodata.CLOCK_ControlGate.str1.4
                0x000000006000a3c4       0x1e ./drivers/fsl_lpuart.o
 *fill*         0x000000006000a3e2        0x2 ff
 .rodata.s_lpuartBases
                0x000000006000a3e4       0x24 ./drivers/fsl_lpuart.o
 .rodata.s_lpuartIRQ
                0x000000006000a408       0x12 ./drivers/fsl_lpuart.o
 *fill*         0x000000006000a41a        0x2 ff
 .rodata.s_lpuartClock
                0x000000006000a41c       0x12 ./drivers/fsl_lpuart.o
 *fill*         0x000000006000a42e        0x2 ff
 .rodata.LPUART_GetInstance.str1.4
                0x000000006000a430       0x39 ./drivers/fsl_lpuart.o
 *fill*         0x000000006000a469        0x3 ff
 .rodata.LPUART_TransferGetRxRingBufferLength.str1.4
                0x000000006000a46c       0x1b ./drivers/fsl_lpuart.o
 *fill*         0x000000006000a487        0x1 ff
 .rodata.LPUART_TransferIsRxRingBufferFull.str1.4
                0x000000006000a488       0x1b ./drivers/fsl_lpuart.o
 *fill*         0x000000006000a4a3        0x1 ff
 .rodata.LPUART_WriteNonBlocking.str1.4
                0x000000006000a4a4       0x19 ./drivers/fsl_lpuart.o
 *fill*         0x000000006000a4bd        0x3 ff
 .rodata.LPUART_ReadNonBlocking.str1.4
                0x000000006000a4c0       0x19 ./drivers/fsl_lpuart.o
 *fill*         0x000000006000a4d9        0x3 ff
 .rodata.LPUART_Init.str1.4
                0x000000006000a4dc       0xef ./drivers/fsl_lpuart.o
 *fill*         0x000000006000a5cb        0x1 ff
 .rodata.LPUART_GetDefaultConfig.str1.4
                0x000000006000a5cc       0x1b ./drivers/fsl_lpuart.o
 *fill*         0x000000006000a5e7        0x1 ff
 .rodata.LPUART_WriteBlocking.str1.4
                0x000000006000a5e8       0x19 ./drivers/fsl_lpuart.o
 *fill*         0x000000006000a601        0x3 ff
 .rodata.LPUART_TransferCreateHandle.str1.4
                0x000000006000a604       0x1b ./drivers/fsl_lpuart.o
 *fill*         0x000000006000a61f        0x1 ff
 .rodata.LPUART_TransferStartRingBuffer.str1.4
                0x000000006000a620       0x3c ./drivers/fsl_lpuart.o
 .rodata.LPUART_TransferSendNonBlocking.str1.4
                0x000000006000a65c       0x7c ./drivers/fsl_lpuart.o
 .rodata.LPUART_TransferReceiveNonBlocking.str1.4
                0x000000006000a6d8       0x7c ./drivers/fsl_lpuart.o
 .rodata.LPUART_TransferAbortReceive.str1.4
                0x000000006000a754       0x1c ./drivers/fsl_lpuart.o
 .rodata.LPUART_TransferHandleIRQ.str1.4
                0x000000006000a770       0x1c ./drivers/fsl_lpuart.o
 .rodata.s_LpuartAdapterBase
                0x000000006000a78c       0x24 ./component/uart/lpuart_adapter.o
 .rodata.HAL_UartInit.str1.4
                0x000000006000a7b0       0xe2 ./component/uart/lpuart_adapter.o
 *fill*         0x000000006000a892        0x2 ff
 .rodata.HAL_UartSendBlocking.str1.4
                0x000000006000a894       0x5f ./component/uart/lpuart_adapter.o
 *fill*         0x000000006000a8f3        0x1 ff
 .rodata.SerialManager_Write.str1.4
                0x000000006000a8f4       0x83 ./component/serial_manager/serial_manager.o
 *fill*         0x000000006000a977        0x1 ff
 .rodata.SerialManager_Init.str1.4
                0x000000006000a978       0x45 ./component/serial_manager/serial_manager.o
 *fill*         0x000000006000a9bd        0x3 ff
 .rodata.SerialManager_OpenWriteHandle.str1.4
                0x000000006000a9c0       0x4c ./component/serial_manager/serial_manager.o
 .rodata.SerialManager_OpenReadHandle.str1.4
                0x000000006000aa0c       0x4b ./component/serial_manager/serial_manager.o
 *fill*         0x000000006000aa57        0x1 ff
 .rodata.Serial_UartInit.str1.4
                0x000000006000aa58       0x4f ./component/serial_manager/serial_port_uart.o
 *fill*         0x000000006000aaa7        0x1 ff
 .rodata.Serial_UartWrite.str1.4
                0x000000006000aaa8       0x6d ./component/serial_manager/serial_port_uart.o
 *fill*         0x000000006000ab15        0x3 ff
 .rodata.CLOCK_SetMux.str1.4
                0x000000006000ab18       0x3b ./board/clock_config.o
 *fill*         0x000000006000ab53        0x1 ff
 .rodata.CLOCK_SetDiv.str1.4
                0x000000006000ab54       0x3b ./board/clock_config.o
 *fill*         0x000000006000ab8f        0x1 ff
 .rodata.CLOCK_ControlGate.str1.4
                0x000000006000ab90       0x28 ./board/clock_config.o
 .rodata.armPllConfig_BOARD_BootClockRUN
                0x000000006000abb8        0x8 ./board/clock_config.o
                0x000000006000abb8                armPllConfig_BOARD_BootClockRUN
 .rodata.sysPllConfig_BOARD_BootClockRUN
                0x000000006000abc0       0x14 ./board/clock_config.o
                0x000000006000abc0                sysPllConfig_BOARD_BootClockRUN
 .rodata.CLOCK_ControlGate.str1.4
                0x000000006000abd4       0x28 ./board/pin_mux.o
 .rodata.vTaskStartScheduler.str1.4
                0x000000006000abd4        0x5 ./amazon-freertos/FreeRTOS/tasks.o
 *fill*         0x000000006000abd9        0x3 ff
 .rodata.xTimerCreateTimerTask.str1.4
                0x000000006000abdc        0x8 ./amazon-freertos/FreeRTOS/timers.o
 .rodata.prvCheckForValidListAndQueue.str1.4
                0x000000006000abe4        0x8 ./amazon-freertos/FreeRTOS/timers.o
                                          0x5 (size before relaxing)