startup_mimxrt1021.c:574:6:data_init	4	static
startup_mimxrt1021.c:583:6:bss_init	0	static
startup_mimxrt1021.c:608:6:ResetISR	8	static
startup_mimxrt1021.c:701:14:NMI_Handler	0	static
startup_mimxrt1021.c:705:14:HardFault_Handler	0	static
startup_mimxrt1021.c:709:14:MemManage_Handler	0	static
startup_mimxrt1021.c:713:14:BusFault_Handler	0	static
startup_mimxrt1021.c:717:14:UsageFault_Handler	0	static
startup_mimxrt1021.c:721:14:SVC_Handler	0	static
startup_mimxrt1021.c:725:14:DebugMon_Handler	0	static
startup_mimxrt1021.c:729:14:PendSV_Handler	0	static
startup_mimxrt1021.c:733:14:SysTick_Handler	0	static
startup_mimxrt1021.c:741:14:IntDefaultHandler	0	static
startup_mimxrt1021.c:751:11:DMA0_DMA16_IRQHandler	8	static
startup_mimxrt1021.c:755:11:DMA1_DMA17_IRQHandler	8	static
startup_mimxrt1021.c:759:11:DMA2_DMA18_IRQHandler	8	static
startup_mimxrt1021.c:763:11:DMA3_DMA19_IRQHandler	8	static
startup_mimxrt1021.c:767:11:DMA4_DMA20_IRQHandler	8	static
startup_mimxrt1021.c:771:11:DMA5_DMA21_IRQHandler	8	static
startup_mimxrt1021.c:775:11:DMA6_DMA22_IRQHandler	8	static
startup_mimxrt1021.c:779:11:DMA7_DMA23_IRQHandler	8	static
startup_mimxrt1021.c:783:11:DMA8_DMA24_IRQHandler	8	static
startup_mimxrt1021.c:787:11:DMA9_DMA25_IRQHandler	8	static
startup_mimxrt1021.c:791:11:DMA10_DMA26_IRQHandler	8	static
startup_mimxrt1021.c:795:11:DMA11_DMA27_IRQHandler	8	static
startup_mimxrt1021.c:799:11:DMA12_DMA28_IRQHandler	8	static
startup_mimxrt1021.c:803:11:DMA13_DMA29_IRQHandler	8	static
startup_mimxrt1021.c:807:11:DMA14_DMA30_IRQHandler	8	static
startup_mimxrt1021.c:811:11:DMA15_DMA31_IRQHandler	8	static
startup_mimxrt1021.c:815:11:DMA_ERROR_IRQHandler	8	static
startup_mimxrt1021.c:819:11:CTI0_ERROR_IRQHandler	8	static
startup_mimxrt1021.c:823:11:CTI1_ERROR_IRQHandler	8	static
startup_mimxrt1021.c:827:11:CORE_IRQHandler	8	static
startup_mimxrt1021.c:831:11:LPUART1_IRQHandler	8	static
startup_mimxrt1021.c:835:11:LPUART2_IRQHandler	8	static
startup_mimxrt1021.c:839:11:LPUART3_IRQHandler	8	static
startup_mimxrt1021.c:843:11:LPUART4_IRQHandler	8	static
startup_mimxrt1021.c:847:11:LPUART5_IRQHandler	8	static
startup_mimxrt1021.c:851:11:LPUART6_IRQHandler	8	static
startup_mimxrt1021.c:855:11:LPUART7_IRQHandler	8	static
startup_mimxrt1021.c:859:11:LPUART8_IRQHandler	8	static
startup_mimxrt1021.c:863:11:LPI2C1_IRQHandler	8	static
startup_mimxrt1021.c:867:11:LPI2C2_IRQHandler	8	static
startup_mimxrt1021.c:871:11:LPI2C3_IRQHandler	8	static
startup_mimxrt1021.c:875:11:LPI2C4_IRQHandler	8	static
startup_mimxrt1021.c:879:11:LPSPI1_IRQHandler	8	static
startup_mimxrt1021.c:883:11:LPSPI2_IRQHandler	8	static
startup_mimxrt1021.c:887:11:LPSPI3_IRQHandler	8	static
startup_mimxrt1021.c:891:11:LPSPI4_IRQHandler	8	static
startup_mimxrt1021.c:895:11:CAN1_IRQHandler	8	static
startup_mimxrt1021.c:899:11:CAN2_IRQHandler	8	static
startup_mimxrt1021.c:903:11:FLEXRAM_IRQHandler	8	static
startup_mimxrt1021.c:907:11:KPP_IRQHandler	8	static
startup_mimxrt1021.c:911:11:Reserved56_IRQHandler	8	static
startup_mimxrt1021.c:915:11:GPR_IRQ_IRQHandler	8	static
startup_mimxrt1021.c:919:11:Reserved58_IRQHandler	8	static
startup_mimxrt1021.c:923:11:Reserved59_IRQHandler	8	static
startup_mimxrt1021.c:927:11:Reserved60_IRQHandler	8	static
startup_mimxrt1021.c:931:11:WDOG2_IRQHandler	8	static
startup_mimxrt1021.c:935:11:SNVS_HP_WRAPPER_IRQHandler	8	static
startup_mimxrt1021.c:939:11:SNVS_HP_WRAPPER_TZ_IRQHandler	8	static
startup_mimxrt1021.c:943:11:SNVS_LP_WRAPPER_IRQHandler	8	static
startup_mimxrt1021.c:947:11:CSU_IRQHandler	8	static
startup_mimxrt1021.c:951:11:DCP_IRQHandler	8	static
startup_mimxrt1021.c:955:11:DCP_VMI_IRQHandler	8	static
startup_mimxrt1021.c:959:11:Reserved68_IRQHandler	8	static
startup_mimxrt1021.c:963:11:TRNG_IRQHandler	8	static
startup_mimxrt1021.c:967:11:Reserved70_IRQHandler	8	static
startup_mimxrt1021.c:971:11:BEE_IRQHandler	8	static
startup_mimxrt1021.c:975:11:SAI1_IRQHandler	8	static
startup_mimxrt1021.c:979:11:SAI2_IRQHandler	8	static
startup_mimxrt1021.c:983:11:SAI3_RX_IRQHandler	8	static
startup_mimxrt1021.c:987:11:SAI3_TX_IRQHandler	8	static
startup_mimxrt1021.c:991:11:SPDIF_IRQHandler	8	static
startup_mimxrt1021.c:995:11:PMU_IRQHandler	8	static
startup_mimxrt1021.c:999:11:Reserved78_IRQHandler	8	static
startup_mimxrt1021.c:1003:11:TEMP_LOW_HIGH_IRQHandler	8	static
startup_mimxrt1021.c:1007:11:TEMP_PANIC_IRQHandler	8	static
startup_mimxrt1021.c:1011:11:USB_PHY_IRQHandler	8	static
startup_mimxrt1021.c:1015:11:Reserved82_IRQHandler	8	static
startup_mimxrt1021.c:1019:11:ADC1_IRQHandler	8	static
startup_mimxrt1021.c:1023:11:ADC2_IRQHandler	8	static
startup_mimxrt1021.c:1027:11:DCDC_IRQHandler	8	static
startup_mimxrt1021.c:1031:11:Reserved86_IRQHandler	8	static
startup_mimxrt1021.c:1035:11:Reserved87_IRQHandler	8	static
startup_mimxrt1021.c:1039:11:GPIO1_INT0_IRQHandler	8	static
startup_mimxrt1021.c:1043:11:GPIO1_INT1_IRQHandler	8	static
startup_mimxrt1021.c:1047:11:GPIO1_INT2_IRQHandler	8	static
startup_mimxrt1021.c:1051:11:GPIO1_INT3_IRQHandler	8	static
startup_mimxrt1021.c:1055:11:GPIO1_INT4_IRQHandler	8	static
startup_mimxrt1021.c:1059:11:GPIO1_INT5_IRQHandler	8	static
startup_mimxrt1021.c:1063:11:GPIO1_INT6_IRQHandler	8	static
startup_mimxrt1021.c:1067:11:GPIO1_INT7_IRQHandler	8	static
startup_mimxrt1021.c:1071:11:GPIO1_Combined_0_15_IRQHandler	8	static
startup_mimxrt1021.c:1075:11:GPIO1_Combined_16_31_IRQHandler	8	static
startup_mimxrt1021.c:1079:11:GPIO2_Combined_0_15_IRQHandler	8	static
startup_mimxrt1021.c:1083:11:GPIO2_Combined_16_31_IRQHandler	8	static
startup_mimxrt1021.c:1087:11:GPIO3_Combined_0_15_IRQHandler	8	static
startup_mimxrt1021.c:1091:11:GPIO3_Combined_16_31_IRQHandler	8	static
startup_mimxrt1021.c:1095:11:Reserved102_IRQHandler	8	static
startup_mimxrt1021.c:1099:11:Reserved103_IRQHandler	8	static
startup_mimxrt1021.c:1103:11:GPIO5_Combined_0_15_IRQHandler	8	static
startup_mimxrt1021.c:1107:11:GPIO5_Combined_16_31_IRQHandler	8	static
startup_mimxrt1021.c:1111:11:FLEXIO1_IRQHandler	8	static
startup_mimxrt1021.c:1115:11:Reserved107_IRQHandler	8	static
startup_mimxrt1021.c:1119:11:WDOG1_IRQHandler	8	static
startup_mimxrt1021.c:1123:11:RTWDOG_IRQHandler	8	static
startup_mimxrt1021.c:1127:11:EWM_IRQHandler	8	static
startup_mimxrt1021.c:1131:11:CCM_1_IRQHandler	8	static
startup_mimxrt1021.c:1135:11:CCM_2_IRQHandler	8	static
startup_mimxrt1021.c:1139:11:GPC_IRQHandler	8	static
startup_mimxrt1021.c:1143:11:SRC_IRQHandler	8	static
startup_mimxrt1021.c:1147:11:Reserved115_IRQHandler	8	static
startup_mimxrt1021.c:1151:11:GPT1_IRQHandler	8	static
startup_mimxrt1021.c:1155:11:GPT2_IRQHandler	8	static
startup_mimxrt1021.c:1159:11:PWM1_0_IRQHandler	8	static
startup_mimxrt1021.c:1163:11:PWM1_1_IRQHandler	8	static
startup_mimxrt1021.c:1167:11:PWM1_2_IRQHandler	8	static
startup_mimxrt1021.c:1171:11:PWM1_3_IRQHandler	8	static
startup_mimxrt1021.c:1175:11:PWM1_FAULT_IRQHandler	8	static
startup_mimxrt1021.c:1179:11:Reserved123_IRQHandler	8	static
startup_mimxrt1021.c:1183:11:FLEXSPI_IRQHandler	8	static
startup_mimxrt1021.c:1187:11:SEMC_IRQHandler	8	static
startup_mimxrt1021.c:1191:11:USDHC1_IRQHandler	8	static
startup_mimxrt1021.c:1195:11:USDHC2_IRQHandler	8	static
startup_mimxrt1021.c:1199:11:Reserved128_IRQHandler	8	static
startup_mimxrt1021.c:1203:11:USB_OTG1_IRQHandler	8	static
startup_mimxrt1021.c:1207:11:ENET_IRQHandler	8	static
startup_mimxrt1021.c:1211:11:ENET_1588_Timer_IRQHandler	8	static
startup_mimxrt1021.c:1215:11:XBAR1_IRQ_0_1_IRQHandler	8	static
startup_mimxrt1021.c:1219:11:XBAR1_IRQ_2_3_IRQHandler	8	static
startup_mimxrt1021.c:1223:11:ADC_ETC_IRQ0_IRQHandler	8	static
startup_mimxrt1021.c:1227:11:ADC_ETC_IRQ1_IRQHandler	8	static
startup_mimxrt1021.c:1231:11:ADC_ETC_IRQ2_IRQHandler	8	static
startup_mimxrt1021.c:1235:11:ADC_ETC_ERROR_IRQ_IRQHandler	8	static
startup_mimxrt1021.c:1239:11:PIT_IRQHandler	8	static
startup_mimxrt1021.c:1243:11:ACMP1_IRQHandler	8	static
startup_mimxrt1021.c:1247:11:ACMP2_IRQHandler	8	static
startup_mimxrt1021.c:1251:11:ACMP3_IRQHandler	8	static
startup_mimxrt1021.c:1255:11:ACMP4_IRQHandler	8	static
startup_mimxrt1021.c:1259:11:Reserved143_IRQHandler	8	static
startup_mimxrt1021.c:1263:11:Reserved144_IRQHandler	8	static
startup_mimxrt1021.c:1267:11:ENC1_IRQHandler	8	static
startup_mimxrt1021.c:1271:11:ENC2_IRQHandler	8	static
startup_mimxrt1021.c:1275:11:Reserved147_IRQHandler	8	static
startup_mimxrt1021.c:1279:11:Reserved148_IRQHandler	8	static
startup_mimxrt1021.c:1283:11:TMR1_IRQHandler	8	static
startup_mimxrt1021.c:1287:11:TMR2_IRQHandler	8	static
startup_mimxrt1021.c:1291:11:Reserved151_IRQHandler	8	static
startup_mimxrt1021.c:1295:11:Reserved152_IRQHandler	8	static
startup_mimxrt1021.c:1299:11:PWM2_0_IRQHandler	8	static
startup_mimxrt1021.c:1303:11:PWM2_1_IRQHandler	8	static
startup_mimxrt1021.c:1307:11:PWM2_2_IRQHandler	8	static
startup_mimxrt1021.c:1311:11:PWM2_3_IRQHandler	8	static
startup_mimxrt1021.c:1315:11:PWM2_FAULT_IRQHandler	8	static
