queue.c:255:12:xQueueGenericReset	24	static
queue.c:368:16:xQueueGenericCreate	48	static
queue.c:422:13:prvInitialiseNewQueue	24	static
queue.c:466:14:prvInitialiseMutex	16	static
queue.c:496:16:xQueueCreateMutex	32	static
queue.c:589:13:xQueueGiveMutexRecursive	40	static
queue.c:644:13:xQueueTakeMutexRecursive	40	static
queue.c:714:16:xQueueCreateCountingSemaphore	32	static
queue.c:740:12:xQueueGenericSend	64	static
queue.c:950:12:xQueueGenericSendFromISR	72	static
queue.c:1112:12:xQueueGiveFromISR	64	static
queue.c:1277:12:xQueueReceive	56	static
queue.c:1418:12:xQueueSemaphoreTake	64	static
queue.c:1638:12:xQueuePeek	64	static
queue.c:1787:12:xQueueReceiveFromISR	64	static
queue.c:1878:12:xQueuePeekFromISR	56	static
queue.c:1932:13:uxQueueMessagesWaiting	24	static
queue.c:1948:13:uxQueueSpacesAvailable	32	static
queue.c:1965:13:uxQueueMessagesWaitingFromISR	32	static
queue.c:1977:6:vQueueDelete	24	static
queue.c:2021:14:uxQueueGetQueueNumber	16	static
queue.c:2031:7:vQueueSetQueueNumber	16	static
queue.c:2041:10:ucQueueGetQueueType	16	static
queue.c:2051:21:prvGetDisinheritPriorityAfterTimeout	24	static
queue.c:2076:19:prvCopyDataToQueue	32	static
queue.c:2155:13:prvCopyDataFromQueue	16	static
queue.c:2173:13:prvUnlockQueue	24	static
queue.c:2293:19:prvIsQueueEmpty	24	static
queue.c:2314:12:xQueueIsQueueEmptyFromISR	32	static
queue.c:2333:19:prvIsQueueFull	24	static
queue.c:2354:12:xQueueIsQueueFullFromISR	32	static
queue.c:2650:7:vQueueAddToRegistry	24	static
queue.c:2679:14:pcQueueGetName	24	static
queue.c:2707:7:vQueueUnregisterQueue	24	static
queue.c:2739:7:vQueueWaitForMessageRestricted	32	static
