startup_mimxrt1052.c:596:6:data_init	4	static
startup_mimxrt1052.c:605:6:bss_init	0	static
startup_mimxrt1052.c:630:6:ResetISR	8	static
startup_mimxrt1052.c:722:14:NMI_Handler	0	static
startup_mimxrt1052.c:726:14:HardFault_Handler	0	static
startup_mimxrt1052.c:730:14:SVC_Handler	0	static
startup_mimxrt1052.c:734:14:PendSV_Handler	0	static
startup_mimxrt1052.c:738:14:SysTick_Handler	0	static
startup_mimxrt1052.c:746:14:IntDefaultHandler	0	static
startup_mimxrt1052.c:756:11:DMA0_DMA16_IRQHandler	8	static
startup_mimxrt1052.c:760:11:DMA1_DMA17_IRQHandler	8	static
startup_mimxrt1052.c:764:11:DMA2_DMA18_IRQHandler	8	static
startup_mimxrt1052.c:768:11:DMA3_DMA19_IRQHandler	8	static
startup_mimxrt1052.c:772:11:DMA4_DMA20_IRQHandler	8	static
startup_mimxrt1052.c:776:11:DMA5_DMA21_IRQHandler	8	static
startup_mimxrt1052.c:780:11:DMA6_DMA22_IRQHandler	8	static
startup_mimxrt1052.c:784:11:DMA7_DMA23_IRQHandler	8	static
startup_mimxrt1052.c:788:11:DMA8_DMA24_IRQHandler	8	static
startup_mimxrt1052.c:792:11:DMA9_DMA25_IRQHandler	8	static
startup_mimxrt1052.c:796:11:DMA10_DMA26_IRQHandler	8	static
startup_mimxrt1052.c:800:11:DMA11_DMA27_IRQHandler	8	static
startup_mimxrt1052.c:804:11:DMA12_DMA28_IRQHandler	8	static
startup_mimxrt1052.c:808:11:DMA13_DMA29_IRQHandler	8	static
startup_mimxrt1052.c:812:11:DMA14_DMA30_IRQHandler	8	static
startup_mimxrt1052.c:816:11:DMA15_DMA31_IRQHandler	8	static
startup_mimxrt1052.c:820:11:DMA_ERROR_IRQHandler	8	static
startup_mimxrt1052.c:824:11:CTI0_ERROR_IRQHandler	8	static
startup_mimxrt1052.c:828:11:CTI1_ERROR_IRQHandler	8	static
startup_mimxrt1052.c:832:11:CORE_IRQHandler	8	static
startup_mimxrt1052.c:836:11:LPUART1_IRQHandler	8	static
startup_mimxrt1052.c:840:11:LPUART2_IRQHandler	8	static
startup_mimxrt1052.c:844:11:LPUART3_IRQHandler	8	static
startup_mimxrt1052.c:848:11:LPUART4_IRQHandler	8	static
startup_mimxrt1052.c:852:11:LPUART5_IRQHandler	8	static
startup_mimxrt1052.c:856:11:LPUART6_IRQHandler	8	static
startup_mimxrt1052.c:860:11:LPUART7_IRQHandler	8	static
startup_mimxrt1052.c:864:11:LPUART8_IRQHandler	8	static
startup_mimxrt1052.c:868:11:LPI2C1_IRQHandler	8	static
startup_mimxrt1052.c:872:11:LPI2C2_IRQHandler	8	static
startup_mimxrt1052.c:876:11:LPI2C3_IRQHandler	8	static
startup_mimxrt1052.c:880:11:LPI2C4_IRQHandler	8	static
startup_mimxrt1052.c:884:11:LPSPI1_IRQHandler	8	static
startup_mimxrt1052.c:888:11:LPSPI2_IRQHandler	8	static
startup_mimxrt1052.c:892:11:LPSPI3_IRQHandler	8	static
startup_mimxrt1052.c:896:11:LPSPI4_IRQHandler	8	static
startup_mimxrt1052.c:900:11:CAN1_IRQHandler	8	static
startup_mimxrt1052.c:904:11:CAN2_IRQHandler	8	static
startup_mimxrt1052.c:908:11:FLEXRAM_IRQHandler	8	static
startup_mimxrt1052.c:912:11:KPP_IRQHandler	8	static
startup_mimxrt1052.c:916:11:TSC_DIG_IRQHandler	8	static
startup_mimxrt1052.c:920:11:GPR_IRQ_IRQHandler	8	static
startup_mimxrt1052.c:924:11:LCDIF_IRQHandler	8	static
startup_mimxrt1052.c:928:11:CSI_IRQHandler	8	static
startup_mimxrt1052.c:932:11:PXP_IRQHandler	8	static
startup_mimxrt1052.c:936:11:WDOG2_IRQHandler	8	static
startup_mimxrt1052.c:940:11:SNVS_HP_WRAPPER_IRQHandler	8	static
startup_mimxrt1052.c:944:11:SNVS_HP_WRAPPER_TZ_IRQHandler	8	static
startup_mimxrt1052.c:948:11:SNVS_LP_WRAPPER_IRQHandler	8	static
startup_mimxrt1052.c:952:11:CSU_IRQHandler	8	static
startup_mimxrt1052.c:956:11:DCP_IRQHandler	8	static
startup_mimxrt1052.c:960:11:DCP_VMI_IRQHandler	8	static
startup_mimxrt1052.c:964:11:Reserved68_IRQHandler	8	static
startup_mimxrt1052.c:968:11:TRNG_IRQHandler	8	static
startup_mimxrt1052.c:972:11:SJC_IRQHandler	8	static
startup_mimxrt1052.c:976:11:BEE_IRQHandler	8	static
startup_mimxrt1052.c:980:11:SAI1_IRQHandler	8	static
startup_mimxrt1052.c:984:11:SAI2_IRQHandler	8	static
startup_mimxrt1052.c:988:11:SAI3_RX_IRQHandler	8	static
startup_mimxrt1052.c:992:11:SAI3_TX_IRQHandler	8	static
startup_mimxrt1052.c:996:11:SPDIF_IRQHandler	8	static
startup_mimxrt1052.c:1000:11:PMU_EVENT_IRQHandler	8	static
startup_mimxrt1052.c:1004:11:Reserved78_IRQHandler	8	static
startup_mimxrt1052.c:1008:11:TEMP_LOW_HIGH_IRQHandler	8	static
startup_mimxrt1052.c:1012:11:TEMP_PANIC_IRQHandler	8	static
startup_mimxrt1052.c:1016:11:USB_PHY1_IRQHandler	8	static
startup_mimxrt1052.c:1020:11:USB_PHY2_IRQHandler	8	static
startup_mimxrt1052.c:1024:11:ADC1_IRQHandler	8	static
startup_mimxrt1052.c:1028:11:ADC2_IRQHandler	8	static
startup_mimxrt1052.c:1032:11:DCDC_IRQHandler	8	static
startup_mimxrt1052.c:1036:11:Reserved86_IRQHandler	8	static
startup_mimxrt1052.c:1040:11:Reserved87_IRQHandler	8	static
startup_mimxrt1052.c:1044:11:GPIO1_INT0_IRQHandler	8	static
startup_mimxrt1052.c:1048:11:GPIO1_INT1_IRQHandler	8	static
startup_mimxrt1052.c:1052:11:GPIO1_INT2_IRQHandler	8	static
startup_mimxrt1052.c:1056:11:GPIO1_INT3_IRQHandler	8	static
startup_mimxrt1052.c:1060:11:GPIO1_INT4_IRQHandler	8	static
startup_mimxrt1052.c:1064:11:GPIO1_INT5_IRQHandler	8	static
startup_mimxrt1052.c:1068:11:GPIO1_INT6_IRQHandler	8	static
startup_mimxrt1052.c:1072:11:GPIO1_INT7_IRQHandler	8	static
startup_mimxrt1052.c:1076:11:GPIO1_Combined_0_15_IRQHandler	8	static
startup_mimxrt1052.c:1080:11:GPIO1_Combined_16_31_IRQHandler	8	static
startup_mimxrt1052.c:1084:11:GPIO2_Combined_0_15_IRQHandler	8	static
startup_mimxrt1052.c:1088:11:GPIO2_Combined_16_31_IRQHandler	8	static
startup_mimxrt1052.c:1092:11:GPIO3_Combined_0_15_IRQHandler	8	static
startup_mimxrt1052.c:1096:11:GPIO3_Combined_16_31_IRQHandler	8	static
startup_mimxrt1052.c:1100:11:GPIO4_Combined_0_15_IRQHandler	8	static
startup_mimxrt1052.c:1104:11:GPIO4_Combined_16_31_IRQHandler	8	static
startup_mimxrt1052.c:1108:11:GPIO5_Combined_0_15_IRQHandler	8	static
startup_mimxrt1052.c:1112:11:GPIO5_Combined_16_31_IRQHandler	8	static
startup_mimxrt1052.c:1116:11:FLEXIO1_IRQHandler	8	static
startup_mimxrt1052.c:1120:11:FLEXIO2_IRQHandler	8	static
startup_mimxrt1052.c:1124:11:WDOG1_IRQHandler	8	static
startup_mimxrt1052.c:1128:11:RTWDOG_IRQHandler	8	static
startup_mimxrt1052.c:1132:11:EWM_IRQHandler	8	static
startup_mimxrt1052.c:1136:11:CCM_1_IRQHandler	8	static
startup_mimxrt1052.c:1140:11:CCM_2_IRQHandler	8	static
startup_mimxrt1052.c:1144:11:GPC_IRQHandler	8	static
startup_mimxrt1052.c:1148:11:SRC_IRQHandler	8	static
startup_mimxrt1052.c:1152:11:Reserved115_IRQHandler	8	static
startup_mimxrt1052.c:1156:11:GPT1_IRQHandler	8	static
startup_mimxrt1052.c:1160:11:GPT2_IRQHandler	8	static
startup_mimxrt1052.c:1164:11:PWM1_0_IRQHandler	8	static
startup_mimxrt1052.c:1168:11:PWM1_1_IRQHandler	8	static
startup_mimxrt1052.c:1172:11:PWM1_2_IRQHandler	8	static
startup_mimxrt1052.c:1176:11:PWM1_3_IRQHandler	8	static
startup_mimxrt1052.c:1180:11:PWM1_FAULT_IRQHandler	8	static
startup_mimxrt1052.c:1184:11:Reserved123_IRQHandler	8	static
startup_mimxrt1052.c:1188:11:FLEXSPI_IRQHandler	8	static
startup_mimxrt1052.c:1192:11:SEMC_IRQHandler	8	static
startup_mimxrt1052.c:1196:11:USDHC1_IRQHandler	8	static
startup_mimxrt1052.c:1200:11:USDHC2_IRQHandler	8	static
startup_mimxrt1052.c:1204:11:USB_OTG2_IRQHandler	8	static
startup_mimxrt1052.c:1208:11:USB_OTG1_IRQHandler	8	static
startup_mimxrt1052.c:1212:11:ENET_IRQHandler	8	static
startup_mimxrt1052.c:1216:11:ENET_1588_Timer_IRQHandler	8	static
startup_mimxrt1052.c:1220:11:XBAR1_IRQ_0_1_IRQHandler	8	static
startup_mimxrt1052.c:1224:11:XBAR1_IRQ_2_3_IRQHandler	8	static
startup_mimxrt1052.c:1228:11:ADC_ETC_IRQ0_IRQHandler	8	static
startup_mimxrt1052.c:1232:11:ADC_ETC_IRQ1_IRQHandler	8	static
startup_mimxrt1052.c:1236:11:ADC_ETC_IRQ2_IRQHandler	8	static
startup_mimxrt1052.c:1240:11:ADC_ETC_ERROR_IRQ_IRQHandler	8	static
startup_mimxrt1052.c:1244:11:PIT_IRQHandler	8	static
startup_mimxrt1052.c:1248:11:ACMP1_IRQHandler	8	static
startup_mimxrt1052.c:1252:11:ACMP2_IRQHandler	8	static
startup_mimxrt1052.c:1256:11:ACMP3_IRQHandler	8	static
startup_mimxrt1052.c:1260:11:ACMP4_IRQHandler	8	static
startup_mimxrt1052.c:1264:11:Reserved143_IRQHandler	8	static
startup_mimxrt1052.c:1268:11:Reserved144_IRQHandler	8	static
startup_mimxrt1052.c:1272:11:ENC1_IRQHandler	8	static
startup_mimxrt1052.c:1276:11:ENC2_IRQHandler	8	static
startup_mimxrt1052.c:1280:11:ENC3_IRQHandler	8	static
startup_mimxrt1052.c:1284:11:ENC4_IRQHandler	8	static
startup_mimxrt1052.c:1288:11:TMR1_IRQHandler	8	static
startup_mimxrt1052.c:1292:11:TMR2_IRQHandler	8	static
startup_mimxrt1052.c:1296:11:TMR3_IRQHandler	8	static
startup_mimxrt1052.c:1300:11:TMR4_IRQHandler	8	static
startup_mimxrt1052.c:1304:11:PWM2_0_IRQHandler	8	static
startup_mimxrt1052.c:1308:11:PWM2_1_IRQHandler	8	static
startup_mimxrt1052.c:1312:11:PWM2_2_IRQHandler	8	static
startup_mimxrt1052.c:1316:11:PWM2_3_IRQHandler	8	static
startup_mimxrt1052.c:1320:11:PWM2_FAULT_IRQHandler	8	static
startup_mimxrt1052.c:1324:11:PWM3_0_IRQHandler	8	static
startup_mimxrt1052.c:1328:11:PWM3_1_IRQHandler	8	static
startup_mimxrt1052.c:1332:11:PWM3_2_IRQHandler	8	static
startup_mimxrt1052.c:1336:11:PWM3_3_IRQHandler	8	static
startup_mimxrt1052.c:1340:11:PWM3_FAULT_IRQHandler	8	static
startup_mimxrt1052.c:1344:11:PWM4_0_IRQHandler	8	static
startup_mimxrt1052.c:1348:11:PWM4_1_IRQHandler	8	static
startup_mimxrt1052.c:1352:11:PWM4_2_IRQHandler	8	static
startup_mimxrt1052.c:1356:11:PWM4_3_IRQHandler	8	static
startup_mimxrt1052.c:1360:11:PWM4_FAULT_IRQHandler	8	static
