core_cm7.h:1902:22:__NVIC_EnableIRQ	16	static
fsl_common.h:484:28:EnableIRQ	16	static
peripherals.c:94:13:LPUART8_init	8	static
peripherals.c:160:13:LPSPI3_init	8	static
peripherals.c:251:13:LPI2C1_init	8	static
peripherals.c:310:13:LPUART3_init	8	static
peripherals.c:399:13:LPI2C3_init	8	static
peripherals.c:458:13:LPUART2_init	8	static
peripherals.c:547:13:LPI2C2_init	8	static
peripherals.c:606:13:LPUART1_init	8	static
peripherals.c:613:6:BOARD_InitPeripherals	8	static
peripherals.c:629:6:BOARD_InitBootPeripherals	8	static
