peripherals.c:119:6:SEMC_1_init	8	static
peripherals.c:180:6:LPSPI_1_init	8	static
peripherals.c:237:6:LPUART_1_init	8	static
peripherals.c:294:6:LPUART_2_init	8	static
peripherals.c:351:6:LPUART_3_init	8	static
peripherals.c:437:6:LPI2C_1_init	8	static
peripherals.c:524:6:LPI2C_2_init	8	static
peripherals.c:582:6:LPUART_4_init	8	static
peripherals.c:668:6:LPI2C_3_init	8	static
peripherals.c:721:6:LPSPI_2_init	8	static
peripherals.c:728:6:BOARD_InitPeripherals	8	static
peripherals.c:746:6:BOARD_InitBootPeripherals	8	static
