fsl_clock.h:1007:24:CLOCK_GetOscFreq	4	static
fsl_clock.h:1106:24:CLOCK_GetRtcFreq	4	static
fsl_clock.h:1191:20:CLOCK_IsPllBypassed	16	static
fsl_clock.h:1205:20:CLOCK_IsPllEnabled	16	static
fsl_clock.h:1231:24:CLOCK_GetPllBypassRefClk	16	static
fsl_clock.c:79:17:CLOCK_GetPeriphClkFreq	16	static
fsl_clock.c:158:6:CLOCK_InitExternalClk	16	static
fsl_clock.c:182:6:CLOCK_DeinitExternalClk	4	static
fsl_clock.c:194:6:CLOCK_SwitchOsc	16	static
fsl_clock.c:209:6:CLOCK_InitRcOsc24M	4	static
fsl_clock.c:217:6:CLOCK_DeinitRcOsc24M	4	static
fsl_clock.c:227:10:CLOCK_GetAhbFreq	8	static
fsl_clock.c:237:10:CLOCK_GetSemcFreq	16	static
fsl_clock.c:271:10:CLOCK_GetIpgFreq	8	static
fsl_clock.c:281:10:CLOCK_GetPerClkFreq	16	static
fsl_clock.c:310:10:CLOCK_GetFreq	24	static
fsl_clock.c:400:6:CLOCK_EnableUsbhs0Clock	24	static
fsl_clock.c:425:6:CLOCK_EnableUsbhs0PhyPllClock	24	static
fsl_clock.c:449:6:CLOCK_DisableUsbhs0PhyPllClock	4	static
fsl_clock.c:462:6:CLOCK_InitSysPll	16	static
fsl_clock.c:492:6:CLOCK_DeinitSysPll	4	static
fsl_clock.c:504:6:CLOCK_InitUsb1Pll	16	static
fsl_clock.c:525:6:CLOCK_DeinitUsb1Pll	4	static
fsl_clock.c:537:6:CLOCK_InitAudioPll	24	static
fsl_clock.c:612:6:CLOCK_DeinitAudioPll	4	static
fsl_clock.c:624:6:CLOCK_InitEnetPll	24	static
fsl_clock.c:664:6:CLOCK_DeinitEnetPll	4	static
fsl_clock.c:677:10:CLOCK_GetPllFreq	56	static
fsl_clock.c:828:6:CLOCK_InitSysPfd	24	static
fsl_clock.c:851:6:CLOCK_DeinitSysPfd	16	static
fsl_clock.c:866:6:CLOCK_InitUsb1Pfd	24	static
fsl_clock.c:889:6:CLOCK_DeinitUsb1Pfd	16	static
fsl_clock.c:902:10:CLOCK_GetSysPfdFreq	24	static
fsl_clock.c:941:10:CLOCK_GetUsb1PfdFreq	24	static
