timers.c:226:12:xTimerCreateTimerTask	24	static
timers.c:281:16:xTimerCreate	40	static
timers.c:356:13:prvInitialiseNewTimer	32	static
timers.c:385:12:xTimerGenericCommand	48	static
timers.c:428:14:xTimerGetTimerDaemonTaskHandle	16	static
timers.c:437:12:xTimerGetPeriod	24	static
timers.c:446:12:xTimerGetExpiryTime	32	static
timers.c:457:14:pcTimerGetName	24	static
timers.c:466:13:prvProcessExpiredTimer	40	static
timers.c:506:13:prvTimerTask	24	static
timers.c:542:13:prvProcessTimerOrBlockTask	24	static
timers.c:602:19:prvGetNextExpireTime	24	static
timers.c:628:19:prvSampleTimeNow	24	static
timers.c:651:19:prvInsertTimerInActiveList	32	static
timers.c:692:13:prvProcessReceivedCommands	64	static
timers.c:839:13:prvSwitchTimerLists	40	static
timers.c:898:13:prvCheckForValidListAndQueue	8	static
timers.c:949:12:xTimerIsTimerActive	32	static
timers.c:977:7:pvTimerGetTimerID	32	static
timers.c:994:6:vTimerSetTimerID	24	static
timers.c:1010:13:xTimerPendFunctionCallFromISR	48	static
timers.c:1034:13:xTimerPendFunctionCall	48	static
timers.c:1063:14:uxTimerGetTimerNumber	16	static
timers.c:1073:7:vTimerSetTimerNumber	16	static
