main.c:77:5:main	8	static
main.c:145:13:determineMode_task	48	static
main.c:243:13:idleMode_task	16	static
main.c:258:13:safeMode_task	16	static
main.c:273:13:normalMode_task	16	static
main.c:287:13:checkSEN_task	32	static
main.c:308:13:checkIMG_task	32	static
main.c:328:13:checkGNC_task	32	static
main.c:349:13:checkCOM_task	32	static
main.c:370:13:checkEPS_task	32	static
main.c:389:13:checkOBC_task	32	static
main.c:411:13:debugGNC_task	16	static
main.c:433:13:debugCOM_task	16	static
main.c:446:13:debugEPS_task	16	static
main.c:459:13:debugOBC_task	16	static
main.c:472:13:debugSEN_task	16	static
main.c:485:13:debugIMG_task	16	static
