main.c:76:5:main	8	static
main.c:142:13:determineMode_task	56	static
main.c:240:13:idleMode_task	16	static
main.c:255:13:safeMode_task	16	static
main.c:270:13:normalMode_task	16	static
main.c:284:13:checkSEN_task	32	static
main.c:305:13:checkIMG_task	32	static
main.c:325:13:checkGNC_task	32	static
main.c:346:13:checkCOM_task	32	static
main.c:367:13:checkEPS_task	32	static
main.c:386:13:checkOBC_task	32	static
main.c:408:13:debugGNC_task	16	static
main.c:430:13:debugCOM_task	16	static
main.c:443:13:debugEPS_task	16	static
main.c:456:13:debugOBC_task	16	static
main.c:469:13:debugSEN_task	16	static
main.c:482:13:debugIMG_task	16	static
